../USB_DEVICE/Target/usbd_conf.c:69:6:HAL_PCD_MspInit	96	static
../USB_DEVICE/Target/usbd_conf.c:112:6:HAL_PCD_MspDeInit	16	static
../USB_DEVICE/Target/usbd_conf.c:145:6:HAL_PCD_SetupStageCallback	16	static
../USB_DEVICE/Target/usbd_conf.c:160:6:HAL_PCD_DataOutStageCallback	16	static
../USB_DEVICE/Target/usbd_conf.c:175:6:HAL_PCD_DataInStageCallback	16	static
../USB_DEVICE/Target/usbd_conf.c:189:6:HAL_PCD_SOFCallback	16	static
../USB_DEVICE/Target/usbd_conf.c:203:6:HAL_PCD_ResetCallback	24	static
../USB_DEVICE/Target/usbd_conf.c:228:6:HAL_PCD_SuspendCallback	16	static
../USB_DEVICE/Target/usbd_conf.c:252:6:HAL_PCD_ResumeCallback	16	static
../USB_DEVICE/Target/usbd_conf.c:276:6:HAL_PCD_ISOOUTIncompleteCallback	16	static
../USB_DEVICE/Target/usbd_conf.c:291:6:HAL_PCD_ISOINIncompleteCallback	16	static
../USB_DEVICE/Target/usbd_conf.c:305:6:HAL_PCD_ConnectCallback	16	static
../USB_DEVICE/Target/usbd_conf.c:319:6:HAL_PCD_DisconnectCallback	16	static
../USB_DEVICE/Target/usbd_conf.c:334:20:USBD_LL_Init	16	static
../USB_DEVICE/Target/usbd_conf.c:388:20:USBD_LL_DeInit	24	static
../USB_DEVICE/Target/usbd_conf.c:420:20:USBD_LL_Start	24	static
../USB_DEVICE/Target/usbd_conf.c:452:20:USBD_LL_Stop	24	static
../USB_DEVICE/Target/usbd_conf.c:487:20:USBD_LL_OpenEP	24	static
../USB_DEVICE/Target/usbd_conf.c:520:20:USBD_LL_CloseEP	24	static
../USB_DEVICE/Target/usbd_conf.c:553:20:USBD_LL_FlushEP	24	static
../USB_DEVICE/Target/usbd_conf.c:586:20:USBD_LL_StallEP	24	static
../USB_DEVICE/Target/usbd_conf.c:619:20:USBD_LL_ClearStallEP	24	static
../USB_DEVICE/Target/usbd_conf.c:652:9:USBD_LL_IsStallEP	24	static
../USB_DEVICE/Target/usbd_conf.c:672:20:USBD_LL_SetUSBAddress	24	static
../USB_DEVICE/Target/usbd_conf.c:707:20:USBD_LL_Transmit	32	static
../USB_DEVICE/Target/usbd_conf.c:742:20:USBD_LL_PrepareReceive	32	static
../USB_DEVICE/Target/usbd_conf.c:775:10:USBD_LL_GetRxDataSize	16	static
../USB_DEVICE/Target/usbd_conf.c:786:6:HAL_PCDEx_LPM_Callback	16	static
../USB_DEVICE/Target/usbd_conf.c:819:6:USBD_LL_Delay	16	static
../USB_DEVICE/Target/usbd_conf.c:829:7:USBD_static_malloc	16	static
../USB_DEVICE/Target/usbd_conf.c:840:6:USBD_static_free	16	static
../USB_DEVICE/Target/usbd_conf.c:851:13:SystemClockConfig_Resume	8	static
