Archive member included to satisfy reference by file (symbol)

C:/ST/STM32CubeIDE_1.14.1/STM32CubeIDE/plugins/com.st.stm32cube.ide.mcu.externaltools.gnu-tools-for-stm32.11.3.rel1.win32_1.1.100.202309141235/tools/bin/../lib/gcc/arm-none-eabi/11.3.1/../../../../arm-none-eabi/lib/thumb/v7e-m+fp/hard\libc_nano.a(libc_a-exit.o)
                              C:/ST/STM32CubeIDE_1.14.1/STM32CubeIDE/plugins/com.st.stm32cube.ide.mcu.externaltools.gnu-tools-for-stm32.11.3.rel1.win32_1.1.100.202309141235/tools/bin/../lib/gcc/arm-none-eabi/11.3.1/../../../../arm-none-eabi/lib/thumb/v7e-m+fp/hard/crt0.o (exit)
C:/ST/STM32CubeIDE_1.14.1/STM32CubeIDE/plugins/com.st.stm32cube.ide.mcu.externaltools.gnu-tools-for-stm32.11.3.rel1.win32_1.1.100.202309141235/tools/bin/../lib/gcc/arm-none-eabi/11.3.1/../../../../arm-none-eabi/lib/thumb/v7e-m+fp/hard\libc_nano.a(libc_a-findfp.o)
                              C:/ST/STM32CubeIDE_1.14.1/STM32CubeIDE/plugins/com.st.stm32cube.ide.mcu.externaltools.gnu-tools-for-stm32.11.3.rel1.win32_1.1.100.202309141235/tools/bin/../lib/gcc/arm-none-eabi/11.3.1/../../../../arm-none-eabi/lib/thumb/v7e-m+fp/hard\libc_nano.a(libc_a-exit.o) (__stdio_exit_handler)
C:/ST/STM32CubeIDE_1.14.1/STM32CubeIDE/plugins/com.st.stm32cube.ide.mcu.externaltools.gnu-tools-for-stm32.11.3.rel1.win32_1.1.100.202309141235/tools/bin/../lib/gcc/arm-none-eabi/11.3.1/../../../../arm-none-eabi/lib/thumb/v7e-m+fp/hard\libc_nano.a(libc_a-fwalk.o)
                              C:/ST/STM32CubeIDE_1.14.1/STM32CubeIDE/plugins/com.st.stm32cube.ide.mcu.externaltools.gnu-tools-for-stm32.11.3.rel1.win32_1.1.100.202309141235/tools/bin/../lib/gcc/arm-none-eabi/11.3.1/../../../../arm-none-eabi/lib/thumb/v7e-m+fp/hard\libc_nano.a(libc_a-findfp.o) (_fwalk_sglue)
C:/ST/STM32CubeIDE_1.14.1/STM32CubeIDE/plugins/com.st.stm32cube.ide.mcu.externaltools.gnu-tools-for-stm32.11.3.rel1.win32_1.1.100.202309141235/tools/bin/../lib/gcc/arm-none-eabi/11.3.1/../../../../arm-none-eabi/lib/thumb/v7e-m+fp/hard\libc_nano.a(libc_a-stdio.o)
                              C:/ST/STM32CubeIDE_1.14.1/STM32CubeIDE/plugins/com.st.stm32cube.ide.mcu.externaltools.gnu-tools-for-stm32.11.3.rel1.win32_1.1.100.202309141235/tools/bin/../lib/gcc/arm-none-eabi/11.3.1/../../../../arm-none-eabi/lib/thumb/v7e-m+fp/hard\libc_nano.a(libc_a-findfp.o) (__sread)
C:/ST/STM32CubeIDE_1.14.1/STM32CubeIDE/plugins/com.st.stm32cube.ide.mcu.externaltools.gnu-tools-for-stm32.11.3.rel1.win32_1.1.100.202309141235/tools/bin/../lib/gcc/arm-none-eabi/11.3.1/../../../../arm-none-eabi/lib/thumb/v7e-m+fp/hard\libc_nano.a(libc_a-memset.o)
                              C:/ST/STM32CubeIDE_1.14.1/STM32CubeIDE/plugins/com.st.stm32cube.ide.mcu.externaltools.gnu-tools-for-stm32.11.3.rel1.win32_1.1.100.202309141235/tools/bin/../lib/gcc/arm-none-eabi/11.3.1/../../../../arm-none-eabi/lib/thumb/v7e-m+fp/hard/crt0.o (memset)
C:/ST/STM32CubeIDE_1.14.1/STM32CubeIDE/plugins/com.st.stm32cube.ide.mcu.externaltools.gnu-tools-for-stm32.11.3.rel1.win32_1.1.100.202309141235/tools/bin/../lib/gcc/arm-none-eabi/11.3.1/../../../../arm-none-eabi/lib/thumb/v7e-m+fp/hard\libc_nano.a(libc_a-strncmp.o)
                              ./Core/Src/main.o (strncmp)
C:/ST/STM32CubeIDE_1.14.1/STM32CubeIDE/plugins/com.st.stm32cube.ide.mcu.externaltools.gnu-tools-for-stm32.11.3.rel1.win32_1.1.100.202309141235/tools/bin/../lib/gcc/arm-none-eabi/11.3.1/../../../../arm-none-eabi/lib/thumb/v7e-m+fp/hard\libc_nano.a(libc_a-strncpy.o)
                              ./Core/Src/main.o (strncpy)
C:/ST/STM32CubeIDE_1.14.1/STM32CubeIDE/plugins/com.st.stm32cube.ide.mcu.externaltools.gnu-tools-for-stm32.11.3.rel1.win32_1.1.100.202309141235/tools/bin/../lib/gcc/arm-none-eabi/11.3.1/../../../../arm-none-eabi/lib/thumb/v7e-m+fp/hard\libc_nano.a(libc_a-closer.o)
                              C:/ST/STM32CubeIDE_1.14.1/STM32CubeIDE/plugins/com.st.stm32cube.ide.mcu.externaltools.gnu-tools-for-stm32.11.3.rel1.win32_1.1.100.202309141235/tools/bin/../lib/gcc/arm-none-eabi/11.3.1/../../../../arm-none-eabi/lib/thumb/v7e-m+fp/hard\libc_nano.a(libc_a-stdio.o) (_close_r)
C:/ST/STM32CubeIDE_1.14.1/STM32CubeIDE/plugins/com.st.stm32cube.ide.mcu.externaltools.gnu-tools-for-stm32.11.3.rel1.win32_1.1.100.202309141235/tools/bin/../lib/gcc/arm-none-eabi/11.3.1/../../../../arm-none-eabi/lib/thumb/v7e-m+fp/hard\libc_nano.a(libc_a-reent.o)
                              C:/ST/STM32CubeIDE_1.14.1/STM32CubeIDE/plugins/com.st.stm32cube.ide.mcu.externaltools.gnu-tools-for-stm32.11.3.rel1.win32_1.1.100.202309141235/tools/bin/../lib/gcc/arm-none-eabi/11.3.1/../../../../arm-none-eabi/lib/thumb/v7e-m+fp/hard\libc_nano.a(libc_a-closer.o) (errno)
C:/ST/STM32CubeIDE_1.14.1/STM32CubeIDE/plugins/com.st.stm32cube.ide.mcu.externaltools.gnu-tools-for-stm32.11.3.rel1.win32_1.1.100.202309141235/tools/bin/../lib/gcc/arm-none-eabi/11.3.1/../../../../arm-none-eabi/lib/thumb/v7e-m+fp/hard\libc_nano.a(libc_a-impure.o)
[...]
Memory Configuration

Name             Origin             Length             Attributes
RAM              0x0000000020000000 0x000000000000a000 xrw
RAM2             0x0000000010000000 0x0000000000002000 xrw
FLASH            0x0000000008000000 0x0000000000010000 xr
*default*        0x0000000000000000 0xffffffffffffffff

Linker script and memory map

LOAD C:/ST/STM32CubeIDE_1.14.1/STM32CubeIDE/plugins/com.st.stm32cube.ide.mcu.externaltools.gnu-tools-for-stm32.11.3.rel1.win32_1.1.100.202309141235/tools/bin/../lib/gcc/arm-none-eabi/11.3.1/thumb/v7e-m+fp/hard/crti.o
LOAD C:/ST/STM32CubeIDE_1.14.1/STM32CubeIDE/plugins/com.st.stm32cube.ide.mcu.externaltools.gnu-tools-for-stm32.11.3.rel1.win32_1.1.100.202309141235/tools/bin/../lib/gcc/arm-none-eabi/11.3.1/thumb/v7e-m+fp/hard/crtbegin.o
LOAD C:/ST/STM32CubeIDE_1.14.1/STM32CubeIDE/plugins/com.st.stm32cube.ide.mcu.externaltools.gnu-tools-for-stm32.11.3.rel1.win32_1.1.100.202309141235/tools/bin/../lib/gcc/arm-none-eabi/11.3.1/../../../../arm-none-eabi/lib/thumb/v7e-m+fp/hard/crt0.o
LOAD ./Core/Src/main.o
LOAD ./Core/Src/stm32l4xx_hal_msp.o
LOAD ./Core/Src/stm32l4xx_it.o
LOAD ./Core/Src/syscalls.o
LOAD ./Core/Src/sysmem.o
LOAD ./Core/Src/system_stm32l4xx.o
LOAD ./Core/Startup/startup_stm32l412k8ux.o
LOAD ./Drivers/STM32L4xx_HAL_Driver/Src/stm32l4xx_hal.o
LOAD ./Drivers/STM32L4xx_HAL_Driver/Src/stm32l4xx_hal_adc.o
LOAD ./Drivers/STM32L4xx_HAL_Driver/Src/stm32l4xx_hal_adc_ex.o
LOAD ./Drivers/STM32L4xx_HAL_Driver/Src/stm32l4xx_hal_cortex.o
LOAD ./Drivers/STM32L4xx_HAL_Driver/Src/stm32l4xx_hal_dma.o
LOAD ./Drivers/STM32L4xx_HAL_Driver/Src/stm32l4xx_hal_dma_ex.o
LOAD ./Drivers/STM32L4xx_HAL_Driver/Src/stm32l4xx_hal_exti.o
LOAD ./Drivers/STM32L4xx_HAL_Driver/Src/stm32l4xx_hal_flash.o
LOAD ./Drivers/STM32L4xx_HAL_Driver/Src/stm32l4xx_hal_flash_ex.o
LOAD ./Drivers/STM32L4xx_HAL_Driver/Src/stm32l4xx_hal_flash_ramfunc.o
LOAD ./Drivers/STM32L4xx_HAL_Driver/Src/stm32l4xx_hal_gpio.o
LOAD ./Drivers/STM32L4xx_HAL_Driver/Src/stm32l4xx_hal_i2c.o
LOAD ./Drivers/STM32L4xx_HAL_Driver/Src/stm32l4xx_hal_i2c_ex.o
LOAD ./Drivers/STM32L4xx_HAL_Driver/Src/stm32l4xx_hal_pcd.o
LOAD ./Drivers/STM32L4xx_HAL_Driver/Src/stm32l4xx_hal_pcd_ex.o
LOAD ./Drivers/STM32L4xx_HAL_Driver/Src/stm32l4xx_hal_pwr.o
LOAD ./Drivers/STM32L4xx_HAL_Driver/Src/stm32l4xx_hal_pwr_ex.o
LOAD ./Drivers/STM32L4xx_HAL_Driver/Src/stm32l4xx_hal_rcc.o
LOAD ./Drivers/STM32L4xx_HAL_Driver/Src/stm32l4xx_hal_rcc_ex.o
LOAD ./Drivers/STM32L4xx_HAL_Driver/Src/stm32l4xx_hal_spi.o
LOAD ./Drivers/STM32L4xx_HAL_Driver/Src/stm32l4xx_hal_spi_ex.o
LOAD ./Drivers/STM32L4xx_HAL_Driver/Src/stm32l4xx_hal_tim.o
LOAD ./Drivers/STM32L4xx_HAL_Driver/Src/stm32l4xx_hal_tim_ex.o
LOAD ./Drivers/STM32L4xx_HAL_Driver/Src/stm32l4xx_hal_uart.o
LOAD ./Drivers/STM32L4xx_HAL_Driver/Src/stm32l4xx_hal_uart_ex.o
LOAD ./Drivers/STM32L4xx_HAL_Driver/Src/stm32l4xx_ll_usb.o
LOAD ./Middlewares/ST/STM32_USB_Device_Library/Class/CDC/Src/usbd_cdc.o
LOAD ./Middlewares/ST/STM32_USB_Device_Library/Core/Src/usbd_core.o
LOAD ./Middlewares/ST/STM32_USB_Device_Library/Core/Src/usbd_ctlreq.o
LOAD ./Middlewares/ST/STM32_USB_Device_Library/Core/Src/usbd_ioreq.o
LOAD ./USB_DEVICE/App/usb_device.o
LOAD ./USB_DEVICE/App/usbd_cdc_if.o
LOAD ./USB_DEVICE/App/usbd_desc.o
LOAD ./USB_DEVICE/Target/usbd_conf.o
START GROUP
LOAD C:/ST/STM32CubeIDE_1.14.1/STM32CubeIDE/plugins/com.st.stm32cube.ide.mcu.externaltools.gnu-tools-for-stm32.11.3.rel1.win32_1.1.100.202309141235/tools/bin/../lib/gcc/arm-none-eabi/11.3.1/../../../../arm-none-eabi/lib/thumb/v7e-m+fp/hard\libc_nano.a
LOAD C:/ST/STM32CubeIDE_1.14.1/STM32CubeIDE/plugins/com.st.stm32cube.ide.mcu.externaltools.gnu-tools-for-stm32.11.3.rel1.win32_1.1.100.202309141235/tools/bin/../lib/gcc/arm-none-eabi/11.3.1/../../../../arm-none-eabi/lib/thumb/v7e-m+fp/hard\libm.a
END GROUP
START GROUP
LOAD C:/ST/STM32CubeIDE_1.14.1/STM32CubeIDE/plugins/com.st.stm32cube.ide.mcu.externaltools.gnu-tools-for-stm32.11.3.rel1.win32_1.1.100.202309141235/tools/bin/../lib/gcc/arm-none-eabi/11.3.1/thumb/v7e-m+fp/hard\libgcc.a
LOAD C:/ST/STM32CubeIDE_1.14.1/STM32CubeIDE/plugins/com.st.stm32cube.ide.mcu.externaltools.gnu-tools-for-stm32.11.3.rel1.win32_1.1.100.202309141235/tools/bin/../lib/gcc/arm-none-eabi/11.3.1/../../../../arm-none-eabi/lib/thumb/v7e-m+fp/hard\libc_nano.a
END GROUP
START GROUP
LOAD C:/ST/STM32CubeIDE_1.14.1/STM32CubeIDE/plugins/com.st.stm32cube.ide.mcu.externaltools.gnu-tools-for-stm32.11.3.rel1.win32_1.1.100.202309141235/tools/bin/../lib/gcc/arm-none-eabi/11.3.1/thumb/v7e-m+fp/hard\libgcc.a
LOAD C:/ST/STM32CubeIDE_1.14.1/STM32CubeIDE/plugins/com.st.stm32cube.ide.mcu.externaltools.gnu-tools-for-stm32.11.3.rel1.win32_1.1.100.202309141235/tools/bin/../lib/gcc/arm-none-eabi/11.3.1/../../../../arm-none-eabi/lib/thumb/v7e-m+fp/hard\libc_nano.a
LOAD C:/ST/STM32CubeIDE_1.14.1/STM32CubeIDE/plugins/com.st.stm32cube.ide.mcu.externaltools.gnu-tools-for-stm32.11.3.rel1.win32_1.1.100.202309141235/tools/bin/../lib/gcc/arm-none-eabi/11.3.1/../../../../arm-none-eabi/lib/thumb/v7e-m+fp/hard\libnosys.a
END GROUP
START GROUP
LOAD C:/ST/STM32CubeIDE_1.14.1/STM32CubeIDE/plugins/com.st.stm32cube.ide.mcu.externaltools.gnu-tools-for-stm32.11.3.rel1.win32_1.1.100.202309141235/tools/bin/../lib/gcc/arm-none-eabi/11.3.1/thumb/v7e-m+fp/hard\libgcc.a
LOAD C:/ST/STM32CubeIDE_1.14.1/STM32CubeIDE/plugins/com.st.stm32cube.ide.mcu.externaltools.gnu-tools-for-stm32.11.3.rel1.win32_1.1.100.202309141235/tools/bin/../lib/gcc/arm-none-eabi/11.3.1/../../../../arm-none-eabi/lib/thumb/v7e-m+fp/hard\libc_nano.a
LOAD C:/ST/STM32CubeIDE_1.14.1/STM32CubeIDE/plugins/com.st.stm32cube.ide.mcu.externaltools.gnu-tools-for-stm32.11.3.rel1.win32_1.1.100.202309141235/tools/bin/../lib/gcc/arm-none-eabi/11.3.1/../../../../arm-none-eabi/lib/thumb/v7e-m+fp/hard\libnosys.a
END GROUP
LOAD C:/ST/STM32CubeIDE_1.14.1/STM32CubeIDE/plugins/com.st.stm32cube.ide.mcu.externaltools.gnu-tools-for-stm32.11.3.rel1.win32_1.1.100.202309141235/tools/bin/../lib/gcc/arm-none-eabi/11.3.1/thumb/v7e-m+fp/hard/crtend.o
LOAD C:/ST/STM32CubeIDE_1.14.1/STM32CubeIDE/plugins/com.st.stm32cube.ide.mcu.externaltools.gnu-tools-for-stm32.11.3.rel1.win32_1.1.100.202309141235/tools/bin/../lib/gcc/arm-none-eabi/11.3.1/thumb/v7e-m+fp/hard/crtn.o
                0x000000002000a000                _estack = (ORIGIN (RAM) + LENGTH (RAM))
                0x0000000000000200                _Min_Heap_Size = 0x200
                0x0000000000000400                _Min_Stack_Size = 0x400

.isr_vector     0x0000000008000000      0x18c
                0x0000000008000000                . = ALIGN (0x4)
 *(.isr_vector)
 .isr_vector    0x0000000008000000      0x18c ./Core/Startup/startup_stm32l412k8ux.o
                0x0000000008000000                g_pfnVectors
                0x000000000800018c                . = ALIGN (0x4)

.text           0x000000000800018c     0xc3b0
                0x000000000800018c                . = ALIGN (0x4)
 *(.text)
 .text          0x000000000800018c       0x40 C:/ST/STM32CubeIDE_1.14.1/STM32CubeIDE/plugins/com.st.stm32cube.ide.mcu.externaltools.gnu-tools-for-stm32.11.3.rel1.win32_1.1.100.202309141235/tools/bin/../lib/gcc/arm-none-eabi/11.3.1/thumb/v7e-m+fp/hard/crtbegin.o
 .text          0x00000000080001cc       0x30 C:/ST/STM32CubeIDE_1.14.1/STM32CubeIDE/plugins/com.st.stm32cube.ide.mcu.externaltools.gnu-tools-for-stm32.11.3.rel1.win32_1.1.100.202309141235/tools/bin/../lib/gcc/arm-none-eabi/11.3.1/thumb/v7e-m+fp/hard\libgcc.a(_aeabi_uldivmod.o)
                0x00000000080001cc                __aeabi_uldivmod
 .text          0x00000000080001fc      0x2c8 C:/ST/STM32CubeIDE_1.14.1/STM32CubeIDE/plugins/com.st.stm32cube.ide.mcu.externaltools.gnu-tools-for-stm32.11.3.rel1.win32_1.1.100.202309141235/tools/bin/../lib/gcc/arm-none-eabi/11.3.1/thumb/v7e-m+fp/hard\libgcc.a(_udivmoddi4.o)
                0x00000000080001fc                __udivmoddi4
 .text          0x00000000080004c4        0x4 C:/ST/STM32CubeIDE_1.14.1/STM32CubeIDE/plugins/com.st.stm32cube.ide.mcu.externaltools.gnu-tools-for-stm32.11.3.rel1.win32_1.1.100.202309141235/tools/bin/../lib/gcc/arm-none-eabi/11.3.1/thumb/v7e-m+fp/hard\libgcc.a(_dvmd_tls.o)
                0x00000000080004c4                __aeabi_idiv0
                0x00000000080004c4                __aeabi_ldiv0
 *(.text*)
 .text.__NVIC_SystemReset
                0x00000000080004c8       0x2c ./Core/Src/main.o
 .text.CDC_FS_RxDataReady_Callback
                0x00000000080004f4      0x11c ./Core/Src/main.o
                0x00000000080004f4                CDC_FS_RxDataReady_Callback
 .text.USB_Rx_Parser
                0x0000000008000610      0x498 ./Core/Src/main.o
                0x0000000008000610                USB_Rx_Parser
 .text.USB_CDC_TransmitPredefinedMessage
                0x0000000008000aa8      0x168 ./Core/Src/main.o
                0x0000000008000aa8                USB_CDC_TransmitPredefinedMessage
 .text.Si4468_CmdTransmitReceive
                0x0000000008000c10       0x5c ./Core/Src/main.o
                0x0000000008000c10                Si4468_CmdTransmitReceive
 .text.Si4468_CmdTransmit
                0x0000000008000c6c       0x54 ./Core/Src/main.o
                0x0000000008000c6c                Si4468_CmdTransmit
 .text.Si4468_CmdReadCmdReplyWhenReady
                0x0000000008000cc0       0x8c ./Core/Src/main.o
                0x0000000008000cc0                Si4468_CmdReadCmdReplyWhenReady
 .text.Si4468_WaitForCTS
                0x0000000008000d4c       0x2c ./Core/Src/main.o
                0x0000000008000d4c                Si4468_WaitForCTS
 .text.main     0x0000000008000d78      0x424 ./Core/Src/main.o
                0x0000000008000d78                main
 .text.SystemClock_Config
                0x000000000800119c       0xaa ./Core/Src/main.o
                0x000000000800119c                SystemClock_Config
 *fill*         0x0000000008001246        0x2 
 .text.MX_ADC1_Init
                0x0000000008001248       0xec ./Core/Src/main.o
 .text.MX_LPUART1_UART_Init
                0x0000000008001334       0x64 ./Core/Src/main.o
 .text.MX_SPI1_Init
                0x0000000008001398       0x7c ./Core/Src/main.o
 .text.MX_GPIO_Init
                0x0000000008001414      0x14c ./Core/Src/main.o
 .text.Error_Handler
                0x0000000008001560        0xa ./Core/Src/main.o
                0x0000000008001560                Error_Handler
 *fill*         0x000000000800156a        0x2 
 .text.HAL_MspInit
                0x000000000800156c       0x48 ./Core/Src/stm32l4xx_hal_msp.o
                0x000000000800156c                HAL_MspInit
 .text.HAL_ADC_MspInit
                0x00000000080015b4       0x7c ./Core/Src/stm32l4xx_hal_msp.o
                0x00000000080015b4                HAL_ADC_MspInit
 .text.HAL_UART_MspInit
                0x0000000008001630       0xec ./Core/Src/stm32l4xx_hal_msp.o
                0x0000000008001630                HAL_UART_MspInit
 .text.HAL_SPI_MspInit
                0x000000000800171c       0x88 ./Core/Src/stm32l4xx_hal_msp.o
                0x000000000800171c                HAL_SPI_MspInit
 .text.NMI_Handler
                0x00000000080017a4        0x6 ./Core/Src/stm32l4xx_it.o
                0x00000000080017a4                NMI_Handler
 .text.HardFault_Handler
                0x00000000080017aa        0x6 ./Core/Src/stm32l4xx_it.o
                0x00000000080017aa                HardFault_Handler
 .text.MemManage_Handler
                0x00000000080017b0        0x6 ./Core/Src/stm32l4xx_it.o
                0x00000000080017b0                MemManage_Handler
 .text.BusFault_Handler
                0x00000000080017b6        0x6 ./Core/Src/stm32l4xx_it.o
                0x00000000080017b6                BusFault_Handler
 .text.UsageFault_Handler
                0x00000000080017bc        0x6 ./Core/Src/stm32l4xx_it.o
                0x00000000080017bc                UsageFault_Handler
 .text.SVC_Handler
                0x00000000080017c2        0xe ./Core/Src/stm32l4xx_it.o
                0x00000000080017c2                SVC_Handler
 .text.DebugMon_Handler
                0x00000000080017d0        0xe ./Core/Src/stm32l4xx_it.o
                0x00000000080017d0                DebugMon_Handler
 .text.PendSV_Handler
                0x00000000080017de        0xe ./Core/Src/stm32l4xx_it.o
                0x00000000080017de                PendSV_Handler
 .text.SysTick_Handler
                0x00000000080017ec        0xc ./Core/Src/stm32l4xx_it.o
                0x00000000080017ec                SysTick_Handler
 .text.USB_IRQHandler
                0x00000000080017f8       0x14 ./Core/Src/stm32l4xx_it.o
                0x00000000080017f8                USB_IRQHandler
 .text.SystemInit
                0x000000000800180c       0x24 ./Core/Src/system_stm32l4xx.o
                0x000000000800180c                SystemInit
 .text.Reset_Handler
                0x0000000008001830       0x50 ./Core/Startup/startup_stm32l412k8ux.o
                0x0000000008001830                Reset_Handler
 .text.Default_Handler
                0x0000000008001880        0x2 ./Core/Startup/startup_stm32l412k8ux.o
                0x0000000008001880                RTC_Alarm_IRQHandler
                0x0000000008001880                EXTI2_IRQHandler
                0x0000000008001880                TIM1_CC_IRQHandler
                0x0000000008001880                TSC_IRQHandler
                0x0000000008001880                TIM6_IRQHandler
                0x0000000008001880                TAMP_STAMP_IRQHandler
                0x0000000008001880                EXTI3_IRQHandler
                0x0000000008001880                LPTIM2_IRQHandler
                0x0000000008001880                I2C3_ER_IRQHandler
                0x0000000008001880                EXTI0_IRQHandler
                0x0000000008001880                I2C2_EV_IRQHandler
                0x0000000008001880                FPU_IRQHandler
                0x0000000008001880                TIM1_UP_TIM16_IRQHandler
                0x0000000008001880                ADC1_2_IRQHandler
                0x0000000008001880                SPI1_IRQHandler
                0x0000000008001880                DMA2_Channel2_IRQHandler
                0x0000000008001880                DMA1_Channel4_IRQHandler
                0x0000000008001880                USART3_IRQHandler
                0x0000000008001880                DMA1_Channel7_IRQHandler
                0x0000000008001880                DMA2_Channel1_IRQHandler
                0x0000000008001880                QUADSPI_IRQHandler
                0x0000000008001880                I2C1_EV_IRQHandler
                0x0000000008001880                DMA1_Channel6_IRQHandler
                0x0000000008001880                DMA2_Channel4_IRQHandler
                0x0000000008001880                RCC_IRQHandler
                0x0000000008001880                TIM1_TRG_COM_IRQHandler
                0x0000000008001880                DMA1_Channel1_IRQHandler
                0x0000000008001880                Default_Handler
                0x0000000008001880                DMA2_Channel7_IRQHandler
                0x0000000008001880                EXTI15_10_IRQHandler
                0x0000000008001880                I2C3_EV_IRQHandler
                0x0000000008001880                EXTI9_5_IRQHandler
                0x0000000008001880                RTC_WKUP_IRQHandler
                0x0000000008001880                PVD_PVM_IRQHandler
                0x0000000008001880                SPI2_IRQHandler
                0x0000000008001880                DMA2_Channel5_IRQHandler
                0x0000000008001880                CRS_IRQHandler
                0x0000000008001880                DMA1_Channel5_IRQHandler
                0x0000000008001880                EXTI4_IRQHandler
                0x0000000008001880                RNG_IRQHandler
                0x0000000008001880                DMA1_Channel3_IRQHandler
                0x0000000008001880                COMP_IRQHandler
                0x0000000008001880                WWDG_IRQHandler
                0x0000000008001880                LPUART1_IRQHandler
                0x0000000008001880                DMA2_Channel6_IRQHandler
                0x0000000008001880                TIM2_IRQHandler
                0x0000000008001880                EXTI1_IRQHandler
                0x0000000008001880                USART2_IRQHandler
                0x0000000008001880                I2C2_ER_IRQHandler
                0x0000000008001880                DMA1_Channel2_IRQHandler
                0x0000000008001880                FLASH_IRQHandler
                0x0000000008001880                USART1_IRQHandler
                0x0000000008001880                I2C1_ER_IRQHandler
                0x0000000008001880                LPTIM1_IRQHandler
                0x0000000008001880                DMA2_Channel3_IRQHandler
                0x0000000008001880                TIM1_BRK_TIM15_IRQHandler
 .text.HAL_Init
                0x0000000008001882       0x30 ./Drivers/STM32L4xx_HAL_Driver/Src/stm32l4xx_hal.o
                0x0000000008001882                HAL_Init
 *fill*         0x00000000080018b2        0x2 
 .text.HAL_InitTick
                0x00000000080018b4       0x78 ./Drivers/STM32L4xx_HAL_Driver/Src/stm32l4xx_hal.o
                0x00000000080018b4                HAL_InitTick
 .text.HAL_IncTick
                0x000000000800192c       0x28 ./Drivers/STM32L4xx_HAL_Driver/Src/stm32l4xx_hal.o
                0x000000000800192c                HAL_IncTick
 .text.HAL_GetTick
                0x0000000008001954       0x18 ./Drivers/STM32L4xx_HAL_Driver/Src/stm32l4xx_hal.o
                0x0000000008001954                HAL_GetTick
 .text.HAL_Delay
                0x000000000800196c       0x48 ./Drivers/STM32L4xx_HAL_Driver/Src/stm32l4xx_hal.o
                0x000000000800196c                HAL_Delay
 .text.LL_ADC_SetCommonClock
                0x00000000080019b4       0x26 ./Drivers/STM32L4xx_HAL_Driver/Src/stm32l4xx_hal_adc.o
 .text.LL_ADC_SetCommonPathInternalCh
                0x00000000080019da       0x26 ./Drivers/STM32L4xx_HAL_Driver/Src/stm32l4xx_hal_adc.o
 .text.LL_ADC_GetCommonPathInternalCh
                0x0000000008001a00       0x1c ./Drivers/STM32L4xx_HAL_Driver/Src/stm32l4xx_hal_adc.o
 .text.LL_ADC_SetOffset
                0x0000000008001a1c       0x48 ./Drivers/STM32L4xx_HAL_Driver/Src/stm32l4xx_hal_adc.o
 .text.LL_ADC_GetOffsetChannel
                0x0000000008001a64       0x2c ./Drivers/STM32L4xx_HAL_Driver/Src/stm32l4xx_hal_adc.o
 .text.LL_ADC_SetOffsetState
                0x0000000008001a90       0x36 ./Drivers/STM32L4xx_HAL_Driver/Src/stm32l4xx_hal_adc.o
 .text.LL_ADC_SetSamplingTimeCommonConfig
                0x0000000008001ac6       0x26 ./Drivers/STM32L4xx_HAL_Driver/Src/stm32l4xx_hal_adc.o
 .text.LL_ADC_REG_SetSequencerRanks
                0x0000000008001aec       0x58 ./Drivers/STM32L4xx_HAL_Driver/Src/stm32l4xx_hal_adc.o
 .text.LL_ADC_SetChannelSamplingTime
                0x0000000008001b44       0x56 ./Drivers/STM32L4xx_HAL_Driver/Src/stm32l4xx_hal_adc.o
 *fill*         0x0000000008001b9a        0x2 
 .text.LL_ADC_SetChannelSingleDiff
                0x0000000008001b9c       0x48 ./Drivers/STM32L4xx_HAL_Driver/Src/stm32l4xx_hal_adc.o
 .text.LL_ADC_DisableDeepPowerDown
                0x0000000008001be4       0x24 ./Drivers/STM32L4xx_HAL_Driver/Src/stm32l4xx_hal_adc.o
 .text.LL_ADC_IsDeepPowerDownEnabled
                0x0000000008001c08       0x28 ./Drivers/STM32L4xx_HAL_Driver/Src/stm32l4xx_hal_adc.o
 .text.LL_ADC_EnableInternalRegulator
                0x0000000008001c30       0x28 ./Drivers/STM32L4xx_HAL_Driver/Src/stm32l4xx_hal_adc.o
 .text.LL_ADC_IsInternalRegulatorEnabled
                0x0000000008001c58       0x28 ./Drivers/STM32L4xx_HAL_Driver/Src/stm32l4xx_hal_adc.o
 .text.LL_ADC_IsEnabled
                0x0000000008001c80       0x26 ./Drivers/STM32L4xx_HAL_Driver/Src/stm32l4xx_hal_adc.o
 .text.LL_ADC_REG_IsConversionOngoing
                0x0000000008001ca6       0x26 ./Drivers/STM32L4xx_HAL_Driver/Src/stm32l4xx_hal_adc.o
 .text.LL_ADC_INJ_IsConversionOngoing
                0x0000000008001ccc       0x26 ./Drivers/STM32L4xx_HAL_Driver/Src/stm32l4xx_hal_adc.o
 *fill*         0x0000000008001cf2        0x2 
 .text.HAL_ADC_Init
                0x0000000008001cf4      0x294 ./Drivers/STM32L4xx_HAL_Driver/Src/stm32l4xx_hal_adc.o
                0x0000000008001cf4                HAL_ADC_Init
 .text.HAL_ADC_ConfigChannel
                0x0000000008001f88      0x7f8 ./Drivers/STM32L4xx_HAL_Driver/Src/stm32l4xx_hal_adc.o
                0x0000000008001f88                HAL_ADC_ConfigChannel
 .text.LL_ADC_IsEnabled
                0x0000000008002780       0x26 ./Drivers/STM32L4xx_HAL_Driver/Src/stm32l4xx_hal_adc_ex.o
 .text.LL_ADC_REG_IsConversionOngoing
                0x00000000080027a6       0x26 ./Drivers/STM32L4xx_HAL_Driver/Src/stm32l4xx_hal_adc_ex.o
 .text.HAL_ADCEx_MultiModeConfigChannel
                0x00000000080027cc      0x148 ./Drivers/STM32L4xx_HAL_Driver/Src/stm32l4xx_hal_adc_ex.o
                0x00000000080027cc                HAL_ADCEx_MultiModeConfigChannel
 .text.__NVIC_SetPriorityGrouping
                0x0000000008002914       0x48 ./Drivers/STM32L4xx_HAL_Driver/Src/stm32l4xx_hal_cortex.o
 .text.__NVIC_GetPriorityGrouping
                0x000000000800295c       0x1c ./Drivers/STM32L4xx_HAL_Driver/Src/stm32l4xx_hal_cortex.o
 .text.__NVIC_EnableIRQ
                0x0000000008002978       0x3c ./Drivers/STM32L4xx_HAL_Driver/Src/stm32l4xx_hal_cortex.o
 .text.__NVIC_SetPriority
                0x00000000080029b4       0x54 ./Drivers/STM32L4xx_HAL_Driver/Src/stm32l4xx_hal_cortex.o
 .text.NVIC_EncodePriority
                0x0000000008002a08       0x66 ./Drivers/STM32L4xx_HAL_Driver/Src/stm32l4xx_hal_cortex.o
 *fill*         0x0000000008002a6e        0x2 
 .text.SysTick_Config
                0x0000000008002a70       0x44 ./Drivers/STM32L4xx_HAL_Driver/Src/stm32l4xx_hal_cortex.o
 .text.HAL_NVIC_SetPriorityGrouping
                0x0000000008002ab4       0x16 ./Drivers/STM32L4xx_HAL_Driver/Src/stm32l4xx_hal_cortex.o
                0x0000000008002ab4                HAL_NVIC_SetPriorityGrouping
 .text.HAL_NVIC_SetPriority
                0x0000000008002aca       0x38 ./Drivers/STM32L4xx_HAL_Driver/Src/stm32l4xx_hal_cortex.o
                0x0000000008002aca                HAL_NVIC_SetPriority
 .text.HAL_NVIC_EnableIRQ
                0x0000000008002b02       0x1c ./Drivers/STM32L4xx_HAL_Driver/Src/stm32l4xx_hal_cortex.o
                0x0000000008002b02                HAL_NVIC_EnableIRQ
 .text.HAL_SYSTICK_Config
                0x0000000008002b1e       0x18 ./Drivers/STM32L4xx_HAL_Driver/Src/stm32l4xx_hal_cortex.o
                0x0000000008002b1e                HAL_SYSTICK_Config
 *fill*         0x0000000008002b36        0x2 
 .text.HAL_GPIO_Init
                0x0000000008002b38      0x2e4 ./Drivers/STM32L4xx_HAL_Driver/Src/stm32l4xx_hal_gpio.o
                0x0000000008002b38                HAL_GPIO_Init
 .text.HAL_GPIO_WritePin
                0x0000000008002e1c       0x30 ./Drivers/STM32L4xx_HAL_Driver/Src/stm32l4xx_hal_gpio.o
                0x0000000008002e1c                HAL_GPIO_WritePin
 .text.HAL_PCD_Init
                0x0000000008002e4c      0x20c ./Drivers/STM32L4xx_HAL_Driver/Src/stm32l4xx_hal_pcd.o
                0x0000000008002e4c                HAL_PCD_Init
 .text.HAL_PCD_Start
                0x0000000008003058       0x44 ./Drivers/STM32L4xx_HAL_Driver/Src/stm32l4xx_hal_pcd.o
                0x0000000008003058                HAL_PCD_Start
 .text.HAL_PCD_IRQHandler
                0x000000000800309c      0x24e ./Drivers/STM32L4xx_HAL_Driver/Src/stm32l4xx_hal_pcd.o
                0x000000000800309c                HAL_PCD_IRQHandler
 .text.HAL_PCD_SetAddress
                0x00000000080032ea       0x4a ./Drivers/STM32L4xx_HAL_Driver/Src/stm32l4xx_hal_pcd.o
                0x00000000080032ea                HAL_PCD_SetAddress
 .text.HAL_PCD_EP_Open
                0x0000000008003334       0xba ./Drivers/STM32L4xx_HAL_Driver/Src/stm32l4xx_hal_pcd.o
                0x0000000008003334                HAL_PCD_EP_Open
 .text.HAL_PCD_EP_Close
                0x00000000080033ee       0x90 ./Drivers/STM32L4xx_HAL_Driver/Src/stm32l4xx_hal_pcd.o
                0x00000000080033ee                HAL_PCD_EP_Close
 .text.HAL_PCD_EP_Receive
                0x000000000800347e       0x62 ./Drivers/STM32L4xx_HAL_Driver/Src/stm32l4xx_hal_pcd.o
                0x000000000800347e                HAL_PCD_EP_Receive
 .text.HAL_PCD_EP_GetRxCount
                0x00000000080034e0       0x30 ./Drivers/STM32L4xx_HAL_Driver/Src/stm32l4xx_hal_pcd.o
                0x00000000080034e0                HAL_PCD_EP_GetRxCount
 .text.HAL_PCD_EP_Transmit
                0x0000000008003510       0x6e ./Drivers/STM32L4xx_HAL_Driver/Src/stm32l4xx_hal_pcd.o
                0x0000000008003510                HAL_PCD_EP_Transmit
 .text.HAL_PCD_EP_SetStall
                0x000000000800357e       0xc0 ./Drivers/STM32L4xx_HAL_Driver/Src/stm32l4xx_hal_pcd.o
                0x000000000800357e                HAL_PCD_EP_SetStall
 .text.HAL_PCD_EP_ClrStall
                0x000000000800363e       0xa8 ./Drivers/STM32L4xx_HAL_Driver/Src/stm32l4xx_hal_pcd.o
                0x000000000800363e                HAL_PCD_EP_ClrStall
 .text.PCD_EP_ISR_Handler
                0x00000000080036e6      0x78a ./Drivers/STM32L4xx_HAL_Driver/Src/stm32l4xx_hal_pcd.o
 .text.HAL_PCD_EP_DB_Receive
                0x0000000008003e70      0x212 ./Drivers/STM32L4xx_HAL_Driver/Src/stm32l4xx_hal_pcd.o
 .text.HAL_PCD_EP_DB_Transmit
                0x0000000008004082      0x7ec ./Drivers/STM32L4xx_HAL_Driver/Src/stm32l4xx_hal_pcd.o
 .text.HAL_PCDEx_PMAConfig
                0x000000000800486e       0x86 ./Drivers/STM32L4xx_HAL_Driver/Src/stm32l4xx_hal_pcd_ex.o
                0x000000000800486e                HAL_PCDEx_PMAConfig
 .text.HAL_PCDEx_ActivateLPM
                0x00000000080048f4       0x54 ./Drivers/STM32L4xx_HAL_Driver/Src/stm32l4xx_hal_pcd_ex.o
                0x00000000080048f4                HAL_PCDEx_ActivateLPM
 .text.HAL_PWREx_GetVoltageRange
                0x0000000008004948       0x1c ./Drivers/STM32L4xx_HAL_Driver/Src/stm32l4xx_hal_pwr_ex.o
                0x0000000008004948                HAL_PWREx_GetVoltageRange
 .text.HAL_PWREx_ControlVoltageScaling
                0x0000000008004964       0xac ./Drivers/STM32L4xx_HAL_Driver/Src/stm32l4xx_hal_pwr_ex.o
                0x0000000008004964                HAL_PWREx_ControlVoltageScaling
 .text.HAL_PWREx_EnableVddUSB
                0x0000000008004a10       0x20 ./Drivers/STM32L4xx_HAL_Driver/Src/stm32l4xx_hal_pwr_ex.o
                0x0000000008004a10                HAL_PWREx_EnableVddUSB
 .text.HAL_RCC_OscConfig
                0x0000000008004a30      0x8c4 ./Drivers/STM32L4xx_HAL_Driver/Src/stm32l4xx_hal_rcc.o
                0x0000000008004a30                HAL_RCC_OscConfig
 .text.HAL_RCC_ClockConfig
                0x00000000080052f4      0x200 ./Drivers/STM32L4xx_HAL_Driver/Src/stm32l4xx_hal_rcc.o
                0x00000000080052f4                HAL_RCC_ClockConfig
 .text.HAL_RCC_GetSysClockFreq
                0x00000000080054f4      0x118 ./Drivers/STM32L4xx_HAL_Driver/Src/stm32l4xx_hal_rcc.o
                0x00000000080054f4                HAL_RCC_GetSysClockFreq
 .text.HAL_RCC_GetHCLKFreq
                0x000000000800560c       0x18 ./Drivers/STM32L4xx_HAL_Driver/Src/stm32l4xx_hal_rcc.o
                0x000000000800560c                HAL_RCC_GetHCLKFreq
 .text.HAL_RCC_GetPCLK1Freq
                0x0000000008005624       0x2c ./Drivers/STM32L4xx_HAL_Driver/Src/stm32l4xx_hal_rcc.o
                0x0000000008005624                HAL_RCC_GetPCLK1Freq
 .text.HAL_RCC_GetPCLK2Freq
                0x0000000008005650       0x2c ./Drivers/STM32L4xx_HAL_Driver/Src/stm32l4xx_hal_rcc.o
                0x0000000008005650                HAL_RCC_GetPCLK2Freq
 .text.RCC_SetFlashLatencyFromMSIRange
                0x000000000800567c       0xc0 ./Drivers/STM32L4xx_HAL_Driver/Src/stm32l4xx_hal_rcc.o
 .text.HAL_RCCEx_PeriphCLKConfig
                0x000000000800573c      0x30c ./Drivers/STM32L4xx_HAL_Driver/Src/stm32l4xx_hal_rcc_ex.o
                0x000000000800573c                HAL_RCCEx_PeriphCLKConfig
 .text.HAL_SPI_Init
                0x0000000008005a48      0x146 ./Drivers/STM32L4xx_HAL_Driver/Src/stm32l4xx_hal_spi.o
                0x0000000008005a48                HAL_SPI_Init
 .text.HAL_SPI_Transmit
                0x0000000008005b8e      0x2ea ./Drivers/STM32L4xx_HAL_Driver/Src/stm32l4xx_hal_spi.o
                0x0000000008005b8e                HAL_SPI_Transmit
 .text.HAL_SPI_Receive
                0x0000000008005e78      0x26e ./Drivers/STM32L4xx_HAL_Driver/Src/stm32l4xx_hal_spi.o
                0x0000000008005e78                HAL_SPI_Receive
 .text.HAL_SPI_TransmitReceive
                0x00000000080060e6      0x444 ./Drivers/STM32L4xx_HAL_Driver/Src/stm32l4xx_hal_spi.o
                0x00000000080060e6                HAL_SPI_TransmitReceive
 *fill*         0x000000000800652a        0x2 
 .text.SPI_WaitFlagStateUntilTimeout
                0x000000000800652c      0x110 ./Drivers/STM32L4xx_HAL_Driver/Src/stm32l4xx_hal_spi.o
 .text.SPI_WaitFifoStateUntilTimeout
                0x000000000800663c      0x12c ./Drivers/STM32L4xx_HAL_Driver/Src/stm32l4xx_hal_spi.o
 .text.SPI_EndRxTransaction
                0x0000000008006768       0xb0 ./Drivers/STM32L4xx_HAL_Driver/Src/stm32l4xx_hal_spi.o
 .text.SPI_EndRxTxTransaction
                0x0000000008006818       0x8c ./Drivers/STM32L4xx_HAL_Driver/Src/stm32l4xx_hal_spi.o
 .text.UART_SetConfig
                0x00000000080068a4      0x4b4 ./Drivers/STM32L4xx_HAL_Driver/Src/stm32l4xx_hal_uart.o
                0x00000000080068a4                UART_SetConfig
 .text.UART_AdvFeatureConfig
                0x0000000008006d58      0x144 ./Drivers/STM32L4xx_HAL_Driver/Src/stm32l4xx_hal_uart.o
                0x0000000008006d58                UART_AdvFeatureConfig
 .text.UART_CheckIdleState
                0x0000000008006e9c      0x150 ./Drivers/STM32L4xx_HAL_Driver/Src/stm32l4xx_hal_uart.o
                0x0000000008006e9c                UART_CheckIdleState
 .text.UART_WaitOnFlagUntilTimeout
                0x0000000008006fec       0xce ./Drivers/STM32L4xx_HAL_Driver/Src/stm32l4xx_hal_uart.o
                0x0000000008006fec                UART_WaitOnFlagUntilTimeout
 .text.UART_EndRxTransfer
                0x00000000080070ba       0xc8 ./Drivers/STM32L4xx_HAL_Driver/Src/stm32l4xx_hal_uart.o
 .text.HAL_RS485Ex_Init
                0x0000000008007182       0xce ./Drivers/STM32L4xx_HAL_Driver/Src/stm32l4xx_hal_uart_ex.o
                0x0000000008007182                HAL_RS485Ex_Init
 .text.USB_CoreInit
                0x0000000008007250       0x22 ./Drivers/STM32L4xx_HAL_Driver/Src/stm32l4xx_ll_usb.o
                0x0000000008007250                USB_CoreInit
 .text.USB_EnableGlobalInt
                0x0000000008007272       0x2e ./Drivers/STM32L4xx_HAL_Driver/Src/stm32l4xx_ll_usb.o
                0x0000000008007272                USB_EnableGlobalInt
 .text.USB_DisableGlobalInt
                0x00000000080072a0       0x36 ./Drivers/STM32L4xx_HAL_Driver/Src/stm32l4xx_ll_usb.o
                0x00000000080072a0                USB_DisableGlobalInt
 .text.USB_SetCurrentMode
                0x00000000080072d6       0x1a ./Drivers/STM32L4xx_HAL_Driver/Src/stm32l4xx_ll_usb.o
                0x00000000080072d6                USB_SetCurrentMode
 .text.USB_DevInit
                0x00000000080072f0       0x42 ./Drivers/STM32L4xx_HAL_Driver/Src/stm32l4xx_ll_usb.o
                0x00000000080072f0                USB_DevInit
 *fill*         0x0000000008007332        0x2 
 .text.USB_ActivateEndpoint
                0x0000000008007334      0x788 ./Drivers/STM32L4xx_HAL_Driver/Src/stm32l4xx_ll_usb.o
                0x0000000008007334                USB_ActivateEndpoint
 .text.USB_DeactivateEndpoint
                0x0000000008007abc      0x3da ./Drivers/STM32L4xx_HAL_Driver/Src/stm32l4xx_ll_usb.o
                0x0000000008007abc                USB_DeactivateEndpoint
 .text.USB_EPStartXfer
                0x0000000008007e96     0x1762 ./Drivers/STM32L4xx_HAL_Driver/Src/stm32l4xx_ll_usb.o
                0x0000000008007e96                USB_EPStartXfer
 .text.USB_EPSetStall
                0x00000000080095f8       0xa2 ./Drivers/STM32L4xx_HAL_Driver/Src/stm32l4xx_ll_usb.o
                0x00000000080095f8                USB_EPSetStall
 .text.USB_EPClearStall
                0x000000000800969a      0x15c ./Drivers/STM32L4xx_HAL_Driver/Src/stm32l4xx_ll_usb.o
                0x000000000800969a                USB_EPClearStall
 .text.USB_SetDevAddress
                0x00000000080097f6       0x28 ./Drivers/STM32L4xx_HAL_Driver/Src/stm32l4xx_ll_usb.o
                0x00000000080097f6                USB_SetDevAddress
 .text.USB_DevConnect
                0x000000000800981e       0x2e ./Drivers/STM32L4xx_HAL_Driver/Src/stm32l4xx_ll_usb.o
                0x000000000800981e                USB_DevConnect
 .text.USB_DevDisconnect
                0x000000000800984c       0x2a ./Drivers/STM32L4xx_HAL_Driver/Src/stm32l4xx_ll_usb.o
                0x000000000800984c                USB_DevDisconnect
 .text.USB_ReadInterrupts
                0x0000000008009876       0x20 ./Drivers/STM32L4xx_HAL_Driver/Src/stm32l4xx_ll_usb.o
                0x0000000008009876                USB_ReadInterrupts
 .text.USB_EP0_OutStart
                0x0000000008009896       0x18 ./Drivers/STM32L4xx_HAL_Driver/Src/stm32l4xx_ll_usb.o
                0x0000000008009896                USB_EP0_OutStart
 .text.USB_WritePMA
                0x00000000080098ae       0x84 ./Drivers/STM32L4xx_HAL_Driver/Src/stm32l4xx_ll_usb.o
                0x00000000080098ae                USB_WritePMA
 .text.USB_ReadPMA
                0x0000000008009932       0x98 ./Drivers/STM32L4xx_HAL_Driver/Src/stm32l4xx_ll_usb.o
                0x0000000008009932                USB_ReadPMA
 *fill*         0x00000000080099ca        0x2 
 .text.USBD_CDC_Init
                0x00000000080099cc      0x1f0 ./Middlewares/ST/STM32_USB_Device_Library/Class/CDC/Src/usbd_cdc.o
 .text.USBD_CDC_DeInit
                0x0000000008009bbc      0x104 ./Middlewares/ST/STM32_USB_Device_Library/Class/CDC/Src/usbd_cdc.o
 .text.USBD_CDC_Setup
                0x0000000008009cc0      0x1b8 ./Middlewares/ST/STM32_USB_Device_Library/Class/CDC/Src/usbd_cdc.o
 .text.USBD_CDC_DataIn
                0x0000000008009e78       0xfe ./Middlewares/ST/STM32_USB_Device_Library/Class/CDC/Src/usbd_cdc.o
 .text.USBD_CDC_DataOut
                0x0000000008009f76       0x70 ./Middlewares/ST/STM32_USB_Device_Library/Class/CDC/Src/usbd_cdc.o
 .text.USBD_CDC_EP0_RxReady
                0x0000000008009fe6       0x76 ./Middlewares/ST/STM32_USB_Device_Library/Class/CDC/Src/usbd_cdc.o
 .text.USBD_CDC_GetFSCfgDesc
                0x000000000800a05c       0x70 ./Middlewares/ST/STM32_USB_Device_Library/Class/CDC/Src/usbd_cdc.o
 .text.USBD_CDC_GetHSCfgDesc
                0x000000000800a0cc       0x70 ./Middlewares/ST/STM32_USB_Device_Library/Class/CDC/Src/usbd_cdc.o
 .text.USBD_CDC_GetOtherSpeedCfgDesc
                0x000000000800a13c       0x70 ./Middlewares/ST/STM32_USB_Device_Library/Class/CDC/Src/usbd_cdc.o
 .text.USBD_CDC_GetDeviceQualifierDescriptor
                0x000000000800a1ac       0x20 ./Middlewares/ST/STM32_USB_Device_Library/Class/CDC/Src/usbd_cdc.o
                0x000000000800a1ac                USBD_CDC_GetDeviceQualifierDescriptor
 .text.USBD_CDC_RegisterInterface
                0x000000000800a1cc       0x34 ./Middlewares/ST/STM32_USB_Device_Library/Class/CDC/Src/usbd_cdc.o
                0x000000000800a1cc                USBD_CDC_RegisterInterface
 .text.USBD_CDC_SetTxBuffer
                0x000000000800a200       0x44 ./Middlewares/ST/STM32_USB_Device_Library/Class/CDC/Src/usbd_cdc.o
                0x000000000800a200                USBD_CDC_SetTxBuffer
 .text.USBD_CDC_SetRxBuffer
                0x000000000800a244       0x3a ./Middlewares/ST/STM32_USB_Device_Library/Class/CDC/Src/usbd_cdc.o
                0x000000000800a244                USBD_CDC_SetRxBuffer
 *fill*         0x000000000800a27e        0x2 
 .text.USBD_CDC_TransmitPacket
                0x000000000800a280       0x80 ./Middlewares/ST/STM32_USB_Device_Library/Class/CDC/Src/usbd_cdc.o
                0x000000000800a280                USBD_CDC_TransmitPacket
 .text.USBD_CDC_ReceivePacket
                0x000000000800a300       0x6c ./Middlewares/ST/STM32_USB_Device_Library/Class/CDC/Src/usbd_cdc.o
                0x000000000800a300                USBD_CDC_ReceivePacket
 .text.USBD_Init
                0x000000000800a36c       0x60 ./Middlewares/ST/STM32_USB_Device_Library/Core/Src/usbd_core.o
                0x000000000800a36c                USBD_Init
 .text.USBD_RegisterClass
                0x000000000800a3cc       0x6c ./Middlewares/ST/STM32_USB_Device_Library/Core/Src/usbd_core.o
                0x000000000800a3cc                USBD_RegisterClass
 .text.USBD_Start
                0x000000000800a438       0x18 ./Middlewares/ST/STM32_USB_Device_Library/Core/Src/usbd_core.o
                0x000000000800a438                USBD_Start
 .text.USBD_RunTestMode
                0x000000000800a450       0x16 ./Middlewares/ST/STM32_USB_Device_Library/Core/Src/usbd_core.o
                0x000000000800a450                USBD_RunTestMode
 .text.USBD_SetClassConfig
                0x000000000800a466       0x38 ./Middlewares/ST/STM32_USB_Device_Library/Core/Src/usbd_core.o
                0x000000000800a466                USBD_SetClassConfig
 .text.USBD_ClrClassConfig
                0x000000000800a49e       0x34 ./Middlewares/ST/STM32_USB_Device_Library/Core/Src/usbd_core.o
                0x000000000800a49e                USBD_ClrClassConfig
 .text.USBD_LL_SetupStage
                0x000000000800a4d2       0xaa ./Middlewares/ST/STM32_USB_Device_Library/Core/Src/usbd_core.o
                0x000000000800a4d2                USBD_LL_SetupStage
 .text.USBD_LL_DataOutStage
                0x000000000800a57c      0x166 ./Middlewares/ST/STM32_USB_Device_Library/Core/Src/usbd_core.o
                0x000000000800a57c                USBD_LL_DataOutStage
 .text.USBD_LL_DataInStage
                0x000000000800a6e2      0x164 ./Middlewares/ST/STM32_USB_Device_Library/Core/Src/usbd_core.o
                0x000000000800a6e2                USBD_LL_DataInStage
 .text.USBD_LL_Reset
                0x000000000800a846       0xa4 ./Middlewares/ST/STM32_USB_Device_Library/Core/Src/usbd_core.o
                0x000000000800a846                USBD_LL_Reset
 .text.USBD_LL_SetSpeed
                0x000000000800a8ea       0x20 ./Middlewares/ST/STM32_USB_Device_Library/Core/Src/usbd_core.o
                0x000000000800a8ea                USBD_LL_SetSpeed
 .text.USBD_LL_Suspend
                0x000000000800a90a       0x38 ./Middlewares/ST/STM32_USB_Device_Library/Core/Src/usbd_core.o
                0x000000000800a90a                USBD_LL_Suspend
 .text.USBD_LL_Resume
                0x000000000800a942       0x30 ./Middlewares/ST/STM32_USB_Device_Library/Core/Src/usbd_core.o
                0x000000000800a942                USBD_LL_Resume
 .text.USBD_LL_SOF
                0x000000000800a972       0x40 ./Middlewares/ST/STM32_USB_Device_Library/Core/Src/usbd_core.o
                0x000000000800a972                USBD_LL_SOF
 .text.USBD_CoreFindIF
                0x000000000800a9b2       0x1a ./Middlewares/ST/STM32_USB_Device_Library/Core/Src/usbd_core.o
                0x000000000800a9b2                USBD_CoreFindIF
 .text.USBD_CoreFindEP
                0x000000000800a9cc       0x1a ./Middlewares/ST/STM32_USB_Device_Library/Core/Src/usbd_core.o
                0x000000000800a9cc                USBD_CoreFindEP
 .text.USBD_GetEpDesc
                0x000000000800a9e6       0x74 ./Middlewares/ST/STM32_USB_Device_Library/Core/Src/usbd_core.o
                0x000000000800a9e6                USBD_GetEpDesc
 .text.USBD_GetNextDesc
                0x000000000800aa5a       0x3a ./Middlewares/ST/STM32_USB_Device_Library/Core/Src/usbd_core.o
                0x000000000800aa5a                USBD_GetNextDesc
 .text.SWAPBYTE
                0x000000000800aa94       0x3c ./Middlewares/ST/STM32_USB_Device_Library/Core/Src/usbd_ctlreq.o
 .text.USBD_StdDevReq
                0x000000000800aad0       0xe4 ./Middlewares/ST/STM32_USB_Device_Library/Core/Src/usbd_ctlreq.o
                0x000000000800aad0                USBD_StdDevReq
 .text.USBD_StdItfReq
                0x000000000800abb4       0xd8 ./Middlewares/ST/STM32_USB_Device_Library/Core/Src/usbd_ctlreq.o
                0x000000000800abb4                USBD_StdItfReq
 .text.USBD_StdEPReq
                0x000000000800ac8c      0x33a ./Middlewares/ST/STM32_USB_Device_Library/Core/Src/usbd_ctlreq.o
                0x000000000800ac8c                USBD_StdEPReq
 *fill*         0x000000000800afc6        0x2 
 .text.USBD_GetDescriptor
                0x000000000800afc8      0x328 ./Middlewares/ST/STM32_USB_Device_Library/Core/Src/usbd_ctlreq.o
 .text.USBD_SetAddress
                0x000000000800b2f0       0x88 ./Middlewares/ST/STM32_USB_Device_Library/Core/Src/usbd_ctlreq.o
 .text.USBD_SetConfig
                0x000000000800b378      0x154 ./Middlewares/ST/STM32_USB_Device_Library/Core/Src/usbd_ctlreq.o
 .text.USBD_GetConfig
                0x000000000800b4cc       0x6c ./Middlewares/ST/STM32_USB_Device_Library/Core/Src/usbd_ctlreq.o
 .text.USBD_GetStatus
                0x000000000800b538       0x68 ./Middlewares/ST/STM32_USB_Device_Library/Core/Src/usbd_ctlreq.o
 .text.USBD_SetFeature
                0x000000000800b5a0       0x52 ./Middlewares/ST/STM32_USB_Device_Library/Core/Src/usbd_ctlreq.o
 .text.USBD_ClrFeature
                0x000000000800b5f2       0x44 ./Middlewares/ST/STM32_USB_Device_Library/Core/Src/usbd_ctlreq.o
 .text.USBD_ParseSetupRequest
                0x000000000800b636       0x74 ./Middlewares/ST/STM32_USB_Device_Library/Core/Src/usbd_ctlreq.o
                0x000000000800b636                USBD_ParseSetupRequest
 .text.USBD_CtlError
                0x000000000800b6aa       0x22 ./Middlewares/ST/STM32_USB_Device_Library/Core/Src/usbd_ctlreq.o
                0x000000000800b6aa                USBD_CtlError
 .text.USBD_GetString
                0x000000000800b6cc       0x8c ./Middlewares/ST/STM32_USB_Device_Library/Core/Src/usbd_ctlreq.o
                0x000000000800b6cc                USBD_GetString
 .text.USBD_GetLen
                0x000000000800b758       0x34 ./Middlewares/ST/STM32_USB_Device_Library/Core/Src/usbd_ctlreq.o
 .text.USBD_CtlSendData
                0x000000000800b78c       0x36 ./Middlewares/ST/STM32_USB_Device_Library/Core/Src/usbd_ioreq.o
                0x000000000800b78c                USBD_CtlSendData
 .text.USBD_CtlContinueSendData
                0x000000000800b7c2       0x22 ./Middlewares/ST/STM32_USB_Device_Library/Core/Src/usbd_ioreq.o
                0x000000000800b7c2                USBD_CtlContinueSendData
 .text.USBD_CtlPrepareRx
                0x000000000800b7e4       0x3a ./Middlewares/ST/STM32_USB_Device_Library/Core/Src/usbd_ioreq.o
                0x000000000800b7e4                USBD_CtlPrepareRx
 .text.USBD_CtlContinueRx
                0x000000000800b81e       0x22 ./Middlewares/ST/STM32_USB_Device_Library/Core/Src/usbd_ioreq.o
                0x000000000800b81e                USBD_CtlContinueRx
 .text.USBD_CtlSendStatus
                0x000000000800b840       0x26 ./Middlewares/ST/STM32_USB_Device_Library/Core/Src/usbd_ioreq.o
                0x000000000800b840                USBD_CtlSendStatus
 .text.USBD_CtlReceiveStatus
                0x000000000800b866       0x26 ./Middlewares/ST/STM32_USB_Device_Library/Core/Src/usbd_ioreq.o
                0x000000000800b866                USBD_CtlReceiveStatus
 .text.MX_USB_DEVICE_Init
                0x000000000800b88c       0x60 ./USB_DEVICE/App/usb_device.o
                0x000000000800b88c                MX_USB_DEVICE_Init
 .text.CDC_Init_FS
                0x000000000800b8ec       0x28 ./USB_DEVICE/App/usbd_cdc_if.o
 .text.CDC_DeInit_FS
                0x000000000800b914       0x10 ./USB_DEVICE/App/usbd_cdc_if.o
 .text.CDC_Control_FS
                0x000000000800b924       0xe0 ./USB_DEVICE/App/usbd_cdc_if.o
 .text.CDC_Receive_FS
                0x000000000800ba04       0x34 ./USB_DEVICE/App/usbd_cdc_if.o
 .text.CDC_Transmit_FS
                0x000000000800ba38       0x4c ./USB_DEVICE/App/usbd_cdc_if.o
                0x000000000800ba38                CDC_Transmit_FS
 .text.CDC_TransmitCplt_FS
                0x000000000800ba84       0x22 ./USB_DEVICE/App/usbd_cdc_if.o
 *fill*         0x000000000800baa6        0x2 
 .text.USBD_FS_DeviceDescriptor
                0x000000000800baa8       0x24 ./USB_DEVICE/App/usbd_desc.o
                0x000000000800baa8                USBD_FS_DeviceDescriptor
 .text.USBD_FS_LangIDStrDescriptor
                0x000000000800bacc       0x24 ./USB_DEVICE/App/usbd_desc.o
                0x000000000800bacc                USBD_FS_LangIDStrDescriptor
 .text.USBD_FS_ProductStrDescriptor
                0x000000000800baf0       0x3c ./USB_DEVICE/App/usbd_desc.o
                0x000000000800baf0                USBD_FS_ProductStrDescriptor
 .text.USBD_FS_ManufacturerStrDescriptor
                0x000000000800bb2c       0x28 ./USB_DEVICE/App/usbd_desc.o
                0x000000000800bb2c                USBD_FS_ManufacturerStrDescriptor
 .text.USBD_FS_SerialStrDescriptor
                0x000000000800bb54       0x24 ./USB_DEVICE/App/usbd_desc.o
                0x000000000800bb54                USBD_FS_SerialStrDescriptor
 .text.USBD_FS_ConfigStrDescriptor
                0x000000000800bb78       0x3c ./USB_DEVICE/App/usbd_desc.o
                0x000000000800bb78                USBD_FS_ConfigStrDescriptor
 .text.USBD_FS_InterfaceStrDescriptor
                0x000000000800bbb4       0x3c ./USB_DEVICE/App/usbd_desc.o
                0x000000000800bbb4                USBD_FS_InterfaceStrDescriptor
 .text.USBD_FS_USR_BOSDescriptor
                0x000000000800bbf0       0x24 ./USB_DEVICE/App/usbd_desc.o
                0x000000000800bbf0                USBD_FS_USR_BOSDescriptor
 .text.Get_SerialNum
                0x000000000800bc14       0x58 ./USB_DEVICE/App/usbd_desc.o
 .text.IntToUnicode
                0x000000000800bc6c       0x7e ./USB_DEVICE/App/usbd_desc.o
 *fill*         0x000000000800bcea        0x2 
 .text.HAL_PCD_MspInit
                0x000000000800bcec       0xc4 ./USB_DEVICE/Target/usbd_conf.o
                0x000000000800bcec                HAL_PCD_MspInit
 .text.HAL_PCD_SetupStageCallback
                0x000000000800bdb0       0x24 ./USB_DEVICE/Target/usbd_conf.o
                0x000000000800bdb0                HAL_PCD_SetupStageCallback
 .text.HAL_PCD_DataOutStageCallback
                0x000000000800bdd4       0x36 ./USB_DEVICE/Target/usbd_conf.o
                0x000000000800bdd4                HAL_PCD_DataOutStageCallback
 .text.HAL_PCD_DataInStageCallback
                0x000000000800be0a       0x34 ./USB_DEVICE/Target/usbd_conf.o
                0x000000000800be0a                HAL_PCD_DataInStageCallback
 .text.HAL_PCD_SOFCallback
                0x000000000800be3e       0x1c ./USB_DEVICE/Target/usbd_conf.o
                0x000000000800be3e                HAL_PCD_SOFCallback
 .text.HAL_PCD_ResetCallback
                0x000000000800be5a       0x3c ./USB_DEVICE/Target/usbd_conf.o
                0x000000000800be5a                HAL_PCD_ResetCallback
 *fill*         0x000000000800be96        0x2 
 .text.HAL_PCD_SuspendCallback
                0x000000000800be98       0x34 ./USB_DEVICE/Target/usbd_conf.o
                0x000000000800be98                HAL_PCD_SuspendCallback
 .text.HAL_PCD_ResumeCallback
                0x000000000800becc       0x38 ./USB_DEVICE/Target/usbd_conf.o
                0x000000000800becc                HAL_PCD_ResumeCallback
 .text.USBD_LL_Init
                0x000000000800bf04       0xc4 ./USB_DEVICE/Target/usbd_conf.o
                0x000000000800bf04                USBD_LL_Init
 .text.USBD_LL_Start
                0x000000000800bfc8       0x64 ./USB_DEVICE/Target/usbd_conf.o
                0x000000000800bfc8                USBD_LL_Start
 .text.USBD_LL_OpenEP
                0x000000000800c02c       0x7c ./USB_DEVICE/Target/usbd_conf.o
                0x000000000800c02c                USBD_LL_OpenEP
 .text.USBD_LL_CloseEP
                0x000000000800c0a8       0x6c ./USB_DEVICE/Target/usbd_conf.o
                0x000000000800c0a8                USBD_LL_CloseEP
 .text.USBD_LL_StallEP
                0x000000000800c114       0x6c ./USB_DEVICE/Target/usbd_conf.o
                0x000000000800c114                USBD_LL_StallEP
 .text.USBD_LL_ClearStallEP
                0x000000000800c180       0x6c ./USB_DEVICE/Target/usbd_conf.o
                0x000000000800c180                USBD_LL_ClearStallEP
 .text.USBD_LL_IsStallEP
                0x000000000800c1ec       0x5a ./USB_DEVICE/Target/usbd_conf.o
                0x000000000800c1ec                USBD_LL_IsStallEP
 *fill*         0x000000000800c246        0x2 
 .text.USBD_LL_SetUSBAddress
                0x000000000800c248       0x6c ./USB_DEVICE/Target/usbd_conf.o
                0x000000000800c248                USBD_LL_SetUSBAddress
 .text.USBD_LL_Transmit
                0x000000000800c2b4       0x70 ./USB_DEVICE/Target/usbd_conf.o
                0x000000000800c2b4                USBD_LL_Transmit
 .text.USBD_LL_PrepareReceive
                0x000000000800c324       0x70 ./USB_DEVICE/Target/usbd_conf.o
                0x000000000800c324                USBD_LL_PrepareReceive
 .text.USBD_LL_GetRxDataSize
                0x000000000800c394       0x26 ./USB_DEVICE/Target/usbd_conf.o
                0x000000000800c394                USBD_LL_GetRxDataSize
 *fill*         0x000000000800c3ba        0x2 
 .text.HAL_PCDEx_LPM_Callback
                0x000000000800c3bc       0x6c ./USB_DEVICE/Target/usbd_conf.o
                0x000000000800c3bc                HAL_PCDEx_LPM_Callback
 .text.USBD_static_malloc
                0x000000000800c428       0x1c ./USB_DEVICE/Target/usbd_conf.o
                0x000000000800c428                USBD_static_malloc
 .text.USBD_static_free
                0x000000000800c444       0x14 ./USB_DEVICE/Target/usbd_conf.o
                0x000000000800c444                USBD_static_free
 .text.SystemClockConfig_Resume
                0x000000000800c458        0xc ./USB_DEVICE/Target/usbd_conf.o
 .text.memset   0x000000000800c464       0x10 C:/ST/STM32CubeIDE_1.14.1/STM32CubeIDE/plugins/com.st.stm32cube.ide.mcu.externaltools.gnu-tools-for-stm32.11.3.rel1.win32_1.1.100.202309141235/tools/bin/../lib/gcc/arm-none-eabi/11.3.1/../../../../arm-none-eabi/lib/thumb/v7e-m+fp/hard\libc_nano.a(libc_a-memset.o)
                0x000000000800c464                memset
 .text.strncmp  0x000000000800c474       0x24 C:/ST/STM32CubeIDE_1.14.1/STM32CubeIDE/plugins/com.st.stm32cube.ide.mcu.externaltools.gnu-tools-for-stm32.11.3.rel1.win32_1.1.100.202309141235/tools/bin/../lib/gcc/arm-none-eabi/11.3.1/../../../../arm-none-eabi/lib/thumb/v7e-m+fp/hard\libc_nano.a(libc_a-strncmp.o)
                0x000000000800c474                strncmp
 .text.strncpy  0x000000000800c498       0x26 C:/ST/STM32CubeIDE_1.14.1/STM32CubeIDE/plugins/com.st.stm32cube.ide.mcu.externaltools.gnu-tools-for-stm32.11.3.rel1.win32_1.1.100.202309141235/tools/bin/../lib/gcc/arm-none-eabi/11.3.1/../../../../arm-none-eabi/lib/thumb/v7e-m+fp/hard\libc_nano.a(libc_a-strncpy.o)
                0x000000000800c498                strncpy
 *fill*         0x000000000800c4be        0x2 
 .text.__libc_init_array
                0x000000000800c4c0       0x48 C:/ST/STM32CubeIDE_1.14.1/STM32CubeIDE/plugins/com.st.stm32cube.ide.mcu.externaltools.gnu-tools-for-stm32.11.3.rel1.win32_1.1.100.202309141235/tools/bin/../lib/gcc/arm-none-eabi/11.3.1/../../../../arm-none-eabi/lib/thumb/v7e-m+fp/hard\libc_nano.a(libc_a-init.o)
                0x000000000800c4c0                __libc_init_array
 .text.memcpy   0x000000000800c508       0x1c C:/ST/STM32CubeIDE_1.14.1/STM32CubeIDE/plugins/com.st.stm32cube.ide.mcu.externaltools.gnu-tools-for-stm32.11.3.rel1.win32_1.1.100.202309141235/tools/bin/../lib/gcc/arm-none-eabi/11.3.1/../../../../arm-none-eabi/lib/thumb/v7e-m+fp/hard\libc_nano.a(libc_a-memcpy-stub.o)
                0x000000000800c508                memcpy
 *(.glue_7)
 .glue_7        0x000000000800c524        0x0 linker stubs
 *(.glue_7t)
 .glue_7t       0x000000000800c524        0x0 linker stubs
 *(.eh_frame)
 .eh_frame      0x000000000800c524        0x0 C:/ST/STM32CubeIDE_1.14.1/STM32CubeIDE/plugins/com.st.stm32cube.ide.mcu.externaltools.gnu-tools-for-stm32.11.3.rel1.win32_1.1.100.202309141235/tools/bin/../lib/gcc/arm-none-eabi/11.3.1/thumb/v7e-m+fp/hard/crtbegin.o
 *(.init)
 .init          0x000000000800c524        0x4 C:/ST/STM32CubeIDE_1.14.1/STM32CubeIDE/plugins/com.st.stm32cube.ide.mcu.externaltools.gnu-tools-for-stm32.11.3.rel1.win32_1.1.100.202309141235/tools/bin/../lib/gcc/arm-none-eabi/11.3.1/thumb/v7e-m+fp/hard/crti.o
                0x000000000800c524                _init
 .init          0x000000000800c528        0x8 C:/ST/STM32CubeIDE_1.14.1/STM32CubeIDE/plugins/com.st.stm32cube.ide.mcu.externaltools.gnu-tools-for-stm32.11.3.rel1.win32_1.1.100.202309141235/tools/bin/../lib/gcc/arm-none-eabi/11.3.1/thumb/v7e-m+fp/hard/crtn.o
 *(.fini)
 .fini          0x000000000800c530        0x4 C:/ST/STM32CubeIDE_1.14.1/STM32CubeIDE/plugins/com.st.stm32cube.ide.mcu.externaltools.gnu-tools-for-stm32.11.3.rel1.win32_1.1.100.202309141235/tools/bin/../lib/gcc/arm-none-eabi/11.3.1/thumb/v7e-m+fp/hard/crti.o
                0x000000000800c530                _fini
 .fini          0x000000000800c534        0x8 C:/ST/STM32CubeIDE_1.14.1/STM32CubeIDE/plugins/com.st.stm32cube.ide.mcu.externaltools.gnu-tools-for-stm32.11.3.rel1.win32_1.1.100.202309141235/tools/bin/../lib/gcc/arm-none-eabi/11.3.1/thumb/v7e-m+fp/hard/crtn.o
                0x000000000800c53c                . = ALIGN (0x4)
                0x000000000800c53c                _etext = .

.vfp11_veneer   0x000000000800c53c        0x0
 .vfp11_veneer  0x000000000800c53c        0x0 linker stubs

.v4_bx          0x000000000800c53c        0x0
 .v4_bx         0x000000000800c53c        0x0 linker stubs

.iplt           0x000000000800c53c        0x0
 .iplt          0x000000000800c53c        0x0 C:/ST/STM32CubeIDE_1.14.1/STM32CubeIDE/plugins/com.st.stm32cube.ide.mcu.externaltools.gnu-tools-for-stm32.11.3.rel1.win32_1.1.100.202309141235/tools/bin/../lib/gcc/arm-none-eabi/11.3.1/thumb/v7e-m+fp/hard/crtbegin.o

.rodata         0x000000000800c53c      0x9ac
                0x000000000800c53c                . = ALIGN (0x4)
 *(.rodata)
 .rodata        0x000000000800c53c      0x91c ./Core/Src/main.o
 .rodata        0x000000000800ce58       0x46 ./USB_DEVICE/App/usbd_desc.o
 *(.rodata*)
 *fill*         0x000000000800ce9e        0x2 
 .rodata.AHBPrescTable
                0x000000000800cea0       0x10 ./Core/Src/system_stm32l4xx.o
                0x000000000800cea0                AHBPrescTable
 .rodata.APBPrescTable
                0x000000000800ceb0        0x8 ./Core/Src/system_stm32l4xx.o
                0x000000000800ceb0                APBPrescTable
 .rodata.MSIRangeTable
                0x000000000800ceb8       0x30 ./Core/Src/system_stm32l4xx.o
                0x000000000800ceb8                MSIRangeTable
                0x000000000800cee8                . = ALIGN (0x4)

.ARM.extab      0x000000000800cee8        0x0
                0x000000000800cee8                . = ALIGN (0x4)
 *(.ARM.extab* .gnu.linkonce.armextab.*)
                0x000000000800cee8                . = ALIGN (0x4)

.ARM            0x000000000800cee8        0x8
                0x000000000800cee8                . = ALIGN (0x4)
                0x000000000800cee8                __exidx_start = .
 *(.ARM.exidx*)
 .ARM.exidx     0x000000000800cee8        0x8 C:/ST/STM32CubeIDE_1.14.1/STM32CubeIDE/plugins/com.st.stm32cube.ide.mcu.externaltools.gnu-tools-for-stm32.11.3.rel1.win32_1.1.100.202309141235/tools/bin/../lib/gcc/arm-none-eabi/11.3.1/thumb/v7e-m+fp/hard\libgcc.a(_udivmoddi4.o)
                0x000000000800cef0                __exidx_end = .
                0x000000000800cef0                . = ALIGN (0x4)

.rel.dyn        0x000000000800cef0        0x0
 .rel.iplt      0x000000000800cef0        0x0 C:/ST/STM32CubeIDE_1.14.1/STM32CubeIDE/plugins/com.st.stm32cube.ide.mcu.externaltools.gnu-tools-for-stm32.11.3.rel1.win32_1.1.100.202309141235/tools/bin/../lib/gcc/arm-none-eabi/11.3.1/thumb/v7e-m+fp/hard/crtbegin.o

.preinit_array  0x000000000800cef0        0x0
                0x000000000800cef0                . = ALIGN (0x4)
                0x000000000800cef0                PROVIDE (__preinit_array_start = .)
 *(.preinit_array*)
                0x000000000800cef0                PROVIDE (__preinit_array_end = .)
                0x000000000800cef0                . = ALIGN (0x4)

.init_array     0x000000000800cef0        0x4
                0x000000000800cef0                . = ALIGN (0x4)
                0x000000000800cef0                PROVIDE (__init_array_start = .)
 *(SORT_BY_NAME(.init_array.*))
 *(.init_array*)
 .init_array    0x000000000800cef0        0x4 C:/ST/STM32CubeIDE_1.14.1/STM32CubeIDE/plugins/com.st.stm32cube.ide.mcu.externaltools.gnu-tools-for-stm32.11.3.rel1.win32_1.1.100.202309141235/tools/bin/../lib/gcc/arm-none-eabi/11.3.1/thumb/v7e-m+fp/hard/crtbegin.o
                0x000000000800cef4                PROVIDE (__init_array_end = .)
                0x000000000800cef4                . = ALIGN (0x4)

.fini_array     0x000000000800cef4        0x4
                0x000000000800cef4                . = ALIGN (0x4)
                [!provide]                        PROVIDE (__fini_array_start = .)
 *(SORT_BY_NAME(.fini_array.*))
 *(.fini_array*)
 .fini_array    0x000000000800cef4        0x4 C:/ST/STM32CubeIDE_1.14.1/STM32CubeIDE/plugins/com.st.stm32cube.ide.mcu.externaltools.gnu-tools-for-stm32.11.3.rel1.win32_1.1.100.202309141235/tools/bin/../lib/gcc/arm-none-eabi/11.3.1/thumb/v7e-m+fp/hard/crtbegin.o
                [!provide]                        PROVIDE (__fini_array_end = .)
                0x000000000800cef8                . = ALIGN (0x4)
                0x000000000800cef8                _sidata = LOADADDR (.data)

.data           0x0000000020000000      0x110 load address 0x000000000800cef8
                0x0000000020000000                . = ALIGN (0x4)
                0x0000000020000000                _sdata = .
 *(.data)
 *(.data*)
 .data.RF_AmpSupplyOnWarning
                0x0000000020000000        0x1 ./Core/Src/main.o
                0x0000000020000000                RF_AmpSupplyOnWarning
 *fill*         0x0000000020000001        0x1 
 .data.USB_RxBufLen
                0x0000000020000002        0x2 ./Core/Src/main.o
                0x0000000020000002                USB_RxBufLen
 .data.SystemCoreClock
                0x0000000020000004        0x4 ./Core/Src/system_stm32l4xx.o
                0x0000000020000004                SystemCoreClock
 .data.uwTickPrio
                0x0000000020000008        0x4 ./Drivers/STM32L4xx_HAL_Driver/Src/stm32l4xx_hal.o
                0x0000000020000008                uwTickPrio
 .data.uwTickFreq
                0x000000002000000c        0x1 ./Drivers/STM32L4xx_HAL_Driver/Src/stm32l4xx_hal.o
                0x000000002000000c                uwTickFreq
 *fill*         0x000000002000000d        0x3 
 .data.USBD_CDC_DeviceQualifierDesc
                0x0000000020000010        0xa ./Middlewares/ST/STM32_USB_Device_Library/Class/CDC/Src/usbd_cdc.o
 *fill*         0x000000002000001a        0x2 
 .data.USBD_CDC
                0x000000002000001c       0x38 ./Middlewares/ST/STM32_USB_Device_Library/Class/CDC/Src/usbd_cdc.o
                0x000000002000001c                USBD_CDC
 .data.USBD_CDC_CfgDesc
                0x0000000020000054       0x43 ./Middlewares/ST/STM32_USB_Device_Library/Class/CDC/Src/usbd_cdc.o
 .data.CDCInEpAdd
                0x0000000020000097        0x1 ./Middlewares/ST/STM32_USB_Device_Library/Class/CDC/Src/usbd_cdc.o
 .data.CDCOutEpAdd
                0x0000000020000098        0x1 ./Middlewares/ST/STM32_USB_Device_Library/Class/CDC/Src/usbd_cdc.o
 .data.CDCCmdEpAdd
                0x0000000020000099        0x1 ./Middlewares/ST/STM32_USB_Device_Library/Class/CDC/Src/usbd_cdc.o
 *fill*         0x000000002000009a        0x2 
 .data.USBD_Interface_fops_FS
                0x000000002000009c       0x14 ./USB_DEVICE/App/usbd_cdc_if.o
                0x000000002000009c                USBD_Interface_fops_FS
 .data.FS_Desc  0x00000000200000b0       0x20 ./USB_DEVICE/App/usbd_desc.o
                0x00000000200000b0                FS_Desc
 .data.USBD_FS_DeviceDesc
                0x00000000200000d0       0x12 ./USB_DEVICE/App/usbd_desc.o
                0x00000000200000d0                USBD_FS_DeviceDesc
 *fill*         0x00000000200000e2        0x2 
 .data.USBD_FS_BOSDesc
                0x00000000200000e4        0xc ./USB_DEVICE/App/usbd_desc.o
                0x00000000200000e4                USBD_FS_BOSDesc
 .data.USBD_LangIDDesc
                0x00000000200000f0        0x4 ./USB_DEVICE/App/usbd_desc.o
                0x00000000200000f0                USBD_LangIDDesc
 .data.USBD_StringSerial
                0x00000000200000f4       0x1a ./USB_DEVICE/App/usbd_desc.o
                0x00000000200000f4                USBD_StringSerial
 *(.RamFunc)
 *(.RamFunc*)
                0x0000000020000110                . = ALIGN (0x4)
 *fill*         0x000000002000010e        0x2 
                0x0000000020000110                _edata = .

.igot.plt       0x0000000020000110        0x0 load address 0x000000000800d008
 .igot.plt      0x0000000020000110        0x0 C:/ST/STM32CubeIDE_1.14.1/STM32CubeIDE/plugins/com.st.stm32cube.ide.mcu.externaltools.gnu-tools-for-stm32.11.3.rel1.win32_1.1.100.202309141235/tools/bin/../lib/gcc/arm-none-eabi/11.3.1/thumb/v7e-m+fp/hard/crtbegin.o
                0x0000000020000110                . = ALIGN (0x4)

.bss            0x0000000020000110     0x1778 load address 0x000000000800d008
                0x0000000020000110                _sbss = .
                0x0000000020000110                __bss_start__ = _sbss
 *(.bss)
 .bss           0x0000000020000110       0x1c C:/ST/STM32CubeIDE_1.14.1/STM32CubeIDE/plugins/com.st.stm32cube.ide.mcu.externaltools.gnu-tools-for-stm32.11.3.rel1.win32_1.1.100.202309141235/tools/bin/../lib/gcc/arm-none-eabi/11.3.1/thumb/v7e-m+fp/hard/crtbegin.o
 *(.bss*)
 .bss.hadc1     0x000000002000012c       0x64 ./Core/Src/main.o
                0x000000002000012c                hadc1
 .bss.hlpuart1  0x0000000020000190       0x88 ./Core/Src/main.o
                0x0000000020000190                hlpuart1
 .bss.hspi1     0x0000000020000218       0x64 ./Core/Src/main.o
                0x0000000020000218                hspi1
 .bss.ADC_Raw_Results
                0x000000002000027c        0x4 ./Core/Src/main.o
                0x000000002000027c                ADC_Raw_Results
 .bss.USB_RxBuf
                0x0000000020000280      0x400 ./Core/Src/main.o
                0x0000000020000280                USB_RxBuf
 .bss.USB_RxBufIndex
                0x0000000020000680        0x1 ./Core/Src/main.o
                0x0000000020000680                USB_RxBufIndex
 .bss.USB_RxBufFull
                0x0000000020000681        0x1 ./Core/Src/main.o
                0x0000000020000681                USB_RxBufFull
 .bss.USB_RxBufOverflow
                0x0000000020000682        0x1 ./Core/Src/main.o
                0x0000000020000682                USB_RxBufOverflow
 .bss.ANSI_ColorsOn
                0x0000000020000683        0x1 ./Core/Src/main.o
                0x0000000020000683                ANSI_ColorsOn
 .bss.RF_AmpSupplyOn
                0x0000000020000684        0x1 ./Core/Src/main.o
                0x0000000020000684                RF_AmpSupplyOn
 .bss.USB_RxDataReadyFlag
                0x0000000020000685        0x1 ./Core/Src/main.o
                0x0000000020000685                USB_RxDataReadyFlag
 .bss.Reset     0x0000000020000686        0x1 ./Core/Src/main.o
                0x0000000020000686                Reset
 *fill*         0x0000000020000687        0x1 
 .bss.uwTick    0x0000000020000688        0x4 ./Drivers/STM32L4xx_HAL_Driver/Src/stm32l4xx_hal.o
                0x0000000020000688                uwTick
 .bss.cfgidx.0  0x000000002000068c        0x1 ./Middlewares/ST/STM32_USB_Device_Library/Core/Src/usbd_ctlreq.o
 *fill*         0x000000002000068d        0x3 
 .bss.hUsbDeviceFS
                0x0000000020000690      0x2dc ./USB_DEVICE/App/usb_device.o
                0x0000000020000690                hUsbDeviceFS
 .bss.USB_COM_Port_open
                0x000000002000096c        0x1 ./USB_DEVICE/App/usbd_cdc_if.o
                0x000000002000096c                USB_COM_Port_open
 *fill*         0x000000002000096d        0x3 
 .bss.UserRxBufferFS
                0x0000000020000970      0x400 ./USB_DEVICE/App/usbd_cdc_if.o
                0x0000000020000970                UserRxBufferFS
 .bss.UserTxBufferFS
                0x0000000020000d70      0x400 ./USB_DEVICE/App/usbd_cdc_if.o
                0x0000000020000d70                UserTxBufferFS
 .bss.USBD_StrDesc
                0x0000000020001170      0x200 ./USB_DEVICE/App/usbd_desc.o
                0x0000000020001170                USBD_StrDesc
 .bss.hpcd_USB_FS
                0x0000000020001370      0x2f8 ./USB_DEVICE/Target/usbd_conf.o
                0x0000000020001370                hpcd_USB_FS
 .bss.mem.0     0x0000000020001668      0x220 ./USB_DEVICE/Target/usbd_conf.o
 *(COMMON)
                0x0000000020001888                . = ALIGN (0x4)
                0x0000000020001888                _ebss = .
                0x0000000020001888                __bss_end__ = _ebss

._user_heap_stack
                0x0000000020001888      0x600 load address 0x000000000800d008
                0x0000000020001888                . = ALIGN (0x8)
                [!provide]                        PROVIDE (end = .)
                0x0000000020001888                PROVIDE (_end = .)
                0x0000000020001a88                . = (. + _Min_Heap_Size)
 *fill*         0x0000000020001888      0x200 
                0x0000000020001e88                . = (. + _Min_Stack_Size)
 *fill*         0x0000000020001a88      0x400 
                0x0000000020001e88                . = ALIGN (0x8)

/DISCARD/
 libc.a(*)
 libm.a(*)
 libgcc.a(*)

.ARM.attributes
                0x0000000000000000       0x30
 *(.ARM.attributes)
 .ARM.attributes
                0x0000000000000000       0x1e C:/ST/STM32CubeIDE_1.14.1/STM32CubeIDE/plugins/com.st.stm32cube.ide.mcu.externaltools.gnu-tools-for-stm32.11.3.rel1.win32_1.1.100.202309141235/tools/bin/../lib/gcc/arm-none-eabi/11.3.1/thumb/v7e-m+fp/hard/crti.o
 .ARM.attributes
                0x000000000000001e       0x34 C:/ST/STM32CubeIDE_1.14.1/STM32CubeIDE/plugins/com.st.stm32cube.ide.mcu.externaltools.gnu-tools-for-stm32.11.3.rel1.win32_1.1.100.202309141235/tools/bin/../lib/gcc/arm-none-eabi/11.3.1/thumb/v7e-m+fp/hard/crtbegin.o
 .ARM.attributes
                0x0000000000000052       0x34 ./Core/Src/main.o
 .ARM.attributes
                0x0000000000000086       0x34 ./Core/Src/stm32l4xx_hal_msp.o
 .ARM.attributes
                0x00000000000000ba       0x34 ./Core/Src/stm32l4xx_it.o
 .ARM.attributes
                0x00000000000000ee       0x34 ./Core/Src/system_stm32l4xx.o
 .ARM.attributes
                0x0000000000000122       0x21 ./Core/Startup/startup_stm32l412k8ux.o
 .ARM.attributes
                0x0000000000000143       0x34 ./Drivers/STM32L4xx_HAL_Driver/Src/stm32l4xx_hal.o
 .ARM.attributes
                0x0000000000000177       0x34 ./Drivers/STM32L4xx_HAL_Driver/Src/stm32l4xx_hal_adc.o
 .ARM.attributes
                0x00000000000001ab       0x34 ./Drivers/STM32L4xx_HAL_Driver/Src/stm32l4xx_hal_adc_ex.o
 .ARM.attributes
                0x00000000000001df       0x34 ./Drivers/STM32L4xx_HAL_Driver/Src/stm32l4xx_hal_cortex.o
 .ARM.attributes
                0x0000000000000213       0x34 ./Drivers/STM32L4xx_HAL_Driver/Src/stm32l4xx_hal_gpio.o
 .ARM.attributes
                0x0000000000000247       0x34 ./Drivers/STM32L4xx_HAL_Driver/Src/stm32l4xx_hal_pcd.o
 .ARM.attributes
                0x000000000000027b       0x34 ./Drivers/STM32L4xx_HAL_Driver/Src/stm32l4xx_hal_pcd_ex.o
 .ARM.attributes
                0x00000000000002af       0x34 ./Drivers/STM32L4xx_HAL_Driver/Src/stm32l4xx_hal_pwr_ex.o
 .ARM.attributes
                0x00000000000002e3       0x34 ./Drivers/STM32L4xx_HAL_Driver/Src/stm32l4xx_hal_rcc.o
 .ARM.attributes
                0x0000000000000317       0x34 ./Drivers/STM32L4xx_HAL_Driver/Src/stm32l4xx_hal_rcc_ex.o
 .ARM.attributes
                0x000000000000034b       0x34 ./Drivers/STM32L4xx_HAL_Driver/Src/stm32l4xx_hal_spi.o
 .ARM.attributes
                0x000000000000037f       0x34 ./Drivers/STM32L4xx_HAL_Driver/Src/stm32l4xx_hal_uart.o
 .ARM.attributes
                0x00000000000003b3       0x34 ./Drivers/STM32L4xx_HAL_Driver/Src/stm32l4xx_hal_uart_ex.o
 .ARM.attributes
                0x00000000000003e7       0x34 ./Drivers/STM32L4xx_HAL_Driver/Src/stm32l4xx_ll_usb.o
 .ARM.attributes
                0x000000000000041b       0x34 ./Middlewares/ST/STM32_USB_Device_Library/Class/CDC/Src/usbd_cdc.o
 .ARM.attributes
                0x000000000000044f       0x34 ./Middlewares/ST/STM32_USB_Device_Library/Core/Src/usbd_core.o
 .ARM.attributes
                0x0000000000000483       0x34 ./Middlewares/ST/STM32_USB_Device_Library/Core/Src/usbd_ctlreq.o
 .ARM.attributes
                0x00000000000004b7       0x34 ./Middlewares/ST/STM32_USB_Device_Library/Core/Src/usbd_ioreq.o
 .ARM.attributes
                0x00000000000004eb       0x34 ./USB_DEVICE/App/usb_device.o
 .ARM.attributes
                0x000000000000051f       0x34 ./USB_DEVICE/App/usbd_cdc_if.o
 .ARM.attributes
                0x0000000000000553       0x34 ./USB_DEVICE/App/usbd_desc.o
 .ARM.attributes
                0x0000000000000587       0x34 ./USB_DEVICE/Target/usbd_conf.o
 .ARM.attributes
                0x00000000000005bb       0x34 C:/ST/STM32CubeIDE_1.14.1/STM32CubeIDE/plugins/com.st.stm32cube.ide.mcu.externaltools.gnu-tools-for-stm32.11.3.rel1.win32_1.1.100.202309141235/tools/bin/../lib/gcc/arm-none-eabi/11.3.1/../../../../arm-none-eabi/lib/thumb/v7e-m+fp/hard\libc_nano.a(libc_a-memset.o)
 .ARM.attributes
                0x00000000000005ef       0x34 C:/ST/STM32CubeIDE_1.14.1/STM32CubeIDE/plugins/com.st.stm32cube.ide.mcu.externaltools.gnu-tools-for-stm32.11.3.rel1.win32_1.1.100.202309141235/tools/bin/../lib/gcc/arm-none-eabi/11.3.1/../../../../arm-none-eabi/lib/thumb/v7e-m+fp/hard\libc_nano.a(libc_a-strncmp.o)
 .ARM.attributes
                0x0000000000000623       0x34 C:/ST/STM32CubeIDE_1.14.1/STM32CubeIDE/plugins/com.st.stm32cube.ide.mcu.externaltools.gnu-tools-for-stm32.11.3.rel1.win32_1.1.100.202309141235/tools/bin/../lib/gcc/arm-none-eabi/11.3.1/../../../../arm-none-eabi/lib/thumb/v7e-m+fp/hard\libc_nano.a(libc_a-strncpy.o)
 .ARM.attributes
                0x0000000000000657       0x34 C:/ST/STM32CubeIDE_1.14.1/STM32CubeIDE/plugins/com.st.stm32cube.ide.mcu.externaltools.gnu-tools-for-stm32.11.3.rel1.win32_1.1.100.202309141235/tools/bin/../lib/gcc/arm-none-eabi/11.3.1/../../../../arm-none-eabi/lib/thumb/v7e-m+fp/hard\libc_nano.a(libc_a-init.o)
 .ARM.attributes
                0x000000000000068b       0x34 C:/ST/STM32CubeIDE_1.14.1/STM32CubeIDE/plugins/com.st.stm32cube.ide.mcu.externaltools.gnu-tools-for-stm32.11.3.rel1.win32_1.1.100.202309141235/tools/bin/../lib/gcc/arm-none-eabi/11.3.1/../../../../arm-none-eabi/lib/thumb/v7e-m+fp/hard\libc_nano.a(libc_a-memcpy-stub.o)
 .ARM.attributes
                0x00000000000006bf       0x1e C:/ST/STM32CubeIDE_1.14.1/STM32CubeIDE/plugins/com.st.stm32cube.ide.mcu.externaltools.gnu-tools-for-stm32.11.3.rel1.win32_1.1.100.202309141235/tools/bin/../lib/gcc/arm-none-eabi/11.3.1/thumb/v7e-m+fp/hard\libgcc.a(_aeabi_uldivmod.o)
 .ARM.attributes
                0x00000000000006dd       0x34 C:/ST/STM32CubeIDE_1.14.1/STM32CubeIDE/plugins/com.st.stm32cube.ide.mcu.externaltools.gnu-tools-for-stm32.11.3.rel1.win32_1.1.100.202309141235/tools/bin/../lib/gcc/arm-none-eabi/11.3.1/thumb/v7e-m+fp/hard\libgcc.a(_udivmoddi4.o)
 .ARM.attributes
                0x0000000000000711       0x1e C:/ST/STM32CubeIDE_1.14.1/STM32CubeIDE/plugins/com.st.stm32cube.ide.mcu.externaltools.gnu-tools-for-stm32.11.3.rel1.win32_1.1.100.202309141235/tools/bin/../lib/gcc/arm-none-eabi/11.3.1/thumb/v7e-m+fp/hard\libgcc.a(_dvmd_tls.o)
 .ARM.attributes
                0x000000000000072f       0x1e C:/ST/STM32CubeIDE_1.14.1/STM32CubeIDE/plugins/com.st.stm32cube.ide.mcu.externaltools.gnu-tools-for-stm32.11.3.rel1.win32_1.1.100.202309141235/tools/bin/../lib/gcc/arm-none-eabi/11.3.1/thumb/v7e-m+fp/hard/crtn.o
OUTPUT(PQ9_raadioside_moodul_V1.1.elf elf32-littlearm)
LOAD linker stubs
LOAD C:/ST/STM32CubeIDE_1.14.1/STM32CubeIDE/plugins/com.st.stm32cube.ide.mcu.externaltools.gnu-tools-for-stm32.11.3.rel1.win32_1.1.100.202309141235/tools/bin/../lib/gcc/arm-none-eabi/11.3.1/../../../../arm-none-eabi/lib/thumb/v7e-m+fp/hard\libc.a
LOAD C:/ST/STM32CubeIDE_1.14.1/STM32CubeIDE/plugins/com.st.stm32cube.ide.mcu.externaltools.gnu-tools-for-stm32.11.3.rel1.win32_1.1.100.202309141235/tools/bin/../lib/gcc/arm-none-eabi/11.3.1/../../../../arm-none-eabi/lib/thumb/v7e-m+fp/hard\libm.a
LOAD C:/ST/STM32CubeIDE_1.14.1/STM32CubeIDE/plugins/com.st.stm32cube.ide.mcu.externaltools.gnu-tools-for-stm32.11.3.rel1.win32_1.1.100.202309141235/tools/bin/../lib/gcc/arm-none-eabi/11.3.1/thumb/v7e-m+fp/hard\libgcc.a

.comment        0x0000000000000000       0x43
 .comment       0x0000000000000000       0x43 C:/ST/STM32CubeIDE_1.14.1/STM32CubeIDE/plugins/com.st.stm32cube.ide.mcu.externaltools.gnu-tools-for-stm32.11.3.rel1.win32_1.1.100.202309141235/tools/bin/../lib/gcc/arm-none-eabi/11.3.1/thumb/v7e-m+fp/hard/crtbegin.o
                                         0x44 (size before relaxing)
 .comment       0x0000000000000043       0x44 ./Core/Src/main.o
 .comment       0x0000000000000043       0x44 ./Core/Src/stm32l4xx_hal_msp.o
 .comment       0x0000000000000043       0x44 ./Core/Src/stm32l4xx_it.o
 .comment       0x0000000000000043       0x44 ./Core/Src/system_stm32l4xx.o
 .comment       0x0000000000000043       0x44 ./Drivers/STM32L4xx_HAL_Driver/Src/stm32l4xx_hal.o
 .comment       0x0000000000000043       0x44 ./Drivers/STM32L4xx_HAL_Driver/Src/stm32l4xx_hal_adc.o
 .comment       0x0000000000000043       0x44 ./Drivers/STM32L4xx_HAL_Driver/Src/stm32l4xx_hal_adc_ex.o
 .comment       0x0000000000000043       0x44 ./Drivers/STM32L4xx_HAL_Driver/Src/stm32l4xx_hal_cortex.o
 .comment       0x0000000000000043       0x44 ./Drivers/STM32L4xx_HAL_Driver/Src/stm32l4xx_hal_gpio.o
 .comment       0x0000000000000043       0x44 ./Drivers/STM32L4xx_HAL_Driver/Src/stm32l4xx_hal_pcd.o
 .comment       0x0000000000000043       0x44 ./Drivers/STM32L4xx_HAL_Driver/Src/stm32l4xx_hal_pcd_ex.o
 .comment       0x0000000000000043       0x44 ./Drivers/STM32L4xx_HAL_Driver/Src/stm32l4xx_hal_pwr_ex.o
 .comment       0x0000000000000043       0x44 ./Drivers/STM32L4xx_HAL_Driver/Src/stm32l4xx_hal_rcc.o
 .comment       0x0000000000000043       0x44 ./Drivers/STM32L4xx_HAL_Driver/Src/stm32l4xx_hal_rcc_ex.o
 .comment       0x0000000000000043       0x44 ./Drivers/STM32L4xx_HAL_Driver/Src/stm32l4xx_hal_spi.o
 .comment       0x0000000000000043       0x44 ./Drivers/STM32L4xx_HAL_Driver/Src/stm32l4xx_hal_uart.o
 .comment       0x0000000000000043       0x44 ./Drivers/STM32L4xx_HAL_Driver/Src/stm32l4xx_hal_uart_ex.o
 .comment       0x0000000000000043       0x44 ./Drivers/STM32L4xx_HAL_Driver/Src/stm32l4xx_ll_usb.o
 .comment       0x0000000000000043       0x44 ./Middlewares/ST/STM32_USB_Device_Library/Class/CDC/Src/usbd_cdc.o
 .comment       0x0000000000000043       0x44 ./Middlewares/ST/STM32_USB_Device_Library/Core/Src/usbd_core.o
 .comment       0x0000000000000043       0x44 ./Middlewares/ST/STM32_USB_Device_Library/Core/Src/usbd_ctlreq.o
 .comment       0x0000000000000043       0x44 ./Middlewares/ST/STM32_USB_Device_Library/Core/Src/usbd_ioreq.o
 .comment       0x0000000000000043       0x44 ./USB_DEVICE/App/usb_device.o
 .comment       0x0000000000000043       0x44 ./USB_DEVICE/App/usbd_cdc_if.o
 .comment       0x0000000000000043       0x44 ./USB_DEVICE/App/usbd_desc.o
 .comment       0x0000000000000043       0x44 ./USB_DEVICE/Target/usbd_conf.o

.debug_info     0x0000000000000000    0x1b1a5
 .debug_info    0x0000000000000000     0x1ca6 ./Core/Src/main.o
 .debug_info    0x0000000000001ca6     0x1391 ./Core/Src/stm32l4xx_hal_msp.o
 .debug_info    0x0000000000003037      0x63f ./Core/Src/stm32l4xx_it.o
 .debug_info    0x0000000000003676      0x5bf ./Core/Src/system_stm32l4xx.o
 .debug_info    0x0000000000003c35       0x23 ./Core/Startup/startup_stm32l412k8ux.o
 .debug_info    0x0000000000003c58      0x984 ./Drivers/STM32L4xx_HAL_Driver/Src/stm32l4xx_hal.o
 .debug_info    0x00000000000045dc     0x1df2 ./Drivers/STM32L4xx_HAL_Driver/Src/stm32l4xx_hal_adc.o
 .debug_info    0x00000000000063ce     0x1b5a ./Drivers/STM32L4xx_HAL_Driver/Src/stm32l4xx_hal_adc_ex.o
 .debug_info    0x0000000000007f28      0xcb6 ./Drivers/STM32L4xx_HAL_Driver/Src/stm32l4xx_hal_cortex.o
 .debug_info    0x0000000000008bde      0x757 ./Drivers/STM32L4xx_HAL_Driver/Src/stm32l4xx_hal_gpio.o
 .debug_info    0x0000000000009335     0x16a0 ./Drivers/STM32L4xx_HAL_Driver/Src/stm32l4xx_hal_pcd.o
 .debug_info    0x000000000000a9d5      0x828 ./Drivers/STM32L4xx_HAL_Driver/Src/stm32l4xx_hal_pcd_ex.o
 .debug_info    0x000000000000b1fd      0x968 ./Drivers/STM32L4xx_HAL_Driver/Src/stm32l4xx_hal_pwr_ex.o
 .debug_info    0x000000000000bb65      0xbe0 ./Drivers/STM32L4xx_HAL_Driver/Src/stm32l4xx_hal_rcc.o
 .debug_info    0x000000000000c745      0xce4 ./Drivers/STM32L4xx_HAL_Driver/Src/stm32l4xx_hal_rcc_ex.o
 .debug_info    0x000000000000d429     0x161a ./Drivers/STM32L4xx_HAL_Driver/Src/stm32l4xx_hal_spi.o
 .debug_info    0x000000000000ea43     0x3b77 ./Drivers/STM32L4xx_HAL_Driver/Src/stm32l4xx_hal_uart.o
 .debug_info    0x00000000000125ba      0xdff ./Drivers/STM32L4xx_HAL_Driver/Src/stm32l4xx_hal_uart_ex.o
 .debug_info    0x00000000000133b9     0x17d2 ./Drivers/STM32L4xx_HAL_Driver/Src/stm32l4xx_ll_usb.o
 .debug_info    0x0000000000014b8b     0x12db ./Middlewares/ST/STM32_USB_Device_Library/Class/CDC/Src/usbd_cdc.o
 .debug_info    0x0000000000015e66      0xe12 ./Middlewares/ST/STM32_USB_Device_Library/Core/Src/usbd_core.o
 .debug_info    0x0000000000016c78      0xaeb ./Middlewares/ST/STM32_USB_Device_Library/Core/Src/usbd_ctlreq.o
 .debug_info    0x0000000000017763      0x762 ./Middlewares/ST/STM32_USB_Device_Library/Core/Src/usbd_ioreq.o
 .debug_info    0x0000000000017ec5      0x70e ./USB_DEVICE/App/usb_device.o
 .debug_info    0x00000000000185d3      0x947 ./USB_DEVICE/App/usbd_cdc_if.o
 .debug_info    0x0000000000018f1a      0x4ba ./USB_DEVICE/App/usbd_desc.o
 .debug_info    0x00000000000193d4     0x1dd1 ./USB_DEVICE/Target/usbd_conf.o

.debug_abbrev   0x0000000000000000     0x3d86
 .debug_abbrev  0x0000000000000000      0x31e ./Core/Src/main.o
 .debug_abbrev  0x000000000000031e      0x1fd ./Core/Src/stm32l4xx_hal_msp.o
 .debug_abbrev  0x000000000000051b      0x192 ./Core/Src/stm32l4xx_it.o
 .debug_abbrev  0x00000000000006ad      0x11a ./Core/Src/system_stm32l4xx.o
 .debug_abbrev  0x00000000000007c7       0x12 ./Core/Startup/startup_stm32l412k8ux.o
 .debug_abbrev  0x00000000000007d9      0x256 ./Drivers/STM32L4xx_HAL_Driver/Src/stm32l4xx_hal.o
 .debug_abbrev  0x0000000000000a2f      0x2e0 ./Drivers/STM32L4xx_HAL_Driver/Src/stm32l4xx_hal_adc.o
 .debug_abbrev  0x0000000000000d0f      0x2f1 ./Drivers/STM32L4xx_HAL_Driver/Src/stm32l4xx_hal_adc_ex.o
 .debug_abbrev  0x0000000000001000      0x327 ./Drivers/STM32L4xx_HAL_Driver/Src/stm32l4xx_hal_cortex.o
 .debug_abbrev  0x0000000000001327      0x1cb ./Drivers/STM32L4xx_HAL_Driver/Src/stm32l4xx_hal_gpio.o
 .debug_abbrev  0x00000000000014f2      0x2ca ./Drivers/STM32L4xx_HAL_Driver/Src/stm32l4xx_hal_pcd.o
 .debug_abbrev  0x00000000000017bc      0x1e8 ./Drivers/STM32L4xx_HAL_Driver/Src/stm32l4xx_hal_pcd_ex.o
 .debug_abbrev  0x00000000000019a4      0x1f9 ./Drivers/STM32L4xx_HAL_Driver/Src/stm32l4xx_hal_pwr_ex.o
 .debug_abbrev  0x0000000000001b9d      0x2d6 ./Drivers/STM32L4xx_HAL_Driver/Src/stm32l4xx_hal_rcc.o
 .debug_abbrev  0x0000000000001e73      0x26d ./Drivers/STM32L4xx_HAL_Driver/Src/stm32l4xx_hal_rcc_ex.o
 .debug_abbrev  0x00000000000020e0      0x26a ./Drivers/STM32L4xx_HAL_Driver/Src/stm32l4xx_hal_spi.o
 .debug_abbrev  0x000000000000234a      0x2d0 ./Drivers/STM32L4xx_HAL_Driver/Src/stm32l4xx_hal_uart.o
 .debug_abbrev  0x000000000000261a      0x2be ./Drivers/STM32L4xx_HAL_Driver/Src/stm32l4xx_hal_uart_ex.o
 .debug_abbrev  0x00000000000028d8      0x1de ./Drivers/STM32L4xx_HAL_Driver/Src/stm32l4xx_ll_usb.o
 .debug_abbrev  0x0000000000002ab6      0x2c3 ./Middlewares/ST/STM32_USB_Device_Library/Class/CDC/Src/usbd_cdc.o
 .debug_abbrev  0x0000000000002d79      0x27c ./Middlewares/ST/STM32_USB_Device_Library/Core/Src/usbd_core.o
 .debug_abbrev  0x0000000000002ff5      0x26f ./Middlewares/ST/STM32_USB_Device_Library/Core/Src/usbd_ctlreq.o
 .debug_abbrev  0x0000000000003264      0x19a ./Middlewares/ST/STM32_USB_Device_Library/Core/Src/usbd_ioreq.o
 .debug_abbrev  0x00000000000033fe      0x195 ./USB_DEVICE/App/usb_device.o
 .debug_abbrev  0x0000000000003593      0x2cc ./USB_DEVICE/App/usbd_cdc_if.o
 .debug_abbrev  0x000000000000385f      0x1e3 ./USB_DEVICE/App/usbd_desc.o
 .debug_abbrev  0x0000000000003a42      0x344 ./USB_DEVICE/Target/usbd_conf.o

.debug_aranges  0x0000000000000000     0x15d0
 .debug_aranges
                0x0000000000000000       0x98 ./Core/Src/main.o
 .debug_aranges
                0x0000000000000098       0x50 ./Core/Src/stm32l4xx_hal_msp.o
 .debug_aranges
                0x00000000000000e8       0x68 ./Core/Src/stm32l4xx_it.o
 .debug_aranges
                0x0000000000000150       0x28 ./Core/Src/system_stm32l4xx.o
 .debug_aranges
                0x0000000000000178       0x28 ./Core/Startup/startup_stm32l412k8ux.o
 .debug_aranges
                0x00000000000001a0      0x108 ./Drivers/STM32L4xx_HAL_Driver/Src/stm32l4xx_hal.o
 .debug_aranges
                0x00000000000002a8      0x228 ./Drivers/STM32L4xx_HAL_Driver/Src/stm32l4xx_hal_adc.o
 .debug_aranges
                0x00000000000004d0      0x1b0 ./Drivers/STM32L4xx_HAL_Driver/Src/stm32l4xx_hal_adc_ex.o
 .debug_aranges
                0x0000000000000680      0x118 ./Drivers/STM32L4xx_HAL_Driver/Src/stm32l4xx_hal_cortex.o
 .debug_aranges
                0x0000000000000798       0x58 ./Drivers/STM32L4xx_HAL_Driver/Src/stm32l4xx_hal_gpio.o
 .debug_aranges
                0x00000000000007f0      0x138 ./Drivers/STM32L4xx_HAL_Driver/Src/stm32l4xx_hal_pcd.o
 .debug_aranges
                0x0000000000000928       0x58 ./Drivers/STM32L4xx_HAL_Driver/Src/stm32l4xx_hal_pcd_ex.o
 .debug_aranges
                0x0000000000000980      0x148 ./Drivers/STM32L4xx_HAL_Driver/Src/stm32l4xx_hal_pwr_ex.o
 .debug_aranges
                0x0000000000000ac8       0x90 ./Drivers/STM32L4xx_HAL_Driver/Src/stm32l4xx_hal_rcc.o
 .debug_aranges
                0x0000000000000b58       0xd0 ./Drivers/STM32L4xx_HAL_Driver/Src/stm32l4xx_hal_rcc_ex.o
 .debug_aranges
                0x0000000000000c28      0x1d8 ./Drivers/STM32L4xx_HAL_Driver/Src/stm32l4xx_hal_spi.o
 .debug_aranges
                0x0000000000000e00      0x228 ./Drivers/STM32L4xx_HAL_Driver/Src/stm32l4xx_hal_uart.o
 .debug_aranges
                0x0000000000001028       0x80 ./Drivers/STM32L4xx_HAL_Driver/Src/stm32l4xx_hal_uart_ex.o
 .debug_aranges
                0x00000000000010a8       0xf8 ./Drivers/STM32L4xx_HAL_Driver/Src/stm32l4xx_ll_usb.o
 .debug_aranges
                0x00000000000011a0       0x90 ./Middlewares/ST/STM32_USB_Device_Library/Class/CDC/Src/usbd_cdc.o
 .debug_aranges
                0x0000000000001230       0xd8 ./Middlewares/ST/STM32_USB_Device_Library/Core/Src/usbd_core.o
 .debug_aranges
                0x0000000000001308       0x90 ./Middlewares/ST/STM32_USB_Device_Library/Core/Src/usbd_ctlreq.o
 .debug_aranges
                0x0000000000001398       0x50 ./Middlewares/ST/STM32_USB_Device_Library/Core/Src/usbd_ioreq.o
 .debug_aranges
                0x00000000000013e8       0x20 ./USB_DEVICE/App/usb_device.o
 .debug_aranges
                0x0000000000001408       0x48 ./USB_DEVICE/App/usbd_cdc_if.o
 .debug_aranges
                0x0000000000001450       0x68 ./USB_DEVICE/App/usbd_desc.o
 .debug_aranges
                0x00000000000014b8      0x118 ./USB_DEVICE/Target/usbd_conf.o

.debug_rnglists
                0x0000000000000000     0x109d
 .debug_rnglists
                0x0000000000000000       0x75 ./Core/Src/main.o
 .debug_rnglists
                0x0000000000000075       0x39 ./Core/Src/stm32l4xx_hal_msp.o
 .debug_rnglists
                0x00000000000000ae       0x49 ./Core/Src/stm32l4xx_it.o
 .debug_rnglists
                0x00000000000000f7       0x1a ./Core/Src/system_stm32l4xx.o
 .debug_rnglists
                0x0000000000000111       0x19 ./Core/Startup/startup_stm32l412k8ux.o
 .debug_rnglists
                0x000000000000012a       0xc1 ./Drivers/STM32L4xx_HAL_Driver/Src/stm32l4xx_hal.o
 .debug_rnglists
                0x00000000000001eb      0x1a8 ./Drivers/STM32L4xx_HAL_Driver/Src/stm32l4xx_hal_adc.o
 .debug_rnglists
                0x0000000000000393      0x14e ./Drivers/STM32L4xx_HAL_Driver/Src/stm32l4xx_hal_adc_ex.o
 .debug_rnglists
                0x00000000000004e1       0xce ./Drivers/STM32L4xx_HAL_Driver/Src/stm32l4xx_hal_cortex.o
 .debug_rnglists
                0x00000000000005af       0x3f ./Drivers/STM32L4xx_HAL_Driver/Src/stm32l4xx_hal_gpio.o
 .debug_rnglists
                0x00000000000005ee       0xee ./Drivers/STM32L4xx_HAL_Driver/Src/stm32l4xx_hal_pcd.o
 .debug_rnglists
                0x00000000000006dc       0x3f ./Drivers/STM32L4xx_HAL_Driver/Src/stm32l4xx_hal_pcd_ex.o
 .debug_rnglists
                0x000000000000071b       0xf7 ./Drivers/STM32L4xx_HAL_Driver/Src/stm32l4xx_hal_pwr_ex.o
 .debug_rnglists
                0x0000000000000812       0x6d ./Drivers/STM32L4xx_HAL_Driver/Src/stm32l4xx_hal_rcc.o
 .debug_rnglists
                0x000000000000087f       0x9f ./Drivers/STM32L4xx_HAL_Driver/Src/stm32l4xx_hal_rcc_ex.o
 .debug_rnglists
                0x000000000000091e      0x178 ./Drivers/STM32L4xx_HAL_Driver/Src/stm32l4xx_hal_spi.o
 .debug_rnglists
                0x0000000000000a96      0x1db ./Drivers/STM32L4xx_HAL_Driver/Src/stm32l4xx_hal_uart.o
 .debug_rnglists
                0x0000000000000c71       0x60 ./Drivers/STM32L4xx_HAL_Driver/Src/stm32l4xx_hal_uart_ex.o
 .debug_rnglists
                0x0000000000000cd1       0xbd ./Drivers/STM32L4xx_HAL_Driver/Src/stm32l4xx_ll_usb.o
 .debug_rnglists
                0x0000000000000d8e       0x6c ./Middlewares/ST/STM32_USB_Device_Library/Class/CDC/Src/usbd_cdc.o
 .debug_rnglists
                0x0000000000000dfa       0xa1 ./Middlewares/ST/STM32_USB_Device_Library/Core/Src/usbd_core.o
 .debug_rnglists
                0x0000000000000e9b       0x6e ./Middlewares/ST/STM32_USB_Device_Library/Core/Src/usbd_ctlreq.o
 .debug_rnglists
                0x0000000000000f09       0x37 ./Middlewares/ST/STM32_USB_Device_Library/Core/Src/usbd_ioreq.o
 .debug_rnglists
                0x0000000000000f40       0x13 ./USB_DEVICE/App/usb_device.o
 .debug_rnglists
                0x0000000000000f53       0x32 ./USB_DEVICE/App/usbd_cdc_if.o
 .debug_rnglists
                0x0000000000000f85       0x49 ./USB_DEVICE/App/usbd_desc.o
 .debug_rnglists
                0x0000000000000fce       0xcf ./USB_DEVICE/Target/usbd_conf.o

.debug_macro    0x0000000000000000    0x1ea98
 .debug_macro   0x0000000000000000      0x493 ./Core/Src/main.o
 .debug_macro   0x0000000000000493      0xaa8 ./Core/Src/main.o
 .debug_macro   0x0000000000000f3b      0x1b3 ./Core/Src/main.o
 .debug_macro   0x00000000000010ee       0x2e ./Core/Src/main.o
 .debug_macro   0x000000000000111c       0x28 ./Core/Src/main.o
 .debug_macro   0x0000000000001144       0x22 ./Core/Src/main.o
 .debug_macro   0x0000000000001166       0x8e ./Core/Src/main.o
 .debug_macro   0x00000000000011f4       0x51 ./Core/Src/main.o
 .debug_macro   0x0000000000001245      0x103 ./Core/Src/main.o
 .debug_macro   0x0000000000001348       0x6a ./Core/Src/main.o
 .debug_macro   0x00000000000013b2      0x1df ./Core/Src/main.o
 .debug_macro   0x0000000000001591       0x1c ./Core/Src/main.o
 .debug_macro   0x00000000000015ad       0x22 ./Core/Src/main.o
 .debug_macro   0x00000000000015cf       0xfb ./Core/Src/main.o
 .debug_macro   0x00000000000016ca     0x1011 ./Core/Src/main.o
 .debug_macro   0x00000000000026db      0x11f ./Core/Src/main.o
 .debug_macro   0x00000000000027fa     0xe4b1 ./Core/Src/main.o
 .debug_macro   0x0000000000010cab       0x6d ./Core/Src/main.o
 .debug_macro   0x0000000000010d18     0x38df ./Core/Src/main.o
 .debug_macro   0x00000000000145f7      0x174 ./Core/Src/main.o
 .debug_macro   0x000000000001476b       0x5c ./Core/Src/main.o
 .debug_macro   0x00000000000147c7     0x105e ./Core/Src/main.o
 .debug_macro   0x0000000000015825      0x49b ./Core/Src/main.o
 .debug_macro   0x0000000000015cc0      0x1b9 ./Core/Src/main.o
 .debug_macro   0x0000000000015e79       0xd7 ./Core/Src/main.o
 .debug_macro   0x0000000000015f50      0x26b ./Core/Src/main.o
 .debug_macro   0x00000000000161bb      0x23d ./Core/Src/main.o
 .debug_macro   0x00000000000163f8      0xf67 ./Core/Src/main.o
 .debug_macro   0x000000000001735f      0x62b ./Core/Src/main.o
 .debug_macro   0x000000000001798a      0x30c ./Core/Src/main.o
 .debug_macro   0x0000000000017c96      0x21c ./Core/Src/main.o
 .debug_macro   0x0000000000017eb2      0x375 ./Core/Src/main.o
 .debug_macro   0x0000000000018227       0xd6 ./Core/Src/main.o
 .debug_macro   0x00000000000182fd       0xab ./Core/Src/main.o
 .debug_macro   0x00000000000183a8      0x22d ./Core/Src/main.o
 .debug_macro   0x00000000000185d5      0x122 ./Core/Src/main.o
 .debug_macro   0x00000000000186f7      0x364 ./Core/Src/main.o
 .debug_macro   0x0000000000018a5b      0x2fe ./Core/Src/main.o
 .debug_macro   0x0000000000018d59      0x5cf ./Core/Src/main.o
 .debug_macro   0x0000000000019328       0x44 ./Core/Src/main.o
 .debug_macro   0x000000000001936c      0x220 ./Core/Src/main.o
 .debug_macro   0x000000000001958c       0xa0 ./Core/Src/main.o
 .debug_macro   0x000000000001962c       0x61 ./Core/Src/main.o
 .debug_macro   0x000000000001968d       0x2a ./Core/Src/main.o
 .debug_macro   0x00000000000196b7       0x43 ./Core/Src/main.o
 .debug_macro   0x00000000000196fa       0x34 ./Core/Src/main.o
 .debug_macro   0x000000000001972e       0x16 ./Core/Src/main.o
 .debug_macro   0x0000000000019744       0x35 ./Core/Src/main.o
 .debug_macro   0x0000000000019779      0x369 ./Core/Src/main.o
 .debug_macro   0x0000000000019ae2       0x10 ./Core/Src/main.o
 .debug_macro   0x0000000000019af2       0x16 ./Core/Src/main.o
 .debug_macro   0x0000000000019b08       0x43 ./Core/Src/main.o
 .debug_macro   0x0000000000019b4b       0x34 ./Core/Src/main.o
 .debug_macro   0x0000000000019b7f       0x10 ./Core/Src/main.o
 .debug_macro   0x0000000000019b8f       0x58 ./Core/Src/main.o
 .debug_macro   0x0000000000019be7       0x8e ./Core/Src/main.o
 .debug_macro   0x0000000000019c75       0x1c ./Core/Src/main.o
 .debug_macro   0x0000000000019c91      0x177 ./Core/Src/main.o
 .debug_macro   0x0000000000019e08       0x16 ./Core/Src/main.o
 .debug_macro   0x0000000000019e1e       0x16 ./Core/Src/main.o
 .debug_macro   0x0000000000019e34      0x147 ./Core/Src/main.o
 .debug_macro   0x0000000000019f7b       0x16 ./Core/Src/main.o
 .debug_macro   0x0000000000019f91       0x16 ./Core/Src/main.o
 .debug_macro   0x0000000000019fa7       0x29 ./Core/Src/main.o
 .debug_macro   0x0000000000019fd0       0x16 ./Core/Src/main.o
 .debug_macro   0x0000000000019fe6       0x20 ./Core/Src/main.o
 .debug_macro   0x000000000001a006       0x5f ./Core/Src/main.o
 .debug_macro   0x000000000001a065      0x20f ./Core/Src/main.o
 .debug_macro   0x000000000001a274       0x95 ./Core/Src/main.o
 .debug_macro   0x000000000001a309       0x10 ./Core/Src/main.o
 .debug_macro   0x000000000001a319      0x14e ./Core/Src/main.o
 .debug_macro   0x000000000001a467      0x216 ./Core/Src/stm32l4xx_hal_msp.o
 .debug_macro   0x000000000001a67d      0x220 ./Core/Src/stm32l4xx_it.o
 .debug_macro   0x000000000001a89d      0x207 ./Core/Src/system_stm32l4xx.o
 .debug_macro   0x000000000001aaa4      0x24f ./Drivers/STM32L4xx_HAL_Driver/Src/stm32l4xx_hal.o
 .debug_macro   0x000000000001acf3      0x224 ./Drivers/STM32L4xx_HAL_Driver/Src/stm32l4xx_hal_adc.o
 .debug_macro   0x000000000001af17      0x213 ./Drivers/STM32L4xx_HAL_Driver/Src/stm32l4xx_hal_adc_ex.o
 .debug_macro   0x000000000001b12a      0x207 ./Drivers/STM32L4xx_HAL_Driver/Src/stm32l4xx_hal_cortex.o
 .debug_macro   0x000000000001b331      0x20e ./Drivers/STM32L4xx_HAL_Driver/Src/stm32l4xx_hal_gpio.o
 .debug_macro   0x000000000001b53f      0x213 ./Drivers/STM32L4xx_HAL_Driver/Src/stm32l4xx_hal_pcd.o
 .debug_macro   0x000000000001b752      0x207 ./Drivers/STM32L4xx_HAL_Driver/Src/stm32l4xx_hal_pcd_ex.o
 .debug_macro   0x000000000001b959      0x22b ./Drivers/STM32L4xx_HAL_Driver/Src/stm32l4xx_hal_pwr_ex.o
 .debug_macro   0x000000000001bb84      0x249 ./Drivers/STM32L4xx_HAL_Driver/Src/stm32l4xx_hal_rcc.o
 .debug_macro   0x000000000001bdcd      0x23d ./Drivers/STM32L4xx_HAL_Driver/Src/stm32l4xx_hal_rcc_ex.o
 .debug_macro   0x000000000001c00a      0x20f ./Drivers/STM32L4xx_HAL_Driver/Src/stm32l4xx_hal_spi.o
 .debug_macro   0x000000000001c219      0x232 ./Drivers/STM32L4xx_HAL_Driver/Src/stm32l4xx_hal_uart.o
 .debug_macro   0x000000000001c44b      0x207 ./Drivers/STM32L4xx_HAL_Driver/Src/stm32l4xx_hal_uart_ex.o
 .debug_macro   0x000000000001c652      0x207 ./Drivers/STM32L4xx_HAL_Driver/Src/stm32l4xx_ll_usb.o
 .debug_macro   0x000000000001c859      0x3a5 ./Middlewares/ST/STM32_USB_Device_Library/Class/CDC/Src/usbd_cdc.o
 .debug_macro   0x000000000001cbfe       0x97 ./Middlewares/ST/STM32_USB_Device_Library/Class/CDC/Src/usbd_cdc.o