Archive member included to satisfy reference by file (symbol)

C:/ST/STM32CubeIDE_1.14.1/STM32CubeIDE/plugins/com.st.stm32cube.ide.mcu.externaltools.gnu-tools-for-stm32.11.3.rel1.win32_1.1.100.202309141235/tools/bin/../lib/gcc/arm-none-eabi/11.3.1/../../../../arm-none-eabi/lib/thumb/v7e-m+fp/hard\libc_nano.a(libc_a-exit.o)
                              C:/ST/STM32CubeIDE_1.14.1/STM32CubeIDE/plugins/com.st.stm32cube.ide.mcu.externaltools.gnu-tools-for-stm32.11.3.rel1.win32_1.1.100.202309141235/tools/bin/../lib/gcc/arm-none-eabi/11.3.1/../../../../arm-none-eabi/lib/thumb/v7e-m+fp/hard/crt0.o (exit)
C:/ST/STM32CubeIDE_1.14.1/STM32CubeIDE/plugins/com.st.stm32cube.ide.mcu.externaltools.gnu-tools-for-stm32.11.3.rel1.win32_1.1.100.202309141235/tools/bin/../lib/gcc/arm-none-eabi/11.3.1/../../../../arm-none-eabi/lib/thumb/v7e-m+fp/hard\libc_nano.a(libc_a-findfp.o)
                              C:/ST/STM32CubeIDE_1.14.1/STM32CubeIDE/plugins/com.st.stm32cube.ide.mcu.externaltools.gnu-tools-for-stm32.11.3.rel1.win32_1.1.100.202309141235/tools/bin/../lib/gcc/arm-none-eabi/11.3.1/../../../../arm-none-eabi/lib/thumb/v7e-m+fp/hard\libc_nano.a(libc_a-exit.o) (__stdio_exit_handler)
C:/ST/STM32CubeIDE_1.14.1/STM32CubeIDE/plugins/com.st.stm32cube.ide.mcu.externaltools.gnu-tools-for-stm32.11.3.rel1.win32_1.1.100.202309141235/tools/bin/../lib/gcc/arm-none-eabi/11.3.1/../../../../arm-none-eabi/lib/thumb/v7e-m+fp/hard\libc_nano.a(libc_a-fwalk.o)
                              C:/ST/STM32CubeIDE_1.14.1/STM32CubeIDE/plugins/com.st.stm32cube.ide.mcu.externaltools.gnu-tools-for-stm32.11.3.rel1.win32_1.1.100.202309141235/tools/bin/../lib/gcc/arm-none-eabi/11.3.1/../../../../arm-none-eabi/lib/thumb/v7e-m+fp/hard\libc_nano.a(libc_a-findfp.o) (_fwalk_sglue)
C:/ST/STM32CubeIDE_1.14.1/STM32CubeIDE/plugins/com.st.stm32cube.ide.mcu.externaltools.gnu-tools-for-stm32.11.3.rel1.win32_1.1.100.202309141235/tools/bin/../lib/gcc/arm-none-eabi/11.3.1/../../../../arm-none-eabi/lib/thumb/v7e-m+fp/hard\libc_nano.a(libc_a-stdio.o)
                              C:/ST/STM32CubeIDE_1.14.1/STM32CubeIDE/plugins/com.st.stm32cube.ide.mcu.externaltools.gnu-tools-for-stm32.11.3.rel1.win32_1.1.100.202309141235/tools/bin/../lib/gcc/arm-none-eabi/11.3.1/../../../../arm-none-eabi/lib/thumb/v7e-m+fp/hard\libc_nano.a(libc_a-findfp.o) (__sread)
C:/ST/STM32CubeIDE_1.14.1/STM32CubeIDE/plugins/com.st.stm32cube.ide.mcu.externaltools.gnu-tools-for-stm32.11.3.rel1.win32_1.1.100.202309141235/tools/bin/../lib/gcc/arm-none-eabi/11.3.1/../../../../arm-none-eabi/lib/thumb/v7e-m+fp/hard\libc_nano.a(libc_a-memset.o)
                              C:/ST/STM32CubeIDE_1.14.1/STM32CubeIDE/plugins/com.st.stm32cube.ide.mcu.externaltools.gnu-tools-for-stm32.11.3.rel1.win32_1.1.100.202309141235/tools/bin/../lib/gcc/arm-none-eabi/11.3.1/../../../../arm-none-eabi/lib/thumb/v7e-m+fp/hard/crt0.o (memset)
C:/ST/STM32CubeIDE_1.14.1/STM32CubeIDE/plugins/com.st.stm32cube.ide.mcu.externaltools.gnu-tools-for-stm32.11.3.rel1.win32_1.1.100.202309141235/tools/bin/../lib/gcc/arm-none-eabi/11.3.1/../../../../arm-none-eabi/lib/thumb/v7e-m+fp/hard\libc_nano.a(libc_a-strncmp.o)
                              ./Core/Src/main.o (strncmp)
C:/ST/STM32CubeIDE_1.14.1/STM32CubeIDE/plugins/com.st.stm32cube.ide.mcu.externaltools.gnu-tools-for-stm32.11.3.rel1.win32_1.1.100.202309141235/tools/bin/../lib/gcc/arm-none-eabi/11.3.1/../../../../arm-none-eabi/lib/thumb/v7e-m+fp/hard\libc_nano.a(libc_a-closer.o)
                              C:/ST/STM32CubeIDE_1.14.1/STM32CubeIDE/plugins/com.st.stm32cube.ide.mcu.externaltools.gnu-tools-for-stm32.11.3.rel1.win32_1.1.100.202309141235/tools/bin/../lib/gcc/arm-none-eabi/11.3.1/../../../../arm-none-eabi/lib/thumb/v7e-m+fp/hard\libc_nano.a(libc_a-stdio.o) (_close_r)
C:/ST/STM32CubeIDE_1.14.1/STM32CubeIDE/plugins/com.st.stm32cube.ide.mcu.externaltools.gnu-tools-for-stm32.11.3.rel1.win32_1.1.100.202309141235/tools/bin/../lib/gcc/arm-none-eabi/11.3.1/../../../../arm-none-eabi/lib/thumb/v7e-m+fp/hard\libc_nano.a(libc_a-reent.o)
                              C:/ST/STM32CubeIDE_1.14.1/STM32CubeIDE/plugins/com.st.stm32cube.ide.mcu.externaltools.gnu-tools-for-stm32.11.3.rel1.win32_1.1.100.202309141235/tools/bin/../lib/gcc/arm-none-eabi/11.3.1/../../../../arm-none-eabi/lib/thumb/v7e-m+fp/hard\libc_nano.a(libc_a-closer.o) (errno)
C:/ST/STM32CubeIDE_1.14.1/STM32CubeIDE/plugins/com.st.stm32cube.ide.mcu.externaltools.gnu-tools-for-stm32.11.3.rel1.win32_1.1.100.202309141235/tools/bin/../lib/gcc/arm-none-eabi/11.3.1/../../../../arm-none-eabi/lib/thumb/v7e-m+fp/hard\libc_nano.a(libc_a-impure.o)
                              C:/ST/STM32CubeIDE_1.14.1/STM32CubeIDE/plugins/com.st.stm32cube.ide.mcu.externaltools.gnu-tools-for-stm32.11.3.rel1.win32_1.1.100.202309141235/tools/bin/../lib/gcc/arm-none-eabi/11.3.1/../../../../arm-none-eabi/lib/thumb/v7e-m+fp/hard\libc_nano.a(libc_a-reent.o) (_impure_ptr)
[...]
Memory Configuration

Name             Origin             Length             Attributes
RAM              0x0000000020000000 0x000000000000a000 xrw
RAM2             0x0000000010000000 0x0000000000002000 xrw
FLASH            0x0000000008000000 0x0000000000010000 xr
*default*        0x0000000000000000 0xffffffffffffffff

Linker script and memory map

LOAD C:/ST/STM32CubeIDE_1.14.1/STM32CubeIDE/plugins/com.st.stm32cube.ide.mcu.externaltools.gnu-tools-for-stm32.11.3.rel1.win32_1.1.100.202309141235/tools/bin/../lib/gcc/arm-none-eabi/11.3.1/thumb/v7e-m+fp/hard/crti.o
LOAD C:/ST/STM32CubeIDE_1.14.1/STM32CubeIDE/plugins/com.st.stm32cube.ide.mcu.externaltools.gnu-tools-for-stm32.11.3.rel1.win32_1.1.100.202309141235/tools/bin/../lib/gcc/arm-none-eabi/11.3.1/thumb/v7e-m+fp/hard/crtbegin.o
LOAD C:/ST/STM32CubeIDE_1.14.1/STM32CubeIDE/plugins/com.st.stm32cube.ide.mcu.externaltools.gnu-tools-for-stm32.11.3.rel1.win32_1.1.100.202309141235/tools/bin/../lib/gcc/arm-none-eabi/11.3.1/../../../../arm-none-eabi/lib/thumb/v7e-m+fp/hard/crt0.o
LOAD ./Core/Src/main.o
LOAD ./Core/Src/stm32l4xx_hal_msp.o
LOAD ./Core/Src/stm32l4xx_it.o
LOAD ./Core/Src/syscalls.o
LOAD ./Core/Src/sysmem.o
LOAD ./Core/Src/system_stm32l4xx.o
LOAD ./Core/Startup/startup_stm32l412k8ux.o
LOAD ./Drivers/STM32L4xx_HAL_Driver/Src/stm32l4xx_hal.o
LOAD ./Drivers/STM32L4xx_HAL_Driver/Src/stm32l4xx_hal_adc.o
LOAD ./Drivers/STM32L4xx_HAL_Driver/Src/stm32l4xx_hal_adc_ex.o
LOAD ./Drivers/STM32L4xx_HAL_Driver/Src/stm32l4xx_hal_cortex.o
LOAD ./Drivers/STM32L4xx_HAL_Driver/Src/stm32l4xx_hal_dma.o
LOAD ./Drivers/STM32L4xx_HAL_Driver/Src/stm32l4xx_hal_dma_ex.o
LOAD ./Drivers/STM32L4xx_HAL_Driver/Src/stm32l4xx_hal_exti.o
LOAD ./Drivers/STM32L4xx_HAL_Driver/Src/stm32l4xx_hal_flash.o
LOAD ./Drivers/STM32L4xx_HAL_Driver/Src/stm32l4xx_hal_flash_ex.o
LOAD ./Drivers/STM32L4xx_HAL_Driver/Src/stm32l4xx_hal_flash_ramfunc.o
LOAD ./Drivers/STM32L4xx_HAL_Driver/Src/stm32l4xx_hal_gpio.o
LOAD ./Drivers/STM32L4xx_HAL_Driver/Src/stm32l4xx_hal_i2c.o
LOAD ./Drivers/STM32L4xx_HAL_Driver/Src/stm32l4xx_hal_i2c_ex.o
LOAD ./Drivers/STM32L4xx_HAL_Driver/Src/stm32l4xx_hal_pcd.o
LOAD ./Drivers/STM32L4xx_HAL_Driver/Src/stm32l4xx_hal_pcd_ex.o
LOAD ./Drivers/STM32L4xx_HAL_Driver/Src/stm32l4xx_hal_pwr.o
LOAD ./Drivers/STM32L4xx_HAL_Driver/Src/stm32l4xx_hal_pwr_ex.o
LOAD ./Drivers/STM32L4xx_HAL_Driver/Src/stm32l4xx_hal_rcc.o
LOAD ./Drivers/STM32L4xx_HAL_Driver/Src/stm32l4xx_hal_rcc_ex.o
LOAD ./Drivers/STM32L4xx_HAL_Driver/Src/stm32l4xx_hal_spi.o
LOAD ./Drivers/STM32L4xx_HAL_Driver/Src/stm32l4xx_hal_spi_ex.o
LOAD ./Drivers/STM32L4xx_HAL_Driver/Src/stm32l4xx_hal_tim.o
LOAD ./Drivers/STM32L4xx_HAL_Driver/Src/stm32l4xx_hal_tim_ex.o
LOAD ./Drivers/STM32L4xx_HAL_Driver/Src/stm32l4xx_hal_uart.o
LOAD ./Drivers/STM32L4xx_HAL_Driver/Src/stm32l4xx_hal_uart_ex.o
LOAD ./Drivers/STM32L4xx_HAL_Driver/Src/stm32l4xx_ll_usb.o
LOAD ./Middlewares/ST/STM32_USB_Device_Library/Class/CDC/Src/usbd_cdc.o
LOAD ./Middlewares/ST/STM32_USB_Device_Library/Core/Src/usbd_core.o
LOAD ./Middlewares/ST/STM32_USB_Device_Library/Core/Src/usbd_ctlreq.o
LOAD ./Middlewares/ST/STM32_USB_Device_Library/Core/Src/usbd_ioreq.o
LOAD ./USB_DEVICE/App/usb_device.o
LOAD ./USB_DEVICE/App/usbd_cdc_if.o
LOAD ./USB_DEVICE/App/usbd_desc.o
LOAD ./USB_DEVICE/Target/usbd_conf.o
START GROUP
LOAD C:/ST/STM32CubeIDE_1.14.1/STM32CubeIDE/plugins/com.st.stm32cube.ide.mcu.externaltools.gnu-tools-for-stm32.11.3.rel1.win32_1.1.100.202309141235/tools/bin/../lib/gcc/arm-none-eabi/11.3.1/../../../../arm-none-eabi/lib/thumb/v7e-m+fp/hard\libc_nano.a
LOAD C:/ST/STM32CubeIDE_1.14.1/STM32CubeIDE/plugins/com.st.stm32cube.ide.mcu.externaltools.gnu-tools-for-stm32.11.3.rel1.win32_1.1.100.202309141235/tools/bin/../lib/gcc/arm-none-eabi/11.3.1/../../../../arm-none-eabi/lib/thumb/v7e-m+fp/hard\libm.a
END GROUP
START GROUP
LOAD C:/ST/STM32CubeIDE_1.14.1/STM32CubeIDE/plugins/com.st.stm32cube.ide.mcu.externaltools.gnu-tools-for-stm32.11.3.rel1.win32_1.1.100.202309141235/tools/bin/../lib/gcc/arm-none-eabi/11.3.1/thumb/v7e-m+fp/hard\libgcc.a
LOAD C:/ST/STM32CubeIDE_1.14.1/STM32CubeIDE/plugins/com.st.stm32cube.ide.mcu.externaltools.gnu-tools-for-stm32.11.3.rel1.win32_1.1.100.202309141235/tools/bin/../lib/gcc/arm-none-eabi/11.3.1/../../../../arm-none-eabi/lib/thumb/v7e-m+fp/hard\libc_nano.a
END GROUP
START GROUP
LOAD C:/ST/STM32CubeIDE_1.14.1/STM32CubeIDE/plugins/com.st.stm32cube.ide.mcu.externaltools.gnu-tools-for-stm32.11.3.rel1.win32_1.1.100.202309141235/tools/bin/../lib/gcc/arm-none-eabi/11.3.1/thumb/v7e-m+fp/hard\libgcc.a
LOAD C:/ST/STM32CubeIDE_1.14.1/STM32CubeIDE/plugins/com.st.stm32cube.ide.mcu.externaltools.gnu-tools-for-stm32.11.3.rel1.win32_1.1.100.202309141235/tools/bin/../lib/gcc/arm-none-eabi/11.3.1/../../../../arm-none-eabi/lib/thumb/v7e-m+fp/hard\libc_nano.a
LOAD C:/ST/STM32CubeIDE_1.14.1/STM32CubeIDE/plugins/com.st.stm32cube.ide.mcu.externaltools.gnu-tools-for-stm32.11.3.rel1.win32_1.1.100.202309141235/tools/bin/../lib/gcc/arm-none-eabi/11.3.1/../../../../arm-none-eabi/lib/thumb/v7e-m+fp/hard\libnosys.a
END GROUP
START GROUP
LOAD C:/ST/STM32CubeIDE_1.14.1/STM32CubeIDE/plugins/com.st.stm32cube.ide.mcu.externaltools.gnu-tools-for-stm32.11.3.rel1.win32_1.1.100.202309141235/tools/bin/../lib/gcc/arm-none-eabi/11.3.1/thumb/v7e-m+fp/hard\libgcc.a
LOAD C:/ST/STM32CubeIDE_1.14.1/STM32CubeIDE/plugins/com.st.stm32cube.ide.mcu.externaltools.gnu-tools-for-stm32.11.3.rel1.win32_1.1.100.202309141235/tools/bin/../lib/gcc/arm-none-eabi/11.3.1/../../../../arm-none-eabi/lib/thumb/v7e-m+fp/hard\libc_nano.a
LOAD C:/ST/STM32CubeIDE_1.14.1/STM32CubeIDE/plugins/com.st.stm32cube.ide.mcu.externaltools.gnu-tools-for-stm32.11.3.rel1.win32_1.1.100.202309141235/tools/bin/../lib/gcc/arm-none-eabi/11.3.1/../../../../arm-none-eabi/lib/thumb/v7e-m+fp/hard\libnosys.a
END GROUP
LOAD C:/ST/STM32CubeIDE_1.14.1/STM32CubeIDE/plugins/com.st.stm32cube.ide.mcu.externaltools.gnu-tools-for-stm32.11.3.rel1.win32_1.1.100.202309141235/tools/bin/../lib/gcc/arm-none-eabi/11.3.1/thumb/v7e-m+fp/hard/crtend.o
LOAD C:/ST/STM32CubeIDE_1.14.1/STM32CubeIDE/plugins/com.st.stm32cube.ide.mcu.externaltools.gnu-tools-for-stm32.11.3.rel1.win32_1.1.100.202309141235/tools/bin/../lib/gcc/arm-none-eabi/11.3.1/thumb/v7e-m+fp/hard/crtn.o
                0x000000002000a000                _estack = (ORIGIN (RAM) + LENGTH (RAM))
                0x0000000000000200                _Min_Heap_Size = 0x200
                0x0000000000000400                _Min_Stack_Size = 0x400

.isr_vector     0x0000000008000000      0x18c
                0x0000000008000000                . = ALIGN (0x4)
 *(.isr_vector)
 .isr_vector    0x0000000008000000      0x18c ./Core/Startup/startup_stm32l412k8ux.o
                0x0000000008000000                g_pfnVectors
                0x000000000800018c                . = ALIGN (0x4)

.text           0x000000000800018c     0xbbc4
                0x000000000800018c                . = ALIGN (0x4)
 *(.text)
 .text          0x000000000800018c       0x40 C:/ST/STM32CubeIDE_1.14.1/STM32CubeIDE/plugins/com.st.stm32cube.ide.mcu.externaltools.gnu-tools-for-stm32.11.3.rel1.win32_1.1.100.202309141235/tools/bin/../lib/gcc/arm-none-eabi/11.3.1/thumb/v7e-m+fp/hard/crtbegin.o
 .text          0x00000000080001cc       0x30 C:/ST/STM32CubeIDE_1.14.1/STM32CubeIDE/plugins/com.st.stm32cube.ide.mcu.externaltools.gnu-tools-for-stm32.11.3.rel1.win32_1.1.100.202309141235/tools/bin/../lib/gcc/arm-none-eabi/11.3.1/thumb/v7e-m+fp/hard\libgcc.a(_aeabi_uldivmod.o)
                0x00000000080001cc                __aeabi_uldivmod
 .text          0x00000000080001fc      0x2c8 C:/ST/STM32CubeIDE_1.14.1/STM32CubeIDE/plugins/com.st.stm32cube.ide.mcu.externaltools.gnu-tools-for-stm32.11.3.rel1.win32_1.1.100.202309141235/tools/bin/../lib/gcc/arm-none-eabi/11.3.1/thumb/v7e-m+fp/hard\libgcc.a(_udivmoddi4.o)
                0x00000000080001fc                __udivmoddi4
 .text          0x00000000080004c4        0x4 C:/ST/STM32CubeIDE_1.14.1/STM32CubeIDE/plugins/com.st.stm32cube.ide.mcu.externaltools.gnu-tools-for-stm32.11.3.rel1.win32_1.1.100.202309141235/tools/bin/../lib/gcc/arm-none-eabi/11.3.1/thumb/v7e-m+fp/hard\libgcc.a(_dvmd_tls.o)
                0x00000000080004c4                __aeabi_idiv0
                0x00000000080004c4                __aeabi_ldiv0
 *(.text*)
 .text.__NVIC_SystemReset
                0x00000000080004c8       0x2c ./Core/Src/main.o
 .text.CDC_FS_RxDataReady_Callback
                0x00000000080004f4       0x38 ./Core/Src/main.o
                0x00000000080004f4                CDC_FS_RxDataReady_Callback
 .text.USB_Rx_Parser
                0x000000000800052c      0x204 ./Core/Src/main.o
                0x000000000800052c                USB_Rx_Parser
 .text.Si4468_CmdTransmitReceive
                0x0000000008000730       0x5c ./Core/Src/main.o
                0x0000000008000730                Si4468_CmdTransmitReceive
 .text.Si4468_CmdTransmit
                0x000000000800078c       0x54 ./Core/Src/main.o
                0x000000000800078c                Si4468_CmdTransmit
 .text.Si4468_CmdReadCmdReplyWhenReady
                0x00000000080007e0       0x8c ./Core/Src/main.o
                0x00000000080007e0                Si4468_CmdReadCmdReplyWhenReady
 .text.main     0x000000000800086c      0x188 ./Core/Src/main.o
                0x000000000800086c                main
 .text.SystemClock_Config
                0x00000000080009f4       0xaa ./Core/Src/main.o
                0x00000000080009f4                SystemClock_Config
 *fill*         0x0000000008000a9e        0x2 
 .text.MX_ADC1_Init
                0x0000000008000aa0       0xec ./Core/Src/main.o
 .text.MX_LPUART1_UART_Init
                0x0000000008000b8c       0x64 ./Core/Src/main.o
 .text.MX_SPI1_Init
                0x0000000008000bf0       0x7c ./Core/Src/main.o
 .text.MX_GPIO_Init
                0x0000000008000c6c      0x14c ./Core/Src/main.o
 .text.Error_Handler
                0x0000000008000db8        0xa ./Core/Src/main.o
                0x0000000008000db8                Error_Handler
 *fill*         0x0000000008000dc2        0x2 
 .text.HAL_MspInit
                0x0000000008000dc4       0x48 ./Core/Src/stm32l4xx_hal_msp.o
                0x0000000008000dc4                HAL_MspInit
 .text.HAL_ADC_MspInit
                0x0000000008000e0c       0x7c ./Core/Src/stm32l4xx_hal_msp.o
                0x0000000008000e0c                HAL_ADC_MspInit
 .text.HAL_UART_MspInit
                0x0000000008000e88       0xec ./Core/Src/stm32l4xx_hal_msp.o
                0x0000000008000e88                HAL_UART_MspInit
 .text.HAL_SPI_MspInit
                0x0000000008000f74       0x88 ./Core/Src/stm32l4xx_hal_msp.o
                0x0000000008000f74                HAL_SPI_MspInit
 .text.NMI_Handler
                0x0000000008000ffc        0x6 ./Core/Src/stm32l4xx_it.o
                0x0000000008000ffc                NMI_Handler
 .text.HardFault_Handler
                0x0000000008001002        0x6 ./Core/Src/stm32l4xx_it.o
                0x0000000008001002                HardFault_Handler
 .text.MemManage_Handler
                0x0000000008001008        0x6 ./Core/Src/stm32l4xx_it.o
                0x0000000008001008                MemManage_Handler
 .text.BusFault_Handler
                0x000000000800100e        0x6 ./Core/Src/stm32l4xx_it.o
                0x000000000800100e                BusFault_Handler
 .text.UsageFault_Handler
                0x0000000008001014        0x6 ./Core/Src/stm32l4xx_it.o
                0x0000000008001014                UsageFault_Handler
 .text.SVC_Handler
                0x000000000800101a        0xe ./Core/Src/stm32l4xx_it.o
                0x000000000800101a                SVC_Handler
 .text.DebugMon_Handler
                0x0000000008001028        0xe ./Core/Src/stm32l4xx_it.o
                0x0000000008001028                DebugMon_Handler
 .text.PendSV_Handler
                0x0000000008001036        0xe ./Core/Src/stm32l4xx_it.o
                0x0000000008001036                PendSV_Handler
 .text.SysTick_Handler
                0x0000000008001044        0xc ./Core/Src/stm32l4xx_it.o
                0x0000000008001044                SysTick_Handler
 .text.USB_IRQHandler
                0x0000000008001050       0x14 ./Core/Src/stm32l4xx_it.o
                0x0000000008001050                USB_IRQHandler
 .text.SystemInit
                0x0000000008001064       0x24 ./Core/Src/system_stm32l4xx.o
                0x0000000008001064                SystemInit
 .text.Reset_Handler
                0x0000000008001088       0x50 ./Core/Startup/startup_stm32l412k8ux.o
                0x0000000008001088                Reset_Handler
 .text.Default_Handler
                0x00000000080010d8        0x2 ./Core/Startup/startup_stm32l412k8ux.o
                0x00000000080010d8                RTC_Alarm_IRQHandler
                0x00000000080010d8                EXTI2_IRQHandler
                0x00000000080010d8                TIM1_CC_IRQHandler
                0x00000000080010d8                TSC_IRQHandler
                0x00000000080010d8                TIM6_IRQHandler
                0x00000000080010d8                TAMP_STAMP_IRQHandler
                0x00000000080010d8                EXTI3_IRQHandler
                0x00000000080010d8                LPTIM2_IRQHandler
                0x00000000080010d8                I2C3_ER_IRQHandler
                0x00000000080010d8                EXTI0_IRQHandler
                0x00000000080010d8                I2C2_EV_IRQHandler
                0x00000000080010d8                FPU_IRQHandler
                0x00000000080010d8                TIM1_UP_TIM16_IRQHandler
                0x00000000080010d8                ADC1_2_IRQHandler
                0x00000000080010d8                SPI1_IRQHandler
                0x00000000080010d8                DMA2_Channel2_IRQHandler
                0x00000000080010d8                DMA1_Channel4_IRQHandler
                0x00000000080010d8                USART3_IRQHandler
                0x00000000080010d8                DMA1_Channel7_IRQHandler
                0x00000000080010d8                DMA2_Channel1_IRQHandler
                0x00000000080010d8                QUADSPI_IRQHandler
                0x00000000080010d8                I2C1_EV_IRQHandler
                0x00000000080010d8                DMA1_Channel6_IRQHandler
                0x00000000080010d8                DMA2_Channel4_IRQHandler
                0x00000000080010d8                RCC_IRQHandler
                0x00000000080010d8                TIM1_TRG_COM_IRQHandler
                0x00000000080010d8                DMA1_Channel1_IRQHandler
                0x00000000080010d8                Default_Handler
                0x00000000080010d8                DMA2_Channel7_IRQHandler
                0x00000000080010d8                EXTI15_10_IRQHandler
                0x00000000080010d8                I2C3_EV_IRQHandler
                0x00000000080010d8                EXTI9_5_IRQHandler
                0x00000000080010d8                RTC_WKUP_IRQHandler
                0x00000000080010d8                PVD_PVM_IRQHandler
                0x00000000080010d8                SPI2_IRQHandler
                0x00000000080010d8                DMA2_Channel5_IRQHandler
                0x00000000080010d8                CRS_IRQHandler
                0x00000000080010d8                DMA1_Channel5_IRQHandler
                0x00000000080010d8                EXTI4_IRQHandler
                0x00000000080010d8                RNG_IRQHandler
                0x00000000080010d8                DMA1_Channel3_IRQHandler
                0x00000000080010d8                COMP_IRQHandler
                0x00000000080010d8                WWDG_IRQHandler
                0x00000000080010d8                LPUART1_IRQHandler
                0x00000000080010d8                DMA2_Channel6_IRQHandler
                0x00000000080010d8                TIM2_IRQHandler
                0x00000000080010d8                EXTI1_IRQHandler
                0x00000000080010d8                USART2_IRQHandler
                0x00000000080010d8                I2C2_ER_IRQHandler
                0x00000000080010d8                DMA1_Channel2_IRQHandler
                0x00000000080010d8                FLASH_IRQHandler
                0x00000000080010d8                USART1_IRQHandler
                0x00000000080010d8                I2C1_ER_IRQHandler
                0x00000000080010d8                LPTIM1_IRQHandler
                0x00000000080010d8                DMA2_Channel3_IRQHandler
                0x00000000080010d8                TIM1_BRK_TIM15_IRQHandler
 .text.HAL_Init
                0x00000000080010da       0x30 ./Drivers/STM32L4xx_HAL_Driver/Src/stm32l4xx_hal.o
                0x00000000080010da                HAL_Init
 *fill*         0x000000000800110a        0x2 
 .text.HAL_InitTick
                0x000000000800110c       0x78 ./Drivers/STM32L4xx_HAL_Driver/Src/stm32l4xx_hal.o
                0x000000000800110c                HAL_InitTick
 .text.HAL_IncTick
                0x0000000008001184       0x28 ./Drivers/STM32L4xx_HAL_Driver/Src/stm32l4xx_hal.o
                0x0000000008001184                HAL_IncTick
 .text.HAL_GetTick
                0x00000000080011ac       0x18 ./Drivers/STM32L4xx_HAL_Driver/Src/stm32l4xx_hal.o
                0x00000000080011ac                HAL_GetTick
 .text.HAL_Delay
                0x00000000080011c4       0x48 ./Drivers/STM32L4xx_HAL_Driver/Src/stm32l4xx_hal.o
                0x00000000080011c4                HAL_Delay
 .text.LL_ADC_SetCommonClock
                0x000000000800120c       0x26 ./Drivers/STM32L4xx_HAL_Driver/Src/stm32l4xx_hal_adc.o
 .text.LL_ADC_SetCommonPathInternalCh
                0x0000000008001232       0x26 ./Drivers/STM32L4xx_HAL_Driver/Src/stm32l4xx_hal_adc.o
 .text.LL_ADC_GetCommonPathInternalCh
                0x0000000008001258       0x1c ./Drivers/STM32L4xx_HAL_Driver/Src/stm32l4xx_hal_adc.o
 .text.LL_ADC_SetOffset
                0x0000000008001274       0x48 ./Drivers/STM32L4xx_HAL_Driver/Src/stm32l4xx_hal_adc.o
 .text.LL_ADC_GetOffsetChannel
                0x00000000080012bc       0x2c ./Drivers/STM32L4xx_HAL_Driver/Src/stm32l4xx_hal_adc.o
 .text.LL_ADC_SetOffsetState
                0x00000000080012e8       0x36 ./Drivers/STM32L4xx_HAL_Driver/Src/stm32l4xx_hal_adc.o
 .text.LL_ADC_SetSamplingTimeCommonConfig
                0x000000000800131e       0x26 ./Drivers/STM32L4xx_HAL_Driver/Src/stm32l4xx_hal_adc.o
 .text.LL_ADC_REG_SetSequencerRanks
                0x0000000008001344       0x58 ./Drivers/STM32L4xx_HAL_Driver/Src/stm32l4xx_hal_adc.o
 .text.LL_ADC_SetChannelSamplingTime
                0x000000000800139c       0x56 ./Drivers/STM32L4xx_HAL_Driver/Src/stm32l4xx_hal_adc.o
 *fill*         0x00000000080013f2        0x2 
 .text.LL_ADC_SetChannelSingleDiff
                0x00000000080013f4       0x48 ./Drivers/STM32L4xx_HAL_Driver/Src/stm32l4xx_hal_adc.o
 .text.LL_ADC_DisableDeepPowerDown
                0x000000000800143c       0x24 ./Drivers/STM32L4xx_HAL_Driver/Src/stm32l4xx_hal_adc.o
 .text.LL_ADC_IsDeepPowerDownEnabled
                0x0000000008001460       0x28 ./Drivers/STM32L4xx_HAL_Driver/Src/stm32l4xx_hal_adc.o
 .text.LL_ADC_EnableInternalRegulator
                0x0000000008001488       0x28 ./Drivers/STM32L4xx_HAL_Driver/Src/stm32l4xx_hal_adc.o
 .text.LL_ADC_IsInternalRegulatorEnabled
                0x00000000080014b0       0x28 ./Drivers/STM32L4xx_HAL_Driver/Src/stm32l4xx_hal_adc.o
 .text.LL_ADC_IsEnabled
                0x00000000080014d8       0x26 ./Drivers/STM32L4xx_HAL_Driver/Src/stm32l4xx_hal_adc.o
 .text.LL_ADC_REG_IsConversionOngoing
                0x00000000080014fe       0x26 ./Drivers/STM32L4xx_HAL_Driver/Src/stm32l4xx_hal_adc.o
 .text.LL_ADC_INJ_IsConversionOngoing
                0x0000000008001524       0x26 ./Drivers/STM32L4xx_HAL_Driver/Src/stm32l4xx_hal_adc.o
 *fill*         0x000000000800154a        0x2 
 .text.HAL_ADC_Init
                0x000000000800154c      0x294 ./Drivers/STM32L4xx_HAL_Driver/Src/stm32l4xx_hal_adc.o
                0x000000000800154c                HAL_ADC_Init
 .text.HAL_ADC_ConfigChannel
                0x00000000080017e0      0x7f8 ./Drivers/STM32L4xx_HAL_Driver/Src/stm32l4xx_hal_adc.o
                0x00000000080017e0                HAL_ADC_ConfigChannel
 .text.LL_ADC_IsEnabled
                0x0000000008001fd8       0x26 ./Drivers/STM32L4xx_HAL_Driver/Src/stm32l4xx_hal_adc_ex.o
 .text.LL_ADC_REG_IsConversionOngoing
                0x0000000008001ffe       0x26 ./Drivers/STM32L4xx_HAL_Driver/Src/stm32l4xx_hal_adc_ex.o
 .text.HAL_ADCEx_MultiModeConfigChannel
                0x0000000008002024      0x148 ./Drivers/STM32L4xx_HAL_Driver/Src/stm32l4xx_hal_adc_ex.o
                0x0000000008002024                HAL_ADCEx_MultiModeConfigChannel
 .text.__NVIC_SetPriorityGrouping
                0x000000000800216c       0x48 ./Drivers/STM32L4xx_HAL_Driver/Src/stm32l4xx_hal_cortex.o
 .text.__NVIC_GetPriorityGrouping
                0x00000000080021b4       0x1c ./Drivers/STM32L4xx_HAL_Driver/Src/stm32l4xx_hal_cortex.o
 .text.__NVIC_EnableIRQ
                0x00000000080021d0       0x3c ./Drivers/STM32L4xx_HAL_Driver/Src/stm32l4xx_hal_cortex.o
 .text.__NVIC_SetPriority
                0x000000000800220c       0x54 ./Drivers/STM32L4xx_HAL_Driver/Src/stm32l4xx_hal_cortex.o
 .text.NVIC_EncodePriority
                0x0000000008002260       0x66 ./Drivers/STM32L4xx_HAL_Driver/Src/stm32l4xx_hal_cortex.o
 *fill*         0x00000000080022c6        0x2 
 .text.SysTick_Config
                0x00000000080022c8       0x44 ./Drivers/STM32L4xx_HAL_Driver/Src/stm32l4xx_hal_cortex.o
 .text.HAL_NVIC_SetPriorityGrouping
                0x000000000800230c       0x16 ./Drivers/STM32L4xx_HAL_Driver/Src/stm32l4xx_hal_cortex.o
                0x000000000800230c                HAL_NVIC_SetPriorityGrouping
 .text.HAL_NVIC_SetPriority
                0x0000000008002322       0x38 ./Drivers/STM32L4xx_HAL_Driver/Src/stm32l4xx_hal_cortex.o
                0x0000000008002322                HAL_NVIC_SetPriority
 .text.HAL_NVIC_EnableIRQ
                0x000000000800235a       0x1c ./Drivers/STM32L4xx_HAL_Driver/Src/stm32l4xx_hal_cortex.o
                0x000000000800235a                HAL_NVIC_EnableIRQ
 .text.HAL_SYSTICK_Config
                0x0000000008002376       0x18 ./Drivers/STM32L4xx_HAL_Driver/Src/stm32l4xx_hal_cortex.o
                0x0000000008002376                HAL_SYSTICK_Config
 *fill*         0x000000000800238e        0x2 
 .text.HAL_GPIO_Init
                0x0000000008002390      0x2e4 ./Drivers/STM32L4xx_HAL_Driver/Src/stm32l4xx_hal_gpio.o
                0x0000000008002390                HAL_GPIO_Init
 .text.HAL_GPIO_WritePin
                0x0000000008002674       0x30 ./Drivers/STM32L4xx_HAL_Driver/Src/stm32l4xx_hal_gpio.o
                0x0000000008002674                HAL_GPIO_WritePin
 .text.HAL_PCD_Init
                0x00000000080026a4      0x20c ./Drivers/STM32L4xx_HAL_Driver/Src/stm32l4xx_hal_pcd.o
                0x00000000080026a4                HAL_PCD_Init
 .text.HAL_PCD_Start
                0x00000000080028b0       0x44 ./Drivers/STM32L4xx_HAL_Driver/Src/stm32l4xx_hal_pcd.o
                0x00000000080028b0                HAL_PCD_Start
 .text.HAL_PCD_IRQHandler
                0x00000000080028f4      0x24e ./Drivers/STM32L4xx_HAL_Driver/Src/stm32l4xx_hal_pcd.o
                0x00000000080028f4                HAL_PCD_IRQHandler
 .text.HAL_PCD_SetAddress
                0x0000000008002b42       0x4a ./Drivers/STM32L4xx_HAL_Driver/Src/stm32l4xx_hal_pcd.o
                0x0000000008002b42                HAL_PCD_SetAddress
 .text.HAL_PCD_EP_Open
                0x0000000008002b8c       0xba ./Drivers/STM32L4xx_HAL_Driver/Src/stm32l4xx_hal_pcd.o
                0x0000000008002b8c                HAL_PCD_EP_Open
 .text.HAL_PCD_EP_Close
                0x0000000008002c46       0x90 ./Drivers/STM32L4xx_HAL_Driver/Src/stm32l4xx_hal_pcd.o
                0x0000000008002c46                HAL_PCD_EP_Close
 .text.HAL_PCD_EP_Receive
                0x0000000008002cd6       0x62 ./Drivers/STM32L4xx_HAL_Driver/Src/stm32l4xx_hal_pcd.o
                0x0000000008002cd6                HAL_PCD_EP_Receive
 .text.HAL_PCD_EP_GetRxCount
                0x0000000008002d38       0x30 ./Drivers/STM32L4xx_HAL_Driver/Src/stm32l4xx_hal_pcd.o
                0x0000000008002d38                HAL_PCD_EP_GetRxCount
 .text.HAL_PCD_EP_Transmit
                0x0000000008002d68       0x6e ./Drivers/STM32L4xx_HAL_Driver/Src/stm32l4xx_hal_pcd.o
                0x0000000008002d68                HAL_PCD_EP_Transmit
 .text.HAL_PCD_EP_SetStall
                0x0000000008002dd6       0xc0 ./Drivers/STM32L4xx_HAL_Driver/Src/stm32l4xx_hal_pcd.o
                0x0000000008002dd6                HAL_PCD_EP_SetStall
 .text.HAL_PCD_EP_ClrStall
                0x0000000008002e96       0xa8 ./Drivers/STM32L4xx_HAL_Driver/Src/stm32l4xx_hal_pcd.o
                0x0000000008002e96                HAL_PCD_EP_ClrStall
 .text.PCD_EP_ISR_Handler
                0x0000000008002f3e      0x78a ./Drivers/STM32L4xx_HAL_Driver/Src/stm32l4xx_hal_pcd.o
 .text.HAL_PCD_EP_DB_Receive
                0x00000000080036c8      0x212 ./Drivers/STM32L4xx_HAL_Driver/Src/stm32l4xx_hal_pcd.o
 .text.HAL_PCD_EP_DB_Transmit
                0x00000000080038da      0x7ec ./Drivers/STM32L4xx_HAL_Driver/Src/stm32l4xx_hal_pcd.o
 .text.HAL_PCDEx_PMAConfig
                0x00000000080040c6       0x86 ./Drivers/STM32L4xx_HAL_Driver/Src/stm32l4xx_hal_pcd_ex.o
                0x00000000080040c6                HAL_PCDEx_PMAConfig
 .text.HAL_PCDEx_ActivateLPM
                0x000000000800414c       0x54 ./Drivers/STM32L4xx_HAL_Driver/Src/stm32l4xx_hal_pcd_ex.o
                0x000000000800414c                HAL_PCDEx_ActivateLPM
 .text.HAL_PWREx_GetVoltageRange
                0x00000000080041a0       0x1c ./Drivers/STM32L4xx_HAL_Driver/Src/stm32l4xx_hal_pwr_ex.o
                0x00000000080041a0                HAL_PWREx_GetVoltageRange
 .text.HAL_PWREx_ControlVoltageScaling
                0x00000000080041bc       0xac ./Drivers/STM32L4xx_HAL_Driver/Src/stm32l4xx_hal_pwr_ex.o
                0x00000000080041bc                HAL_PWREx_ControlVoltageScaling
 .text.HAL_PWREx_EnableVddUSB
                0x0000000008004268       0x20 ./Drivers/STM32L4xx_HAL_Driver/Src/stm32l4xx_hal_pwr_ex.o
                0x0000000008004268                HAL_PWREx_EnableVddUSB
 .text.HAL_RCC_OscConfig
                0x0000000008004288      0x8c4 ./Drivers/STM32L4xx_HAL_Driver/Src/stm32l4xx_hal_rcc.o
                0x0000000008004288                HAL_RCC_OscConfig
 .text.HAL_RCC_ClockConfig
                0x0000000008004b4c      0x200 ./Drivers/STM32L4xx_HAL_Driver/Src/stm32l4xx_hal_rcc.o
                0x0000000008004b4c                HAL_RCC_ClockConfig
 .text.HAL_RCC_GetSysClockFreq
                0x0000000008004d4c      0x118 ./Drivers/STM32L4xx_HAL_Driver/Src/stm32l4xx_hal_rcc.o
                0x0000000008004d4c                HAL_RCC_GetSysClockFreq
 .text.HAL_RCC_GetHCLKFreq
                0x0000000008004e64       0x18 ./Drivers/STM32L4xx_HAL_Driver/Src/stm32l4xx_hal_rcc.o
                0x0000000008004e64                HAL_RCC_GetHCLKFreq
 .text.HAL_RCC_GetPCLK1Freq
                0x0000000008004e7c       0x2c ./Drivers/STM32L4xx_HAL_Driver/Src/stm32l4xx_hal_rcc.o
                0x0000000008004e7c                HAL_RCC_GetPCLK1Freq
 .text.HAL_RCC_GetPCLK2Freq
                0x0000000008004ea8       0x2c ./Drivers/STM32L4xx_HAL_Driver/Src/stm32l4xx_hal_rcc.o
                0x0000000008004ea8                HAL_RCC_GetPCLK2Freq
 .text.RCC_SetFlashLatencyFromMSIRange
                0x0000000008004ed4       0xc0 ./Drivers/STM32L4xx_HAL_Driver/Src/stm32l4xx_hal_rcc.o
 .text.HAL_RCCEx_PeriphCLKConfig
                0x0000000008004f94      0x30c ./Drivers/STM32L4xx_HAL_Driver/Src/stm32l4xx_hal_rcc_ex.o
                0x0000000008004f94                HAL_RCCEx_PeriphCLKConfig
 .text.HAL_SPI_Init
                0x00000000080052a0      0x146 ./Drivers/STM32L4xx_HAL_Driver/Src/stm32l4xx_hal_spi.o
                0x00000000080052a0                HAL_SPI_Init
 .text.HAL_SPI_Transmit
                0x00000000080053e6      0x2ea ./Drivers/STM32L4xx_HAL_Driver/Src/stm32l4xx_hal_spi.o
                0x00000000080053e6                HAL_SPI_Transmit
 .text.HAL_SPI_Receive
                0x00000000080056d0      0x26e ./Drivers/STM32L4xx_HAL_Driver/Src/stm32l4xx_hal_spi.o
                0x00000000080056d0                HAL_SPI_Receive
 .text.HAL_SPI_TransmitReceive
                0x000000000800593e      0x444 ./Drivers/STM32L4xx_HAL_Driver/Src/stm32l4xx_hal_spi.o
                0x000000000800593e                HAL_SPI_TransmitReceive
 *fill*         0x0000000008005d82        0x2 
 .text.SPI_WaitFlagStateUntilTimeout
                0x0000000008005d84      0x110 ./Drivers/STM32L4xx_HAL_Driver/Src/stm32l4xx_hal_spi.o
 .text.SPI_WaitFifoStateUntilTimeout
                0x0000000008005e94      0x12c ./Drivers/STM32L4xx_HAL_Driver/Src/stm32l4xx_hal_spi.o
 .text.SPI_EndRxTransaction
                0x0000000008005fc0       0xb0 ./Drivers/STM32L4xx_HAL_Driver/Src/stm32l4xx_hal_spi.o
 .text.SPI_EndRxTxTransaction
                0x0000000008006070       0x8c ./Drivers/STM32L4xx_HAL_Driver/Src/stm32l4xx_hal_spi.o
 .text.UART_SetConfig
                0x00000000080060fc      0x4b4 ./Drivers/STM32L4xx_HAL_Driver/Src/stm32l4xx_hal_uart.o
                0x00000000080060fc                UART_SetConfig
 .text.UART_AdvFeatureConfig
                0x00000000080065b0      0x144 ./Drivers/STM32L4xx_HAL_Driver/Src/stm32l4xx_hal_uart.o
                0x00000000080065b0                UART_AdvFeatureConfig
 .text.UART_CheckIdleState
                0x00000000080066f4      0x150 ./Drivers/STM32L4xx_HAL_Driver/Src/stm32l4xx_hal_uart.o
                0x00000000080066f4                UART_CheckIdleState
 .text.UART_WaitOnFlagUntilTimeout
                0x0000000008006844       0xce ./Drivers/STM32L4xx_HAL_Driver/Src/stm32l4xx_hal_uart.o
                0x0000000008006844                UART_WaitOnFlagUntilTimeout
 .text.UART_EndRxTransfer
                0x0000000008006912       0xc8 ./Drivers/STM32L4xx_HAL_Driver/Src/stm32l4xx_hal_uart.o
 .text.HAL_RS485Ex_Init
                0x00000000080069da       0xce ./Drivers/STM32L4xx_HAL_Driver/Src/stm32l4xx_hal_uart_ex.o
                0x00000000080069da                HAL_RS485Ex_Init
 .text.USB_CoreInit
                0x0000000008006aa8       0x22 ./Drivers/STM32L4xx_HAL_Driver/Src/stm32l4xx_ll_usb.o
                0x0000000008006aa8                USB_CoreInit
 .text.USB_EnableGlobalInt
                0x0000000008006aca       0x2e ./Drivers/STM32L4xx_HAL_Driver/Src/stm32l4xx_ll_usb.o
                0x0000000008006aca                USB_EnableGlobalInt
 .text.USB_DisableGlobalInt
                0x0000000008006af8       0x36 ./Drivers/STM32L4xx_HAL_Driver/Src/stm32l4xx_ll_usb.o
                0x0000000008006af8                USB_DisableGlobalInt
 .text.USB_SetCurrentMode
                0x0000000008006b2e       0x1a ./Drivers/STM32L4xx_HAL_Driver/Src/stm32l4xx_ll_usb.o
                0x0000000008006b2e                USB_SetCurrentMode
 .text.USB_DevInit
                0x0000000008006b48       0x42 ./Drivers/STM32L4xx_HAL_Driver/Src/stm32l4xx_ll_usb.o
                0x0000000008006b48                USB_DevInit
 *fill*         0x0000000008006b8a        0x2 
 .text.USB_ActivateEndpoint
                0x0000000008006b8c      0x788 ./Drivers/STM32L4xx_HAL_Driver/Src/stm32l4xx_ll_usb.o
                0x0000000008006b8c                USB_ActivateEndpoint
 .text.USB_DeactivateEndpoint
                0x0000000008007314      0x3da ./Drivers/STM32L4xx_HAL_Driver/Src/stm32l4xx_ll_usb.o
                0x0000000008007314                USB_DeactivateEndpoint
 .text.USB_EPStartXfer
                0x00000000080076ee     0x1762 ./Drivers/STM32L4xx_HAL_Driver/Src/stm32l4xx_ll_usb.o
                0x00000000080076ee                USB_EPStartXfer
 .text.USB_EPSetStall
                0x0000000008008e50       0xa2 ./Drivers/STM32L4xx_HAL_Driver/Src/stm32l4xx_ll_usb.o
                0x0000000008008e50                USB_EPSetStall
 .text.USB_EPClearStall
                0x0000000008008ef2      0x15c ./Drivers/STM32L4xx_HAL_Driver/Src/stm32l4xx_ll_usb.o
                0x0000000008008ef2                USB_EPClearStall
 .text.USB_SetDevAddress
                0x000000000800904e       0x28 ./Drivers/STM32L4xx_HAL_Driver/Src/stm32l4xx_ll_usb.o
                0x000000000800904e                USB_SetDevAddress
 .text.USB_DevConnect
                0x0000000008009076       0x2e ./Drivers/STM32L4xx_HAL_Driver/Src/stm32l4xx_ll_usb.o
                0x0000000008009076                USB_DevConnect
 .text.USB_DevDisconnect
                0x00000000080090a4       0x2a ./Drivers/STM32L4xx_HAL_Driver/Src/stm32l4xx_ll_usb.o
                0x00000000080090a4                USB_DevDisconnect
 .text.USB_ReadInterrupts
                0x00000000080090ce       0x20 ./Drivers/STM32L4xx_HAL_Driver/Src/stm32l4xx_ll_usb.o
                0x00000000080090ce                USB_ReadInterrupts
 .text.USB_EP0_OutStart
                0x00000000080090ee       0x18 ./Drivers/STM32L4xx_HAL_Driver/Src/stm32l4xx_ll_usb.o
                0x00000000080090ee                USB_EP0_OutStart
 .text.USB_WritePMA
                0x0000000008009106       0x84 ./Drivers/STM32L4xx_HAL_Driver/Src/stm32l4xx_ll_usb.o
                0x0000000008009106                USB_WritePMA
 .text.USB_ReadPMA
                0x000000000800918a       0x98 ./Drivers/STM32L4xx_HAL_Driver/Src/stm32l4xx_ll_usb.o
                0x000000000800918a                USB_ReadPMA
 *fill*         0x0000000008009222        0x2 
 .text.USBD_CDC_Init
                0x0000000008009224      0x1f0 ./Middlewares/ST/STM32_USB_Device_Library/Class/CDC/Src/usbd_cdc.o
 .text.USBD_CDC_DeInit
                0x0000000008009414      0x104 ./Middlewares/ST/STM32_USB_Device_Library/Class/CDC/Src/usbd_cdc.o
 .text.USBD_CDC_Setup
                0x0000000008009518      0x1b8 ./Middlewares/ST/STM32_USB_Device_Library/Class/CDC/Src/usbd_cdc.o
 .text.USBD_CDC_DataIn
                0x00000000080096d0       0xfe ./Middlewares/ST/STM32_USB_Device_Library/Class/CDC/Src/usbd_cdc.o
 .text.USBD_CDC_DataOut
                0x00000000080097ce       0x70 ./Middlewares/ST/STM32_USB_Device_Library/Class/CDC/Src/usbd_cdc.o
 .text.USBD_CDC_EP0_RxReady
                0x000000000800983e       0x76 ./Middlewares/ST/STM32_USB_Device_Library/Class/CDC/Src/usbd_cdc.o
 .text.USBD_CDC_GetFSCfgDesc
                0x00000000080098b4       0x70 ./Middlewares/ST/STM32_USB_Device_Library/Class/CDC/Src/usbd_cdc.o
 .text.USBD_CDC_GetHSCfgDesc
                0x0000000008009924       0x70 ./Middlewares/ST/STM32_USB_Device_Library/Class/CDC/Src/usbd_cdc.o
 .text.USBD_CDC_GetOtherSpeedCfgDesc
                0x0000000008009994       0x70 ./Middlewares/ST/STM32_USB_Device_Library/Class/CDC/Src/usbd_cdc.o
 .text.USBD_CDC_GetDeviceQualifierDescriptor
                0x0000000008009a04       0x20 ./Middlewares/ST/STM32_USB_Device_Library/Class/CDC/Src/usbd_cdc.o
                0x0000000008009a04                USBD_CDC_GetDeviceQualifierDescriptor
 .text.USBD_CDC_RegisterInterface
                0x0000000008009a24       0x34 ./Middlewares/ST/STM32_USB_Device_Library/Class/CDC/Src/usbd_cdc.o
                0x0000000008009a24                USBD_CDC_RegisterInterface
 .text.USBD_CDC_SetTxBuffer
                0x0000000008009a58       0x44 ./Middlewares/ST/STM32_USB_Device_Library/Class/CDC/Src/usbd_cdc.o
                0x0000000008009a58                USBD_CDC_SetTxBuffer
 .text.USBD_CDC_SetRxBuffer
                0x0000000008009a9c       0x3a ./Middlewares/ST/STM32_USB_Device_Library/Class/CDC/Src/usbd_cdc.o
                0x0000000008009a9c                USBD_CDC_SetRxBuffer
 *fill*         0x0000000008009ad6        0x2 
 .text.USBD_CDC_TransmitPacket
                0x0000000008009ad8       0x80 ./Middlewares/ST/STM32_USB_Device_Library/Class/CDC/Src/usbd_cdc.o
                0x0000000008009ad8                USBD_CDC_TransmitPacket
 .text.USBD_CDC_ReceivePacket
                0x0000000008009b58       0x6c ./Middlewares/ST/STM32_USB_Device_Library/Class/CDC/Src/usbd_cdc.o
                0x0000000008009b58                USBD_CDC_ReceivePacket
 .text.USBD_Init
                0x0000000008009bc4       0x60 ./Middlewares/ST/STM32_USB_Device_Library/Core/Src/usbd_core.o
                0x0000000008009bc4                USBD_Init
 .text.USBD_RegisterClass
                0x0000000008009c24       0x6c ./Middlewares/ST/STM32_USB_Device_Library/Core/Src/usbd_core.o
                0x0000000008009c24                USBD_RegisterClass
 .text.USBD_Start
                0x0000000008009c90       0x18 ./Middlewares/ST/STM32_USB_Device_Library/Core/Src/usbd_core.o
                0x0000000008009c90                USBD_Start
 .text.USBD_RunTestMode
                0x0000000008009ca8       0x16 ./Middlewares/ST/STM32_USB_Device_Library/Core/Src/usbd_core.o
                0x0000000008009ca8                USBD_RunTestMode
 .text.USBD_SetClassConfig
                0x0000000008009cbe       0x38 ./Middlewares/ST/STM32_USB_Device_Library/Core/Src/usbd_core.o
                0x0000000008009cbe                USBD_SetClassConfig
 .text.USBD_ClrClassConfig
                0x0000000008009cf6       0x34 ./Middlewares/ST/STM32_USB_Device_Library/Core/Src/usbd_core.o
                0x0000000008009cf6                USBD_ClrClassConfig
 .text.USBD_LL_SetupStage
                0x0000000008009d2a       0xaa ./Middlewares/ST/STM32_USB_Device_Library/Core/Src/usbd_core.o
                0x0000000008009d2a                USBD_LL_SetupStage
 .text.USBD_LL_DataOutStage
                0x0000000008009dd4      0x166 ./Middlewares/ST/STM32_USB_Device_Library/Core/Src/usbd_core.o
                0x0000000008009dd4                USBD_LL_DataOutStage
 .text.USBD_LL_DataInStage
                0x0000000008009f3a      0x164 ./Middlewares/ST/STM32_USB_Device_Library/Core/Src/usbd_core.o
                0x0000000008009f3a                USBD_LL_DataInStage
 .text.USBD_LL_Reset
                0x000000000800a09e       0xa4 ./Middlewares/ST/STM32_USB_Device_Library/Core/Src/usbd_core.o
                0x000000000800a09e                USBD_LL_Reset
 .text.USBD_LL_SetSpeed
                0x000000000800a142       0x20 ./Middlewares/ST/STM32_USB_Device_Library/Core/Src/usbd_core.o
                0x000000000800a142                USBD_LL_SetSpeed
 .text.USBD_LL_Suspend
                0x000000000800a162       0x38 ./Middlewares/ST/STM32_USB_Device_Library/Core/Src/usbd_core.o
                0x000000000800a162                USBD_LL_Suspend
 .text.USBD_LL_Resume
                0x000000000800a19a       0x30 ./Middlewares/ST/STM32_USB_Device_Library/Core/Src/usbd_core.o
                0x000000000800a19a                USBD_LL_Resume
 .text.USBD_LL_SOF
                0x000000000800a1ca       0x40 ./Middlewares/ST/STM32_USB_Device_Library/Core/Src/usbd_core.o
                0x000000000800a1ca                USBD_LL_SOF
 .text.USBD_CoreFindIF
                0x000000000800a20a       0x1a ./Middlewares/ST/STM32_USB_Device_Library/Core/Src/usbd_core.o
                0x000000000800a20a                USBD_CoreFindIF
 .text.USBD_CoreFindEP
                0x000000000800a224       0x1a ./Middlewares/ST/STM32_USB_Device_Library/Core/Src/usbd_core.o
                0x000000000800a224                USBD_CoreFindEP
 .text.USBD_GetEpDesc
                0x000000000800a23e       0x74 ./Middlewares/ST/STM32_USB_Device_Library/Core/Src/usbd_core.o
                0x000000000800a23e                USBD_GetEpDesc
 .text.USBD_GetNextDesc
                0x000000000800a2b2       0x3a ./Middlewares/ST/STM32_USB_Device_Library/Core/Src/usbd_core.o
                0x000000000800a2b2                USBD_GetNextDesc
 .text.SWAPBYTE
                0x000000000800a2ec       0x3c ./Middlewares/ST/STM32_USB_Device_Library/Core/Src/usbd_ctlreq.o
 .text.USBD_StdDevReq
                0x000000000800a328       0xe4 ./Middlewares/ST/STM32_USB_Device_Library/Core/Src/usbd_ctlreq.o
                0x000000000800a328                USBD_StdDevReq
 .text.USBD_StdItfReq
                0x000000000800a40c       0xd8 ./Middlewares/ST/STM32_USB_Device_Library/Core/Src/usbd_ctlreq.o
                0x000000000800a40c                USBD_StdItfReq
 .text.USBD_StdEPReq
                0x000000000800a4e4      0x33a ./Middlewares/ST/STM32_USB_Device_Library/Core/Src/usbd_ctlreq.o
                0x000000000800a4e4                USBD_StdEPReq
 *fill*         0x000000000800a81e        0x2 
 .text.USBD_GetDescriptor
                0x000000000800a820      0x328 ./Middlewares/ST/STM32_USB_Device_Library/Core/Src/usbd_ctlreq.o
 .text.USBD_SetAddress
                0x000000000800ab48       0x88 ./Middlewares/ST/STM32_USB_Device_Library/Core/Src/usbd_ctlreq.o
 .text.USBD_SetConfig
                0x000000000800abd0      0x154 ./Middlewares/ST/STM32_USB_Device_Library/Core/Src/usbd_ctlreq.o
 .text.USBD_GetConfig
                0x000000000800ad24       0x6c ./Middlewares/ST/STM32_USB_Device_Library/Core/Src/usbd_ctlreq.o
 .text.USBD_GetStatus
                0x000000000800ad90       0x68 ./Middlewares/ST/STM32_USB_Device_Library/Core/Src/usbd_ctlreq.o
 .text.USBD_SetFeature
                0x000000000800adf8       0x52 ./Middlewares/ST/STM32_USB_Device_Library/Core/Src/usbd_ctlreq.o
 .text.USBD_ClrFeature
                0x000000000800ae4a       0x44 ./Middlewares/ST/STM32_USB_Device_Library/Core/Src/usbd_ctlreq.o
 .text.USBD_ParseSetupRequest
                0x000000000800ae8e       0x74 ./Middlewares/ST/STM32_USB_Device_Library/Core/Src/usbd_ctlreq.o
                0x000000000800ae8e                USBD_ParseSetupRequest
 .text.USBD_CtlError
                0x000000000800af02       0x22 ./Middlewares/ST/STM32_USB_Device_Library/Core/Src/usbd_ctlreq.o
                0x000000000800af02                USBD_CtlError
 .text.USBD_GetString
                0x000000000800af24       0x8c ./Middlewares/ST/STM32_USB_Device_Library/Core/Src/usbd_ctlreq.o
                0x000000000800af24                USBD_GetString
 .text.USBD_GetLen
                0x000000000800afb0       0x34 ./Middlewares/ST/STM32_USB_Device_Library/Core/Src/usbd_ctlreq.o
 .text.USBD_CtlSendData
                0x000000000800afe4       0x36 ./Middlewares/ST/STM32_USB_Device_Library/Core/Src/usbd_ioreq.o
                0x000000000800afe4                USBD_CtlSendData
 .text.USBD_CtlContinueSendData
                0x000000000800b01a       0x22 ./Middlewares/ST/STM32_USB_Device_Library/Core/Src/usbd_ioreq.o
                0x000000000800b01a                USBD_CtlContinueSendData
 .text.USBD_CtlPrepareRx
                0x000000000800b03c       0x3a ./Middlewares/ST/STM32_USB_Device_Library/Core/Src/usbd_ioreq.o
                0x000000000800b03c                USBD_CtlPrepareRx
 .text.USBD_CtlContinueRx
                0x000000000800b076       0x22 ./Middlewares/ST/STM32_USB_Device_Library/Core/Src/usbd_ioreq.o
                0x000000000800b076                USBD_CtlContinueRx
 .text.USBD_CtlSendStatus
                0x000000000800b098       0x26 ./Middlewares/ST/STM32_USB_Device_Library/Core/Src/usbd_ioreq.o
                0x000000000800b098                USBD_CtlSendStatus
 .text.USBD_CtlReceiveStatus
                0x000000000800b0be       0x26 ./Middlewares/ST/STM32_USB_Device_Library/Core/Src/usbd_ioreq.o
                0x000000000800b0be                USBD_CtlReceiveStatus
 .text.MX_USB_DEVICE_Init
                0x000000000800b0e4       0x60 ./USB_DEVICE/App/usb_device.o
                0x000000000800b0e4                MX_USB_DEVICE_Init
 .text.CDC_Init_FS
                0x000000000800b144       0x28 ./USB_DEVICE/App/usbd_cdc_if.o
 .text.CDC_DeInit_FS
                0x000000000800b16c       0x10 ./USB_DEVICE/App/usbd_cdc_if.o
 .text.CDC_Control_FS
                0x000000000800b17c       0xe0 ./USB_DEVICE/App/usbd_cdc_if.o
 .text.CDC_Receive_FS
                0x000000000800b25c       0x34 ./USB_DEVICE/App/usbd_cdc_if.o
 .text.CDC_Transmit_FS
                0x000000000800b290       0x4c ./USB_DEVICE/App/usbd_cdc_if.o
                0x000000000800b290                CDC_Transmit_FS
 .text.CDC_TransmitCplt_FS
                0x000000000800b2dc       0x22 ./USB_DEVICE/App/usbd_cdc_if.o
 *fill*         0x000000000800b2fe        0x2 
 .text.USBD_FS_DeviceDescriptor
                0x000000000800b300       0x24 ./USB_DEVICE/App/usbd_desc.o
                0x000000000800b300                USBD_FS_DeviceDescriptor
 .text.USBD_FS_LangIDStrDescriptor
                0x000000000800b324       0x24 ./USB_DEVICE/App/usbd_desc.o
                0x000000000800b324                USBD_FS_LangIDStrDescriptor
 .text.USBD_FS_ProductStrDescriptor
                0x000000000800b348       0x3c ./USB_DEVICE/App/usbd_desc.o
                0x000000000800b348                USBD_FS_ProductStrDescriptor
 .text.USBD_FS_ManufacturerStrDescriptor
                0x000000000800b384       0x28 ./USB_DEVICE/App/usbd_desc.o
                0x000000000800b384                USBD_FS_ManufacturerStrDescriptor
 .text.USBD_FS_SerialStrDescriptor
                0x000000000800b3ac       0x24 ./USB_DEVICE/App/usbd_desc.o
                0x000000000800b3ac                USBD_FS_SerialStrDescriptor
 .text.USBD_FS_ConfigStrDescriptor
                0x000000000800b3d0       0x3c ./USB_DEVICE/App/usbd_desc.o
                0x000000000800b3d0                USBD_FS_ConfigStrDescriptor
 .text.USBD_FS_InterfaceStrDescriptor
                0x000000000800b40c       0x3c ./USB_DEVICE/App/usbd_desc.o
                0x000000000800b40c                USBD_FS_InterfaceStrDescriptor
 .text.USBD_FS_USR_BOSDescriptor
                0x000000000800b448       0x24 ./USB_DEVICE/App/usbd_desc.o
                0x000000000800b448                USBD_FS_USR_BOSDescriptor
 .text.Get_SerialNum
                0x000000000800b46c       0x58 ./USB_DEVICE/App/usbd_desc.o
 .text.IntToUnicode
                0x000000000800b4c4       0x7e ./USB_DEVICE/App/usbd_desc.o
 *fill*         0x000000000800b542        0x2 
 .text.HAL_PCD_MspInit
                0x000000000800b544       0xc4 ./USB_DEVICE/Target/usbd_conf.o
                0x000000000800b544                HAL_PCD_MspInit
 .text.HAL_PCD_SetupStageCallback
                0x000000000800b608       0x24 ./USB_DEVICE/Target/usbd_conf.o
                0x000000000800b608                HAL_PCD_SetupStageCallback
 .text.HAL_PCD_DataOutStageCallback
                0x000000000800b62c       0x36 ./USB_DEVICE/Target/usbd_conf.o
                0x000000000800b62c                HAL_PCD_DataOutStageCallback
 .text.HAL_PCD_DataInStageCallback
                0x000000000800b662       0x34 ./USB_DEVICE/Target/usbd_conf.o
                0x000000000800b662                HAL_PCD_DataInStageCallback
 .text.HAL_PCD_SOFCallback
                0x000000000800b696       0x1c ./USB_DEVICE/Target/usbd_conf.o
                0x000000000800b696                HAL_PCD_SOFCallback
 .text.HAL_PCD_ResetCallback
                0x000000000800b6b2       0x3c ./USB_DEVICE/Target/usbd_conf.o
                0x000000000800b6b2                HAL_PCD_ResetCallback
 *fill*         0x000000000800b6ee        0x2 
 .text.HAL_PCD_SuspendCallback
                0x000000000800b6f0       0x34 ./USB_DEVICE/Target/usbd_conf.o
                0x000000000800b6f0                HAL_PCD_SuspendCallback
 .text.HAL_PCD_ResumeCallback
                0x000000000800b724       0x38 ./USB_DEVICE/Target/usbd_conf.o
                0x000000000800b724                HAL_PCD_ResumeCallback
 .text.USBD_LL_Init
                0x000000000800b75c       0xc4 ./USB_DEVICE/Target/usbd_conf.o
                0x000000000800b75c                USBD_LL_Init
 .text.USBD_LL_Start
                0x000000000800b820       0x64 ./USB_DEVICE/Target/usbd_conf.o
                0x000000000800b820                USBD_LL_Start
 .text.USBD_LL_OpenEP
                0x000000000800b884       0x7c ./USB_DEVICE/Target/usbd_conf.o
                0x000000000800b884                USBD_LL_OpenEP
 .text.USBD_LL_CloseEP
                0x000000000800b900       0x6c ./USB_DEVICE/Target/usbd_conf.o
                0x000000000800b900                USBD_LL_CloseEP
 .text.USBD_LL_StallEP
                0x000000000800b96c       0x6c ./USB_DEVICE/Target/usbd_conf.o
                0x000000000800b96c                USBD_LL_StallEP
 .text.USBD_LL_ClearStallEP
                0x000000000800b9d8       0x6c ./USB_DEVICE/Target/usbd_conf.o
                0x000000000800b9d8                USBD_LL_ClearStallEP
 .text.USBD_LL_IsStallEP
                0x000000000800ba44       0x5a ./USB_DEVICE/Target/usbd_conf.o
                0x000000000800ba44                USBD_LL_IsStallEP
 *fill*         0x000000000800ba9e        0x2 
 .text.USBD_LL_SetUSBAddress
                0x000000000800baa0       0x6c ./USB_DEVICE/Target/usbd_conf.o
                0x000000000800baa0                USBD_LL_SetUSBAddress
 .text.USBD_LL_Transmit
                0x000000000800bb0c       0x70 ./USB_DEVICE/Target/usbd_conf.o
                0x000000000800bb0c                USBD_LL_Transmit
 .text.USBD_LL_PrepareReceive
                0x000000000800bb7c       0x70 ./USB_DEVICE/Target/usbd_conf.o
                0x000000000800bb7c                USBD_LL_PrepareReceive
 .text.USBD_LL_GetRxDataSize
                0x000000000800bbec       0x26 ./USB_DEVICE/Target/usbd_conf.o
                0x000000000800bbec                USBD_LL_GetRxDataSize
 *fill*         0x000000000800bc12        0x2 
 .text.HAL_PCDEx_LPM_Callback
                0x000000000800bc14       0x6c ./USB_DEVICE/Target/usbd_conf.o
                0x000000000800bc14                HAL_PCDEx_LPM_Callback
 .text.USBD_static_malloc
                0x000000000800bc80       0x1c ./USB_DEVICE/Target/usbd_conf.o
                0x000000000800bc80                USBD_static_malloc
 .text.USBD_static_free
                0x000000000800bc9c       0x14 ./USB_DEVICE/Target/usbd_conf.o
                0x000000000800bc9c                USBD_static_free
 .text.SystemClockConfig_Resume
                0x000000000800bcb0        0xc ./USB_DEVICE/Target/usbd_conf.o
 .text.memset   0x000000000800bcbc       0x10 C:/ST/STM32CubeIDE_1.14.1/STM32CubeIDE/plugins/com.st.stm32cube.ide.mcu.externaltools.gnu-tools-for-stm32.11.3.rel1.win32_1.1.100.202309141235/tools/bin/../lib/gcc/arm-none-eabi/11.3.1/../../../../arm-none-eabi/lib/thumb/v7e-m+fp/hard\libc_nano.a(libc_a-memset.o)
                0x000000000800bcbc                memset
 .text.strncmp  0x000000000800bccc       0x24 C:/ST/STM32CubeIDE_1.14.1/STM32CubeIDE/plugins/com.st.stm32cube.ide.mcu.externaltools.gnu-tools-for-stm32.11.3.rel1.win32_1.1.100.202309141235/tools/bin/../lib/gcc/arm-none-eabi/11.3.1/../../../../arm-none-eabi/lib/thumb/v7e-m+fp/hard\libc_nano.a(libc_a-strncmp.o)
                0x000000000800bccc                strncmp
 .text.__libc_init_array
                0x000000000800bcf0       0x48 C:/ST/STM32CubeIDE_1.14.1/STM32CubeIDE/plugins/com.st.stm32cube.ide.mcu.externaltools.gnu-tools-for-stm32.11.3.rel1.win32_1.1.100.202309141235/tools/bin/../lib/gcc/arm-none-eabi/11.3.1/../../../../arm-none-eabi/lib/thumb/v7e-m+fp/hard\libc_nano.a(libc_a-init.o)
                0x000000000800bcf0                __libc_init_array
 *(.glue_7)
 .glue_7        0x000000000800bd38        0x0 linker stubs
 *(.glue_7t)
 .glue_7t       0x000000000800bd38        0x0 linker stubs
 *(.eh_frame)
 .eh_frame      0x000000000800bd38        0x0 C:/ST/STM32CubeIDE_1.14.1/STM32CubeIDE/plugins/com.st.stm32cube.ide.mcu.externaltools.gnu-tools-for-stm32.11.3.rel1.win32_1.1.100.202309141235/tools/bin/../lib/gcc/arm-none-eabi/11.3.1/thumb/v7e-m+fp/hard/crtbegin.o
 *(.init)
 .init          0x000000000800bd38        0x4 C:/ST/STM32CubeIDE_1.14.1/STM32CubeIDE/plugins/com.st.stm32cube.ide.mcu.externaltools.gnu-tools-for-stm32.11.3.rel1.win32_1.1.100.202309141235/tools/bin/../lib/gcc/arm-none-eabi/11.3.1/thumb/v7e-m+fp/hard/crti.o
                0x000000000800bd38                _init
 .init          0x000000000800bd3c        0x8 C:/ST/STM32CubeIDE_1.14.1/STM32CubeIDE/plugins/com.st.stm32cube.ide.mcu.externaltools.gnu-tools-for-stm32.11.3.rel1.win32_1.1.100.202309141235/tools/bin/../lib/gcc/arm-none-eabi/11.3.1/thumb/v7e-m+fp/hard/crtn.o
 *(.fini)
 .fini          0x000000000800bd44        0x4 C:/ST/STM32CubeIDE_1.14.1/STM32CubeIDE/plugins/com.st.stm32cube.ide.mcu.externaltools.gnu-tools-for-stm32.11.3.rel1.win32_1.1.100.202309141235/tools/bin/../lib/gcc/arm-none-eabi/11.3.1/thumb/v7e-m+fp/hard/crti.o
                0x000000000800bd44                _fini
 .fini          0x000000000800bd48        0x8 C:/ST/STM32CubeIDE_1.14.1/STM32CubeIDE/plugins/com.st.stm32cube.ide.mcu.externaltools.gnu-tools-for-stm32.11.3.rel1.win32_1.1.100.202309141235/tools/bin/../lib/gcc/arm-none-eabi/11.3.1/thumb/v7e-m+fp/hard/crtn.o
                0x000000000800bd50                . = ALIGN (0x4)
                0x000000000800bd50                _etext = .

.vfp11_veneer   0x000000000800bd50        0x0
 .vfp11_veneer  0x000000000800bd50        0x0 linker stubs

.v4_bx          0x000000000800bd50        0x0
 .v4_bx         0x000000000800bd50        0x0 linker stubs

.iplt           0x000000000800bd50        0x0
 .iplt          0x000000000800bd50        0x0 C:/ST/STM32CubeIDE_1.14.1/STM32CubeIDE/plugins/com.st.stm32cube.ide.mcu.externaltools.gnu-tools-for-stm32.11.3.rel1.win32_1.1.100.202309141235/tools/bin/../lib/gcc/arm-none-eabi/11.3.1/thumb/v7e-m+fp/hard/crtbegin.o

.rodata         0x000000000800bd50      0x268
                0x000000000800bd50                . = ALIGN (0x4)
 *(.rodata)
 .rodata        0x000000000800bd50      0x1d6 ./Core/Src/main.o
 *fill*         0x000000000800bf26        0x2 
 .rodata        0x000000000800bf28       0x46 ./USB_DEVICE/App/usbd_desc.o
 *(.rodata*)
 *fill*         0x000000000800bf6e        0x2 
 .rodata.AHBPrescTable
                0x000000000800bf70       0x10 ./Core/Src/system_stm32l4xx.o
                0x000000000800bf70                AHBPrescTable
 .rodata.APBPrescTable
                0x000000000800bf80        0x8 ./Core/Src/system_stm32l4xx.o
                0x000000000800bf80                APBPrescTable
 .rodata.MSIRangeTable
                0x000000000800bf88       0x30 ./Core/Src/system_stm32l4xx.o
                0x000000000800bf88                MSIRangeTable
                0x000000000800bfb8                . = ALIGN (0x4)

.ARM.extab      0x000000000800bfb8        0x0
                0x000000000800bfb8                . = ALIGN (0x4)
 *(.ARM.extab* .gnu.linkonce.armextab.*)
                0x000000000800bfb8                . = ALIGN (0x4)

.ARM            0x000000000800bfb8        0x8
                0x000000000800bfb8                . = ALIGN (0x4)
                0x000000000800bfb8                __exidx_start = .
 *(.ARM.exidx*)
 .ARM.exidx     0x000000000800bfb8        0x8 C:/ST/STM32CubeIDE_1.14.1/STM32CubeIDE/plugins/com.st.stm32cube.ide.mcu.externaltools.gnu-tools-for-stm32.11.3.rel1.win32_1.1.100.202309141235/tools/bin/../lib/gcc/arm-none-eabi/11.3.1/thumb/v7e-m+fp/hard\libgcc.a(_udivmoddi4.o)
                0x000000000800bfc0                __exidx_end = .
                0x000000000800bfc0                . = ALIGN (0x4)

.rel.dyn        0x000000000800bfc0        0x0
 .rel.iplt      0x000000000800bfc0        0x0 C:/ST/STM32CubeIDE_1.14.1/STM32CubeIDE/plugins/com.st.stm32cube.ide.mcu.externaltools.gnu-tools-for-stm32.11.3.rel1.win32_1.1.100.202309141235/tools/bin/../lib/gcc/arm-none-eabi/11.3.1/thumb/v7e-m+fp/hard/crtbegin.o

.preinit_array  0x000000000800bfc0        0x0
                0x000000000800bfc0                . = ALIGN (0x4)
                0x000000000800bfc0                PROVIDE (__preinit_array_start = .)
 *(.preinit_array*)
                0x000000000800bfc0                PROVIDE (__preinit_array_end = .)
                0x000000000800bfc0                . = ALIGN (0x4)

.init_array     0x000000000800bfc0        0x4
                0x000000000800bfc0                . = ALIGN (0x4)
                0x000000000800bfc0                PROVIDE (__init_array_start = .)
 *(SORT_BY_NAME(.init_array.*))
 *(.init_array*)
 .init_array    0x000000000800bfc0        0x4 C:/ST/STM32CubeIDE_1.14.1/STM32CubeIDE/plugins/com.st.stm32cube.ide.mcu.externaltools.gnu-tools-for-stm32.11.3.rel1.win32_1.1.100.202309141235/tools/bin/../lib/gcc/arm-none-eabi/11.3.1/thumb/v7e-m+fp/hard/crtbegin.o
                0x000000000800bfc4                PROVIDE (__init_array_end = .)
                0x000000000800bfc4                . = ALIGN (0x4)

.fini_array     0x000000000800bfc4        0x4
                0x000000000800bfc4                . = ALIGN (0x4)
                [!provide]                        PROVIDE (__fini_array_start = .)
 *(SORT_BY_NAME(.fini_array.*))
 *(.fini_array*)
 .fini_array    0x000000000800bfc4        0x4 C:/ST/STM32CubeIDE_1.14.1/STM32CubeIDE/plugins/com.st.stm32cube.ide.mcu.externaltools.gnu-tools-for-stm32.11.3.rel1.win32_1.1.100.202309141235/tools/bin/../lib/gcc/arm-none-eabi/11.3.1/thumb/v7e-m+fp/hard/crtbegin.o
                [!provide]                        PROVIDE (__fini_array_end = .)
                0x000000000800bfc8                . = ALIGN (0x4)
                0x000000000800bfc8                _sidata = LOADADDR (.data)

.data           0x0000000020000000      0x10c load address 0x000000000800bfc8
                0x0000000020000000                . = ALIGN (0x4)
                0x0000000020000000                _sdata = .
 *(.data)
 *(.data*)
 .data.SystemCoreClock
                0x0000000020000000        0x4 ./Core/Src/system_stm32l4xx.o
                0x0000000020000000                SystemCoreClock
 .data.uwTickPrio
                0x0000000020000004        0x4 ./Drivers/STM32L4xx_HAL_Driver/Src/stm32l4xx_hal.o
                0x0000000020000004                uwTickPrio
 .data.uwTickFreq
                0x0000000020000008        0x1 ./Drivers/STM32L4xx_HAL_Driver/Src/stm32l4xx_hal.o
                0x0000000020000008                uwTickFreq
 *fill*         0x0000000020000009        0x3 
 .data.USBD_CDC_DeviceQualifierDesc
                0x000000002000000c        0xa ./Middlewares/ST/STM32_USB_Device_Library/Class/CDC/Src/usbd_cdc.o
 *fill*         0x0000000020000016        0x2 
 .data.USBD_CDC
                0x0000000020000018       0x38 ./Middlewares/ST/STM32_USB_Device_Library/Class/CDC/Src/usbd_cdc.o
                0x0000000020000018                USBD_CDC
 .data.USBD_CDC_CfgDesc
                0x0000000020000050       0x43 ./Middlewares/ST/STM32_USB_Device_Library/Class/CDC/Src/usbd_cdc.o
 .data.CDCInEpAdd
                0x0000000020000093        0x1 ./Middlewares/ST/STM32_USB_Device_Library/Class/CDC/Src/usbd_cdc.o
 .data.CDCOutEpAdd
                0x0000000020000094        0x1 ./Middlewares/ST/STM32_USB_Device_Library/Class/CDC/Src/usbd_cdc.o
 .data.CDCCmdEpAdd
                0x0000000020000095        0x1 ./Middlewares/ST/STM32_USB_Device_Library/Class/CDC/Src/usbd_cdc.o
 *fill*         0x0000000020000096        0x2 
 .data.USBD_Interface_fops_FS
                0x0000000020000098       0x14 ./USB_DEVICE/App/usbd_cdc_if.o
                0x0000000020000098                USBD_Interface_fops_FS
 .data.FS_Desc  0x00000000200000ac       0x20 ./USB_DEVICE/App/usbd_desc.o
                0x00000000200000ac                FS_Desc
 .data.USBD_FS_DeviceDesc
                0x00000000200000cc       0x12 ./USB_DEVICE/App/usbd_desc.o
                0x00000000200000cc                USBD_FS_DeviceDesc
 *fill*         0x00000000200000de        0x2 
 .data.USBD_FS_BOSDesc
                0x00000000200000e0        0xc ./USB_DEVICE/App/usbd_desc.o
                0x00000000200000e0                USBD_FS_BOSDesc
 .data.USBD_LangIDDesc
                0x00000000200000ec        0x4 ./USB_DEVICE/App/usbd_desc.o
                0x00000000200000ec                USBD_LangIDDesc
 .data.USBD_StringSerial
                0x00000000200000f0       0x1a ./USB_DEVICE/App/usbd_desc.o
                0x00000000200000f0                USBD_StringSerial
 *(.RamFunc)
 *(.RamFunc*)
                0x000000002000010c                . = ALIGN (0x4)
 *fill*         0x000000002000010a        0x2 
                0x000000002000010c                _edata = .

.igot.plt       0x000000002000010c        0x0 load address 0x000000000800c0d4
 .igot.plt      0x000000002000010c        0x0 C:/ST/STM32CubeIDE_1.14.1/STM32CubeIDE/plugins/com.st.stm32cube.ide.mcu.externaltools.gnu-tools-for-stm32.11.3.rel1.win32_1.1.100.202309141235/tools/bin/../lib/gcc/arm-none-eabi/11.3.1/thumb/v7e-m+fp/hard/crtbegin.o
                0x000000002000010c                . = ALIGN (0x4)

.bss            0x000000002000010c     0x1374 load address 0x000000000800c0d4
                0x000000002000010c                _sbss = .
                0x000000002000010c                __bss_start__ = _sbss
 *(.bss)
 .bss           0x000000002000010c       0x1c C:/ST/STM32CubeIDE_1.14.1/STM32CubeIDE/plugins/com.st.stm32cube.ide.mcu.externaltools.gnu-tools-for-stm32.11.3.rel1.win32_1.1.100.202309141235/tools/bin/../lib/gcc/arm-none-eabi/11.3.1/thumb/v7e-m+fp/hard/crtbegin.o
 *(.bss*)
 .bss.hadc1     0x0000000020000128       0x64 ./Core/Src/main.o
                0x0000000020000128                hadc1
 .bss.hlpuart1  0x000000002000018c       0x88 ./Core/Src/main.o
                0x000000002000018c                hlpuart1
 .bss.hspi1     0x0000000020000214       0x64 ./Core/Src/main.o
                0x0000000020000214                hspi1
 .bss.USB_RxBuf
                0x0000000020000278        0x4 ./Core/Src/main.o
                0x0000000020000278                USB_RxBuf
 .bss.USB_RxBufLen
                0x000000002000027c        0x1 ./Core/Src/main.o
                0x000000002000027c                USB_RxBufLen
 .bss.USB_RxDataReadyFlag
                0x000000002000027d        0x1 ./Core/Src/main.o
                0x000000002000027d                USB_RxDataReadyFlag
 .bss.Reset     0x000000002000027e        0x1 ./Core/Src/main.o
                0x000000002000027e                Reset
 *fill*         0x000000002000027f        0x1 
 .bss.uwTick    0x0000000020000280        0x4 ./Drivers/STM32L4xx_HAL_Driver/Src/stm32l4xx_hal.o
                0x0000000020000280                uwTick
 .bss.cfgidx.0  0x0000000020000284        0x1 ./Middlewares/ST/STM32_USB_Device_Library/Core/Src/usbd_ctlreq.o
 *fill*         0x0000000020000285        0x3 
 .bss.hUsbDeviceFS
                0x0000000020000288      0x2dc ./USB_DEVICE/App/usb_device.o
                0x0000000020000288                hUsbDeviceFS
 .bss.USB_COM_Port_open
                0x0000000020000564        0x1 ./USB_DEVICE/App/usbd_cdc_if.o
                0x0000000020000564                USB_COM_Port_open
 *fill*         0x0000000020000565        0x3 
 .bss.UserRxBufferFS
                0x0000000020000568      0x400 ./USB_DEVICE/App/usbd_cdc_if.o
                0x0000000020000568                UserRxBufferFS
 .bss.UserTxBufferFS
                0x0000000020000968      0x400 ./USB_DEVICE/App/usbd_cdc_if.o
                0x0000000020000968                UserTxBufferFS
 .bss.USBD_StrDesc
                0x0000000020000d68      0x200 ./USB_DEVICE/App/usbd_desc.o
                0x0000000020000d68                USBD_StrDesc
 .bss.hpcd_USB_FS
                0x0000000020000f68      0x2f8 ./USB_DEVICE/Target/usbd_conf.o
                0x0000000020000f68                hpcd_USB_FS
 .bss.mem.0     0x0000000020001260      0x220 ./USB_DEVICE/Target/usbd_conf.o
 *(COMMON)
                0x0000000020001480                . = ALIGN (0x4)
                0x0000000020001480                _ebss = .
                0x0000000020001480                __bss_end__ = _ebss

._user_heap_stack
                0x0000000020001480      0x600 load address 0x000000000800c0d4
                0x0000000020001480                . = ALIGN (0x8)
                [!provide]                        PROVIDE (end = .)
                0x0000000020001480                PROVIDE (_end = .)
                0x0000000020001680                . = (. + _Min_Heap_Size)
 *fill*         0x0000000020001480      0x200 
                0x0000000020001a80                . = (. + _Min_Stack_Size)
 *fill*         0x0000000020001680      0x400 
                0x0000000020001a80                . = ALIGN (0x8)

/DISCARD/
 libc.a(*)
 libm.a(*)
 libgcc.a(*)

.ARM.attributes
                0x0000000000000000       0x30
 *(.ARM.attributes)
 .ARM.attributes
                0x0000000000000000       0x1e C:/ST/STM32CubeIDE_1.14.1/STM32CubeIDE/plugins/com.st.stm32cube.ide.mcu.externaltools.gnu-tools-for-stm32.11.3.rel1.win32_1.1.100.202309141235/tools/bin/../lib/gcc/arm-none-eabi/11.3.1/thumb/v7e-m+fp/hard/crti.o
 .ARM.attributes
                0x000000000000001e       0x34 C:/ST/STM32CubeIDE_1.14.1/STM32CubeIDE/plugins/com.st.stm32cube.ide.mcu.externaltools.gnu-tools-for-stm32.11.3.rel1.win32_1.1.100.202309141235/tools/bin/../lib/gcc/arm-none-eabi/11.3.1/thumb/v7e-m+fp/hard/crtbegin.o
 .ARM.attributes
                0x0000000000000052       0x34 ./Core/Src/main.o
 .ARM.attributes
                0x0000000000000086       0x34 ./Core/Src/stm32l4xx_hal_msp.o
 .ARM.attributes
                0x00000000000000ba       0x34 ./Core/Src/stm32l4xx_it.o
 .ARM.attributes
                0x00000000000000ee       0x34 ./Core/Src/system_stm32l4xx.o
 .ARM.attributes
                0x0000000000000122       0x21 ./Core/Startup/startup_stm32l412k8ux.o
 .ARM.attributes
                0x0000000000000143       0x34 ./Drivers/STM32L4xx_HAL_Driver/Src/stm32l4xx_hal.o
 .ARM.attributes
                0x0000000000000177       0x34 ./Drivers/STM32L4xx_HAL_Driver/Src/stm32l4xx_hal_adc.o
 .ARM.attributes
                0x00000000000001ab       0x34 ./Drivers/STM32L4xx_HAL_Driver/Src/stm32l4xx_hal_adc_ex.o
 .ARM.attributes
                0x00000000000001df       0x34 ./Drivers/STM32L4xx_HAL_Driver/Src/stm32l4xx_hal_cortex.o
 .ARM.attributes
                0x0000000000000213       0x34 ./Drivers/STM32L4xx_HAL_Driver/Src/stm32l4xx_hal_gpio.o
 .ARM.attributes
                0x0000000000000247       0x34 ./Drivers/STM32L4xx_HAL_Driver/Src/stm32l4xx_hal_pcd.o
 .ARM.attributes
                0x000000000000027b       0x34 ./Drivers/STM32L4xx_HAL_Driver/Src/stm32l4xx_hal_pcd_ex.o
 .ARM.attributes
                0x00000000000002af       0x34 ./Drivers/STM32L4xx_HAL_Driver/Src/stm32l4xx_hal_pwr_ex.o
 .ARM.attributes
                0x00000000000002e3       0x34 ./Drivers/STM32L4xx_HAL_Driver/Src/stm32l4xx_hal_rcc.o
 .ARM.attributes
                0x0000000000000317       0x34 ./Drivers/STM32L4xx_HAL_Driver/Src/stm32l4xx_hal_rcc_ex.o
 .ARM.attributes
                0x000000000000034b       0x34 ./Drivers/STM32L4xx_HAL_Driver/Src/stm32l4xx_hal_spi.o
 .ARM.attributes
                0x000000000000037f       0x34 ./Drivers/STM32L4xx_HAL_Driver/Src/stm32l4xx_hal_uart.o
 .ARM.attributes
                0x00000000000003b3       0x34 ./Drivers/STM32L4xx_HAL_Driver/Src/stm32l4xx_hal_uart_ex.o
 .ARM.attributes
                0x00000000000003e7       0x34 ./Drivers/STM32L4xx_HAL_Driver/Src/stm32l4xx_ll_usb.o
 .ARM.attributes
                0x000000000000041b       0x34 ./Middlewares/ST/STM32_USB_Device_Library/Class/CDC/Src/usbd_cdc.o
 .ARM.attributes
                0x000000000000044f       0x34 ./Middlewares/ST/STM32_USB_Device_Library/Core/Src/usbd_core.o
 .ARM.attributes
                0x0000000000000483       0x34 ./Middlewares/ST/STM32_USB_Device_Library/Core/Src/usbd_ctlreq.o
 .ARM.attributes
                0x00000000000004b7       0x34 ./Middlewares/ST/STM32_USB_Device_Library/Core/Src/usbd_ioreq.o
 .ARM.attributes
                0x00000000000004eb       0x34 ./USB_DEVICE/App/usb_device.o
 .ARM.attributes
                0x000000000000051f       0x34 ./USB_DEVICE/App/usbd_cdc_if.o
 .ARM.attributes
                0x0000000000000553       0x34 ./USB_DEVICE/App/usbd_desc.o
 .ARM.attributes
                0x0000000000000587       0x34 ./USB_DEVICE/Target/usbd_conf.o
 .ARM.attributes
                0x00000000000005bb       0x34 C:/ST/STM32CubeIDE_1.14.1/STM32CubeIDE/plugins/com.st.stm32cube.ide.mcu.externaltools.gnu-tools-for-stm32.11.3.rel1.win32_1.1.100.202309141235/tools/bin/../lib/gcc/arm-none-eabi/11.3.1/../../../../arm-none-eabi/lib/thumb/v7e-m+fp/hard\libc_nano.a(libc_a-memset.o)
 .ARM.attributes
                0x00000000000005ef       0x34 C:/ST/STM32CubeIDE_1.14.1/STM32CubeIDE/plugins/com.st.stm32cube.ide.mcu.externaltools.gnu-tools-for-stm32.11.3.rel1.win32_1.1.100.202309141235/tools/bin/../lib/gcc/arm-none-eabi/11.3.1/../../../../arm-none-eabi/lib/thumb/v7e-m+fp/hard\libc_nano.a(libc_a-strncmp.o)
 .ARM.attributes
                0x0000000000000623       0x34 C:/ST/STM32CubeIDE_1.14.1/STM32CubeIDE/plugins/com.st.stm32cube.ide.mcu.externaltools.gnu-tools-for-stm32.11.3.rel1.win32_1.1.100.202309141235/tools/bin/../lib/gcc/arm-none-eabi/11.3.1/../../../../arm-none-eabi/lib/thumb/v7e-m+fp/hard\libc_nano.a(libc_a-init.o)
 .ARM.attributes
                0x0000000000000657       0x1e C:/ST/STM32CubeIDE_1.14.1/STM32CubeIDE/plugins/com.st.stm32cube.ide.mcu.externaltools.gnu-tools-for-stm32.11.3.rel1.win32_1.1.100.202309141235/tools/bin/../lib/gcc/arm-none-eabi/11.3.1/thumb/v7e-m+fp/hard\libgcc.a(_aeabi_uldivmod.o)
 .ARM.attributes
                0x0000000000000675       0x34 C:/ST/STM32CubeIDE_1.14.1/STM32CubeIDE/plugins/com.st.stm32cube.ide.mcu.externaltools.gnu-tools-for-stm32.11.3.rel1.win32_1.1.100.202309141235/tools/bin/../lib/gcc/arm-none-eabi/11.3.1/thumb/v7e-m+fp/hard\libgcc.a(_udivmoddi4.o)
 .ARM.attributes
                0x00000000000006a9       0x1e C:/ST/STM32CubeIDE_1.14.1/STM32CubeIDE/plugins/com.st.stm32cube.ide.mcu.externaltools.gnu-tools-for-stm32.11.3.rel1.win32_1.1.100.202309141235/tools/bin/../lib/gcc/arm-none-eabi/11.3.1/thumb/v7e-m+fp/hard\libgcc.a(_dvmd_tls.o)
 .ARM.attributes
                0x00000000000006c7       0x1e C:/ST/STM32CubeIDE_1.14.1/STM32CubeIDE/plugins/com.st.stm32cube.ide.mcu.externaltools.gnu-tools-for-stm32.11.3.rel1.win32_1.1.100.202309141235/tools/bin/../lib/gcc/arm-none-eabi/11.3.1/thumb/v7e-m+fp/hard/crtn.o
OUTPUT(PQ9_raadioside_moodul_V1.1.elf elf32-littlearm)
LOAD linker stubs
LOAD C:/ST/STM32CubeIDE_1.14.1/STM32CubeIDE/plugins/com.st.stm32cube.ide.mcu.externaltools.gnu-tools-for-stm32.11.3.rel1.win32_1.1.100.202309141235/tools/bin/../lib/gcc/arm-none-eabi/11.3.1/../../../../arm-none-eabi/lib/thumb/v7e-m+fp/hard\libc.a
LOAD C:/ST/STM32CubeIDE_1.14.1/STM32CubeIDE/plugins/com.st.stm32cube.ide.mcu.externaltools.gnu-tools-for-stm32.11.3.rel1.win32_1.1.100.202309141235/tools/bin/../lib/gcc/arm-none-eabi/11.3.1/../../../../arm-none-eabi/lib/thumb/v7e-m+fp/hard\libm.a
LOAD C:/ST/STM32CubeIDE_1.14.1/STM32CubeIDE/plugins/com.st.stm32cube.ide.mcu.externaltools.gnu-tools-for-stm32.11.3.rel1.win32_1.1.100.202309141235/tools/bin/../lib/gcc/arm-none-eabi/11.3.1/thumb/v7e-m+fp/hard\libgcc.a

.comment        0x0000000000000000       0x43
 .comment       0x0000000000000000       0x43 C:/ST/STM32CubeIDE_1.14.1/STM32CubeIDE/plugins/com.st.stm32cube.ide.mcu.externaltools.gnu-tools-for-stm32.11.3.rel1.win32_1.1.100.202309141235/tools/bin/../lib/gcc/arm-none-eabi/11.3.1/thumb/v7e-m+fp/hard/crtbegin.o
                                         0x44 (size before relaxing)
 .comment       0x0000000000000043       0x44 ./Core/Src/main.o
 .comment       0x0000000000000043       0x44 ./Core/Src/stm32l4xx_hal_msp.o
 .comment       0x0000000000000043       0x44 ./Core/Src/stm32l4xx_it.o
 .comment       0x0000000000000043       0x44 ./Core/Src/system_stm32l4xx.o
 .comment       0x0000000000000043       0x44 ./Drivers/STM32L4xx_HAL_Driver/Src/stm32l4xx_hal.o
 .comment       0x0000000000000043       0x44 ./Drivers/STM32L4xx_HAL_Driver/Src/stm32l4xx_hal_adc.o
 .comment       0x0000000000000043       0x44 ./Drivers/STM32L4xx_HAL_Driver/Src/stm32l4xx_hal_adc_ex.o
 .comment       0x0000000000000043       0x44 ./Drivers/STM32L4xx_HAL_Driver/Src/stm32l4xx_hal_cortex.o
 .comment       0x0000000000000043       0x44 ./Drivers/STM32L4xx_HAL_Driver/Src/stm32l4xx_hal_gpio.o
 .comment       0x0000000000000043       0x44 ./Drivers/STM32L4xx_HAL_Driver/Src/stm32l4xx_hal_pcd.o
 .comment       0x0000000000000043       0x44 ./Drivers/STM32L4xx_HAL_Driver/Src/stm32l4xx_hal_pcd_ex.o
 .comment       0x0000000000000043       0x44 ./Drivers/STM32L4xx_HAL_Driver/Src/stm32l4xx_hal_pwr_ex.o
 .comment       0x0000000000000043       0x44 ./Drivers/STM32L4xx_HAL_Driver/Src/stm32l4xx_hal_rcc.o
 .comment       0x0000000000000043       0x44 ./Drivers/STM32L4xx_HAL_Driver/Src/stm32l4xx_hal_rcc_ex.o
 .comment       0x0000000000000043       0x44 ./Drivers/STM32L4xx_HAL_Driver/Src/stm32l4xx_hal_spi.o
 .comment       0x0000000000000043       0x44 ./Drivers/STM32L4xx_HAL_Driver/Src/stm32l4xx_hal_uart.o
 .comment       0x0000000000000043       0x44 ./Drivers/STM32L4xx_HAL_Driver/Src/stm32l4xx_hal_uart_ex.o
 .comment       0x0000000000000043       0x44 ./Drivers/STM32L4xx_HAL_Driver/Src/stm32l4xx_ll_usb.o
 .comment       0x0000000000000043       0x44 ./Middlewares/ST/STM32_USB_Device_Library/Class/CDC/Src/usbd_cdc.o
 .comment       0x0000000000000043       0x44 ./Middlewares/ST/STM32_USB_Device_Library/Core/Src/usbd_core.o
 .comment       0x0000000000000043       0x44 ./Middlewares/ST/STM32_USB_Device_Library/Core/Src/usbd_ctlreq.o
 .comment       0x0000000000000043       0x44 ./Middlewares/ST/STM32_USB_Device_Library/Core/Src/usbd_ioreq.o
 .comment       0x0000000000000043       0x44 ./USB_DEVICE/App/usb_device.o
 .comment       0x0000000000000043       0x44 ./USB_DEVICE/App/usbd_cdc_if.o
 .comment       0x0000000000000043       0x44 ./USB_DEVICE/App/usbd_desc.o
 .comment       0x0000000000000043       0x44 ./USB_DEVICE/Target/usbd_conf.o

.debug_info     0x0000000000000000    0x1afba
 .debug_info    0x0000000000000000     0x1abb ./Core/Src/main.o
 .debug_info    0x0000000000001abb     0x1391 ./Core/Src/stm32l4xx_hal_msp.o
 .debug_info    0x0000000000002e4c      0x63f ./Core/Src/stm32l4xx_it.o
 .debug_info    0x000000000000348b      0x5bf ./Core/Src/system_stm32l4xx.o
 .debug_info    0x0000000000003a4a       0x23 ./Core/Startup/startup_stm32l412k8ux.o
 .debug_info    0x0000000000003a6d      0x984 ./Drivers/STM32L4xx_HAL_Driver/Src/stm32l4xx_hal.o
 .debug_info    0x00000000000043f1     0x1df2 ./Drivers/STM32L4xx_HAL_Driver/Src/stm32l4xx_hal_adc.o
 .debug_info    0x00000000000061e3     0x1b5a ./Drivers/STM32L4xx_HAL_Driver/Src/stm32l4xx_hal_adc_ex.o
 .debug_info    0x0000000000007d3d      0xcb6 ./Drivers/STM32L4xx_HAL_Driver/Src/stm32l4xx_hal_cortex.o
 .debug_info    0x00000000000089f3      0x757 ./Drivers/STM32L4xx_HAL_Driver/Src/stm32l4xx_hal_gpio.o
 .debug_info    0x000000000000914a     0x16a0 ./Drivers/STM32L4xx_HAL_Driver/Src/stm32l4xx_hal_pcd.o
 .debug_info    0x000000000000a7ea      0x828 ./Drivers/STM32L4xx_HAL_Driver/Src/stm32l4xx_hal_pcd_ex.o
 .debug_info    0x000000000000b012      0x968 ./Drivers/STM32L4xx_HAL_Driver/Src/stm32l4xx_hal_pwr_ex.o
 .debug_info    0x000000000000b97a      0xbe0 ./Drivers/STM32L4xx_HAL_Driver/Src/stm32l4xx_hal_rcc.o
 .debug_info    0x000000000000c55a      0xce4 ./Drivers/STM32L4xx_HAL_Driver/Src/stm32l4xx_hal_rcc_ex.o
 .debug_info    0x000000000000d23e     0x161a ./Drivers/STM32L4xx_HAL_Driver/Src/stm32l4xx_hal_spi.o
 .debug_info    0x000000000000e858     0x3b77 ./Drivers/STM32L4xx_HAL_Driver/Src/stm32l4xx_hal_uart.o
 .debug_info    0x00000000000123cf      0xdff ./Drivers/STM32L4xx_HAL_Driver/Src/stm32l4xx_hal_uart_ex.o
 .debug_info    0x00000000000131ce     0x17d2 ./Drivers/STM32L4xx_HAL_Driver/Src/stm32l4xx_ll_usb.o
 .debug_info    0x00000000000149a0     0x12db ./Middlewares/ST/STM32_USB_Device_Library/Class/CDC/Src/usbd_cdc.o
 .debug_info    0x0000000000015c7b      0xe12 ./Middlewares/ST/STM32_USB_Device_Library/Core/Src/usbd_core.o
 .debug_info    0x0000000000016a8d      0xaeb ./Middlewares/ST/STM32_USB_Device_Library/Core/Src/usbd_ctlreq.o
 .debug_info    0x0000000000017578      0x762 ./Middlewares/ST/STM32_USB_Device_Library/Core/Src/usbd_ioreq.o
 .debug_info    0x0000000000017cda      0x70e ./USB_DEVICE/App/usb_device.o
 .debug_info    0x00000000000183e8      0x947 ./USB_DEVICE/App/usbd_cdc_if.o
 .debug_info    0x0000000000018d2f      0x4ba ./USB_DEVICE/App/usbd_desc.o
 .debug_info    0x00000000000191e9     0x1dd1 ./USB_DEVICE/Target/usbd_conf.o

.debug_abbrev   0x0000000000000000     0x3d71
 .debug_abbrev  0x0000000000000000      0x309 ./Core/Src/main.o
 .debug_abbrev  0x0000000000000309      0x1fd ./Core/Src/stm32l4xx_hal_msp.o
 .debug_abbrev  0x0000000000000506      0x192 ./Core/Src/stm32l4xx_it.o
 .debug_abbrev  0x0000000000000698      0x11a ./Core/Src/system_stm32l4xx.o
 .debug_abbrev  0x00000000000007b2       0x12 ./Core/Startup/startup_stm32l412k8ux.o
 .debug_abbrev  0x00000000000007c4      0x256 ./Drivers/STM32L4xx_HAL_Driver/Src/stm32l4xx_hal.o
 .debug_abbrev  0x0000000000000a1a      0x2e0 ./Drivers/STM32L4xx_HAL_Driver/Src/stm32l4xx_hal_adc.o
 .debug_abbrev  0x0000000000000cfa      0x2f1 ./Drivers/STM32L4xx_HAL_Driver/Src/stm32l4xx_hal_adc_ex.o
 .debug_abbrev  0x0000000000000feb      0x327 ./Drivers/STM32L4xx_HAL_Driver/Src/stm32l4xx_hal_cortex.o
 .debug_abbrev  0x0000000000001312      0x1cb ./Drivers/STM32L4xx_HAL_Driver/Src/stm32l4xx_hal_gpio.o
 .debug_abbrev  0x00000000000014dd      0x2ca ./Drivers/STM32L4xx_HAL_Driver/Src/stm32l4xx_hal_pcd.o
 .debug_abbrev  0x00000000000017a7      0x1e8 ./Drivers/STM32L4xx_HAL_Driver/Src/stm32l4xx_hal_pcd_ex.o
 .debug_abbrev  0x000000000000198f      0x1f9 ./Drivers/STM32L4xx_HAL_Driver/Src/stm32l4xx_hal_pwr_ex.o
 .debug_abbrev  0x0000000000001b88      0x2d6 ./Drivers/STM32L4xx_HAL_Driver/Src/stm32l4xx_hal_rcc.o
 .debug_abbrev  0x0000000000001e5e      0x26d ./Drivers/STM32L4xx_HAL_Driver/Src/stm32l4xx_hal_rcc_ex.o
 .debug_abbrev  0x00000000000020cb      0x26a ./Drivers/STM32L4xx_HAL_Driver/Src/stm32l4xx_hal_spi.o
 .debug_abbrev  0x0000000000002335      0x2d0 ./Drivers/STM32L4xx_HAL_Driver/Src/stm32l4xx_hal_uart.o
 .debug_abbrev  0x0000000000002605      0x2be ./Drivers/STM32L4xx_HAL_Driver/Src/stm32l4xx_hal_uart_ex.o
 .debug_abbrev  0x00000000000028c3      0x1de ./Drivers/STM32L4xx_HAL_Driver/Src/stm32l4xx_ll_usb.o
 .debug_abbrev  0x0000000000002aa1      0x2c3 ./Middlewares/ST/STM32_USB_Device_Library/Class/CDC/Src/usbd_cdc.o
 .debug_abbrev  0x0000000000002d64      0x27c ./Middlewares/ST/STM32_USB_Device_Library/Core/Src/usbd_core.o
 .debug_abbrev  0x0000000000002fe0      0x26f ./Middlewares/ST/STM32_USB_Device_Library/Core/Src/usbd_ctlreq.o
 .debug_abbrev  0x000000000000324f      0x19a ./Middlewares/ST/STM32_USB_Device_Library/Core/Src/usbd_ioreq.o
 .debug_abbrev  0x00000000000033e9      0x195 ./USB_DEVICE/App/usb_device.o
 .debug_abbrev  0x000000000000357e      0x2cc ./USB_DEVICE/App/usbd_cdc_if.o
 .debug_abbrev  0x000000000000384a      0x1e3 ./USB_DEVICE/App/usbd_desc.o
 .debug_abbrev  0x0000000000003a2d      0x344 ./USB_DEVICE/Target/usbd_conf.o

.debug_aranges  0x0000000000000000     0x15c0
 .debug_aranges
                0x0000000000000000       0x88 ./Core/Src/main.o
 .debug_aranges
                0x0000000000000088       0x50 ./Core/Src/stm32l4xx_hal_msp.o
 .debug_aranges
                0x00000000000000d8       0x68 ./Core/Src/stm32l4xx_it.o
 .debug_aranges
                0x0000000000000140       0x28 ./Core/Src/system_stm32l4xx.o
 .debug_aranges
                0x0000000000000168       0x28 ./Core/Startup/startup_stm32l412k8ux.o
 .debug_aranges
                0x0000000000000190      0x108 ./Drivers/STM32L4xx_HAL_Driver/Src/stm32l4xx_hal.o
 .debug_aranges
                0x0000000000000298      0x228 ./Drivers/STM32L4xx_HAL_Driver/Src/stm32l4xx_hal_adc.o
 .debug_aranges
                0x00000000000004c0      0x1b0 ./Drivers/STM32L4xx_HAL_Driver/Src/stm32l4xx_hal_adc_ex.o
 .debug_aranges
                0x0000000000000670      0x118 ./Drivers/STM32L4xx_HAL_Driver/Src/stm32l4xx_hal_cortex.o
 .debug_aranges
                0x0000000000000788       0x58 ./Drivers/STM32L4xx_HAL_Driver/Src/stm32l4xx_hal_gpio.o
 .debug_aranges
                0x00000000000007e0      0x138 ./Drivers/STM32L4xx_HAL_Driver/Src/stm32l4xx_hal_pcd.o
 .debug_aranges
                0x0000000000000918       0x58 ./Drivers/STM32L4xx_HAL_Driver/Src/stm32l4xx_hal_pcd_ex.o
 .debug_aranges
                0x0000000000000970      0x148 ./Drivers/STM32L4xx_HAL_Driver/Src/stm32l4xx_hal_pwr_ex.o
 .debug_aranges
                0x0000000000000ab8       0x90 ./Drivers/STM32L4xx_HAL_Driver/Src/stm32l4xx_hal_rcc.o
 .debug_aranges
                0x0000000000000b48       0xd0 ./Drivers/STM32L4xx_HAL_Driver/Src/stm32l4xx_hal_rcc_ex.o
 .debug_aranges
                0x0000000000000c18      0x1d8 ./Drivers/STM32L4xx_HAL_Driver/Src/stm32l4xx_hal_spi.o
 .debug_aranges
                0x0000000000000df0      0x228 ./Drivers/STM32L4xx_HAL_Driver/Src/stm32l4xx_hal_uart.o
 .debug_aranges
                0x0000000000001018       0x80 ./Drivers/STM32L4xx_HAL_Driver/Src/stm32l4xx_hal_uart_ex.o
 .debug_aranges
                0x0000000000001098       0xf8 ./Drivers/STM32L4xx_HAL_Driver/Src/stm32l4xx_ll_usb.o
 .debug_aranges
                0x0000000000001190       0x90 ./Middlewares/ST/STM32_USB_Device_Library/Class/CDC/Src/usbd_cdc.o
 .debug_aranges
                0x0000000000001220       0xd8 ./Middlewares/ST/STM32_USB_Device_Library/Core/Src/usbd_core.o
 .debug_aranges
                0x00000000000012f8       0x90 ./Middlewares/ST/STM32_USB_Device_Library/Core/Src/usbd_ctlreq.o
 .debug_aranges
                0x0000000000001388       0x50 ./Middlewares/ST/STM32_USB_Device_Library/Core/Src/usbd_ioreq.o
 .debug_aranges
                0x00000000000013d8       0x20 ./USB_DEVICE/App/usb_device.o
 .debug_aranges
                0x00000000000013f8       0x48 ./USB_DEVICE/App/usbd_cdc_if.o
 .debug_aranges
                0x0000000000001440       0x68 ./USB_DEVICE/App/usbd_desc.o
 .debug_aranges
                0x00000000000014a8      0x118 ./USB_DEVICE/Target/usbd_conf.o

.debug_rnglists
                0x0000000000000000     0x108f
 .debug_rnglists
                0x0000000000000000       0x67 ./Core/Src/main.o
 .debug_rnglists
                0x0000000000000067       0x39 ./Core/Src/stm32l4xx_hal_msp.o
 .debug_rnglists
                0x00000000000000a0       0x49 ./Core/Src/stm32l4xx_it.o
 .debug_rnglists
                0x00000000000000e9       0x1a ./Core/Src/system_stm32l4xx.o
 .debug_rnglists
                0x0000000000000103       0x19 ./Core/Startup/startup_stm32l412k8ux.o
 .debug_rnglists
                0x000000000000011c       0xc1 ./Drivers/STM32L4xx_HAL_Driver/Src/stm32l4xx_hal.o
 .debug_rnglists
                0x00000000000001dd      0x1a8 ./Drivers/STM32L4xx_HAL_Driver/Src/stm32l4xx_hal_adc.o
 .debug_rnglists
                0x0000000000000385      0x14e ./Drivers/STM32L4xx_HAL_Driver/Src/stm32l4xx_hal_adc_ex.o
 .debug_rnglists
                0x00000000000004d3       0xce ./Drivers/STM32L4xx_HAL_Driver/Src/stm32l4xx_hal_cortex.o
 .debug_rnglists
                0x00000000000005a1       0x3f ./Drivers/STM32L4xx_HAL_Driver/Src/stm32l4xx_hal_gpio.o
 .debug_rnglists
                0x00000000000005e0       0xee ./Drivers/STM32L4xx_HAL_Driver/Src/stm32l4xx_hal_pcd.o
 .debug_rnglists
                0x00000000000006ce       0x3f ./Drivers/STM32L4xx_HAL_Driver/Src/stm32l4xx_hal_pcd_ex.o
 .debug_rnglists
                0x000000000000070d       0xf7 ./Drivers/STM32L4xx_HAL_Driver/Src/stm32l4xx_hal_pwr_ex.o
 .debug_rnglists
                0x0000000000000804       0x6d ./Drivers/STM32L4xx_HAL_Driver/Src/stm32l4xx_hal_rcc.o
 .debug_rnglists
                0x0000000000000871       0x9f ./Drivers/STM32L4xx_HAL_Driver/Src/stm32l4xx_hal_rcc_ex.o
 .debug_rnglists
                0x0000000000000910      0x178 ./Drivers/STM32L4xx_HAL_Driver/Src/stm32l4xx_hal_spi.o
 .debug_rnglists
                0x0000000000000a88      0x1db ./Drivers/STM32L4xx_HAL_Driver/Src/stm32l4xx_hal_uart.o
 .debug_rnglists
                0x0000000000000c63       0x60 ./Drivers/STM32L4xx_HAL_Driver/Src/stm32l4xx_hal_uart_ex.o
 .debug_rnglists
                0x0000000000000cc3       0xbd ./Drivers/STM32L4xx_HAL_Driver/Src/stm32l4xx_ll_usb.o
 .debug_rnglists
                0x0000000000000d80       0x6c ./Middlewares/ST/STM32_USB_Device_Library/Class/CDC/Src/usbd_cdc.o
 .debug_rnglists
                0x0000000000000dec       0xa1 ./Middlewares/ST/STM32_USB_Device_Library/Core/Src/usbd_core.o
 .debug_rnglists
                0x0000000000000e8d       0x6e ./Middlewares/ST/STM32_USB_Device_Library/Core/Src/usbd_ctlreq.o
 .debug_rnglists
                0x0000000000000efb       0x37 ./Middlewares/ST/STM32_USB_Device_Library/Core/Src/usbd_ioreq.o
 .debug_rnglists
                0x0000000000000f32       0x13 ./USB_DEVICE/App/usb_device.o
 .debug_rnglists
                0x0000000000000f45       0x32 ./USB_DEVICE/App/usbd_cdc_if.o
 .debug_rnglists
                0x0000000000000f77       0x49 ./USB_DEVICE/App/usbd_desc.o
 .debug_rnglists
                0x0000000000000fc0       0xcf ./USB_DEVICE/Target/usbd_conf.o

.debug_macro    0x0000000000000000    0x1e8b1
 .debug_macro   0x0000000000000000      0x472 ./Core/Src/main.o
 .debug_macro   0x0000000000000472      0xaa8 ./Core/Src/main.o
 .debug_macro   0x0000000000000f1a      0x1b3 ./Core/Src/main.o
 .debug_macro   0x00000000000010cd       0x2e ./Core/Src/main.o
 .debug_macro   0x00000000000010fb       0x28 ./Core/Src/main.o
 .debug_macro   0x0000000000001123       0x22 ./Core/Src/main.o
 .debug_macro   0x0000000000001145       0x8e ./Core/Src/main.o
 .debug_macro   0x00000000000011d3       0x51 ./Core/Src/main.o
 .debug_macro   0x0000000000001224      0x103 ./Core/Src/main.o
 .debug_macro   0x0000000000001327       0x6a ./Core/Src/main.o
 .debug_macro   0x0000000000001391      0x1df ./Core/Src/main.o
 .debug_macro   0x0000000000001570       0x1c ./Core/Src/main.o
 .debug_macro   0x000000000000158c       0x22 ./Core/Src/main.o
 .debug_macro   0x00000000000015ae       0xfb ./Core/Src/main.o
 .debug_macro   0x00000000000016a9     0x1011 ./Core/Src/main.o
 .debug_macro   0x00000000000026ba      0x11f ./Core/Src/main.o
 .debug_macro   0x00000000000027d9     0xe4b1 ./Core/Src/main.o
 .debug_macro   0x0000000000010c8a       0x6d ./Core/Src/main.o
 .debug_macro   0x0000000000010cf7     0x38df ./Core/Src/main.o
 .debug_macro   0x00000000000145d6      0x174 ./Core/Src/main.o
 .debug_macro   0x000000000001474a       0x5c ./Core/Src/main.o
 .debug_macro   0x00000000000147a6     0x105e ./Core/Src/main.o
 .debug_macro   0x0000000000015804      0x49b ./Core/Src/main.o
 .debug_macro   0x0000000000015c9f      0x1b9 ./Core/Src/main.o
 .debug_macro   0x0000000000015e58       0xd7 ./Core/Src/main.o
 .debug_macro   0x0000000000015f2f      0x26b ./Core/Src/main.o
 .debug_macro   0x000000000001619a      0x23d ./Core/Src/main.o
 .debug_macro   0x00000000000163d7      0xf67 ./Core/Src/main.o
 .debug_macro   0x000000000001733e      0x62b ./Core/Src/main.o
 .debug_macro   0x0000000000017969      0x30c ./Core/Src/main.o
 .debug_macro   0x0000000000017c75      0x21c ./Core/Src/main.o
 .debug_macro   0x0000000000017e91      0x375 ./Core/Src/main.o
 .debug_macro   0x0000000000018206       0xd6 ./Core/Src/main.o
 .debug_macro   0x00000000000182dc       0xab ./Core/Src/main.o
 .debug_macro   0x0000000000018387      0x22d ./Core/Src/main.o
 .debug_macro   0x00000000000185b4      0x122 ./Core/Src/main.o
 .debug_macro   0x00000000000186d6      0x364 ./Core/Src/main.o
 .debug_macro   0x0000000000018a3a      0x2fe ./Core/Src/main.o
 .debug_macro   0x0000000000018d38      0x5cf ./Core/Src/main.o
 .debug_macro   0x0000000000019307       0x44 ./Core/Src/main.o
 .debug_macro   0x000000000001934b      0x220 ./Core/Src/main.o
 .debug_macro   0x000000000001956b       0x64 ./Core/Src/main.o
 .debug_macro   0x00000000000195cf       0x61 ./Core/Src/main.o
 .debug_macro   0x0000000000019630       0x2a ./Core/Src/main.o
 .debug_macro   0x000000000001965a       0x43 ./Core/Src/main.o
 .debug_macro   0x000000000001969d       0x34 ./Core/Src/main.o
 .debug_macro   0x00000000000196d1       0x16 ./Core/Src/main.o
 .debug_macro   0x00000000000196e7       0x35 ./Core/Src/main.o
 .debug_macro   0x000000000001971c      0x369 ./Core/Src/main.o
 .debug_macro   0x0000000000019a85       0x10 ./Core/Src/main.o
 .debug_macro   0x0000000000019a95       0x16 ./Core/Src/main.o
 .debug_macro   0x0000000000019aab       0x43 ./Core/Src/main.o
 .debug_macro   0x0000000000019aee       0x34 ./Core/Src/main.o
 .debug_macro   0x0000000000019b22       0x10 ./Core/Src/main.o
 .debug_macro   0x0000000000019b32       0x58 ./Core/Src/main.o
 .debug_macro   0x0000000000019b8a       0x8e ./Core/Src/main.o
 .debug_macro   0x0000000000019c18       0x1c ./Core/Src/main.o
 .debug_macro   0x0000000000019c34      0x177 ./Core/Src/main.o
 .debug_macro   0x0000000000019dab       0x16 ./Core/Src/main.o
 .debug_macro   0x0000000000019dc1       0x16 ./Core/Src/main.o
 .debug_macro   0x0000000000019dd7      0x147 ./Core/Src/main.o
 .debug_macro   0x0000000000019f1e       0x16 ./Core/Src/main.o
 .debug_macro   0x0000000000019f34       0x16 ./Core/Src/main.o
 .debug_macro   0x0000000000019f4a       0x29 ./Core/Src/main.o
 .debug_macro   0x0000000000019f73       0x16 ./Core/Src/main.o
 .debug_macro   0x0000000000019f89       0x20 ./Core/Src/main.o
 .debug_macro   0x0000000000019fa9       0x5f ./Core/Src/main.o
 .debug_macro   0x000000000001a008      0x20f ./Core/Src/main.o
 .debug_macro   0x000000000001a217       0x95 ./Core/Src/main.o
 .debug_macro   0x000000000001a2ac       0x10 ./Core/Src/main.o
 .debug_macro   0x000000000001a2bc      0x216 ./Core/Src/stm32l4xx_hal_msp.o
 .debug_macro   0x000000000001a4d2      0x220 ./Core/Src/stm32l4xx_it.o
 .debug_macro   0x000000000001a6f2      0x207 ./Core/Src/system_stm32l4xx.o
 .debug_macro   0x000000000001a8f9      0x24f ./Drivers/STM32L4xx_HAL_Driver/Src/stm32l4xx_hal.o
 .debug_macro   0x000000000001ab48      0x224 ./Drivers/STM32L4xx_HAL_Driver/Src/stm32l4xx_hal_adc.o
 .debug_macro   0x000000000001ad6c      0x213 ./Drivers/STM32L4xx_HAL_Driver/Src/stm32l4xx_hal_adc_ex.o
 .debug_macro   0x000000000001af7f      0x207 ./Drivers/STM32L4xx_HAL_Driver/Src/stm32l4xx_hal_cortex.o
 .debug_macro   0x000000000001b186      0x20e ./Drivers/STM32L4xx_HAL_Driver/Src/stm32l4xx_hal_gpio.o
 .debug_macro   0x000000000001b394      0x213 ./Drivers/STM32L4xx_HAL_Driver/Src/stm32l4xx_hal_pcd.o
 .debug_macro   0x000000000001b5a7      0x207 ./Drivers/STM32L4xx_HAL_Driver/Src/stm32l4xx_hal_pcd_ex.o
 .debug_macro   0x000000000001b7ae      0x22b ./Drivers/STM32L4xx_HAL_Driver/Src/stm32l4xx_hal_pwr_ex.o
 .debug_macro   0x000000000001b9d9      0x249 ./Drivers/STM32L4xx_HAL_Driver/Src/stm32l4xx_hal_rcc.o
 .debug_macro   0x000000000001bc22      0x23d ./Drivers/STM32L4xx_HAL_Driver/Src/stm32l4xx_hal_rcc_ex.o
 .debug_macro   0x000000000001be5f      0x20f ./Drivers/STM32L4xx_HAL_Driver/Src/stm32l4xx_hal_spi.o
 .debug_macro   0x000000000001c06e      0x232 ./Drivers/STM32L4xx_HAL_Driver/Src/stm32l4xx_hal_uart.o
 .debug_macro   0x000000000001c2a0      0x207 ./Drivers/STM32L4xx_HAL_Driver/Src/stm32l4xx_hal_uart_ex.o
 .debug_macro   0x000000000001c4a7      0x207 ./Drivers/STM32L4xx_HAL_Driver/Src/stm32l4xx_ll_usb.o
 .debug_macro   0x000000000001c6ae      0x3a5 ./Middlewares/ST/STM32_USB_Device_Library/Class/CDC/Src/usbd_cdc.o
 .debug_macro   0x000000000001ca53       0x97 ./Middlewares/ST/STM32_USB_Device_Library/Class/CDC/Src/usbd_cdc.o
 .debug_macro   0x000000000001caea       0xfd ./Middlewares/ST/STM32_USB_Device_Library/Class/CDC/Src/usbd_cdc.o
 .debug_macro   0x000000000001cbe7       0x56 ./Middlewares/ST/STM32_USB_Device_Library/Class/CDC/Src/usbd_cdc.o
 .debug_macro   0x000000000001cc3d      0x38c ./Middlewares/ST/STM32_USB_Device_Library/Core/Src/usbd_core.o
 .debug_macro   0x000000000001cfc9      0x215 ./Middlewares/ST/STM32_USB_Device_Library/Core/Src/usbd_core.o
 .debug_macro   0x000000000001d1de      0x396 ./Middlewares/ST/STM32_USB_Device_Library/Core/Src/usbd_ctlreq.o
 .debug_macro   0x000000000001d574      0x392 ./Middlewares/ST/STM32_USB_Device_Library/Core/Src/usbd_ioreq.o
 .debug_macro   0x000000000001d906      0x3c5 ./USB_DEVICE/App/usb_device.o
 .debug_macro   0x000000000001dccb       0x6a ./USB_DEVICE/App/usb_device.o
 .debug_macro   0x000000000001dd35       0x22 ./USB_DEVICE/App/usb_device.o
 .debug_macro   0x000000000001dd57       0x16 ./USB_DEVICE/App/usb_device.o
 .debug_macro   0x000000000001dd6d      0x3b0 ./USB_DEVICE/App/usbd_cdc_if.o
 .debug_macro   0x000000000001e11d      0x3cf ./USB_DEVICE/App/usbd_desc.o
 .debug_macro   0x000000000001e4ec       0x1c ./USB_DEVICE/App/usbd_desc.o
 .debug_macro   0x000000000001e508      0x3a9 ./USB_DEVICE/Target/usbd_conf.o

.debug_line     0x0000000000000000    0x1b252
 .debug_line    0x0000000000000000      0xe8d ./Core/Src/main.o
 .debug_line    0x0000000000000e8d      0x8e5 ./Core/Src/stm32l4xx_hal_msp.o
 .debug_line    0x0000000000001772      0x8b8 ./Core/Src/stm32l4xx_it.o
 .debug_line    0x000000000000202a      0x875 ./Core/Src/system_stm32l4xx.o
 .debug_line    0x000000000000289f       0x7a ./Core/Startup/startup_stm32l412k8ux.o
 .debug_line    0x0000000000002919      0xb3a ./Drivers/STM32L4xx_HAL_Driver/Src/stm32l4xx_hal.o
 .debug_line    0x0000000000003453     0x1fe0 ./Drivers/STM32L4xx_HAL_Driver/Src/stm32l4xx_hal_adc.o
 .debug_line    0x0000000000005433     0x1a0f ./Drivers/STM32L4xx_HAL_Driver/Src/stm32l4xx_hal_adc_ex.o
 .debug_line    0x0000000000006e42      0xd74 ./Drivers/STM32L4xx_HAL_Driver/Src/stm32l4xx_hal_cortex.o
 .debug_line    0x0000000000007bb6      0xbd8 ./Drivers/STM32L4xx_HAL_Driver/Src/stm32l4xx_hal_gpio.o
 .debug_line    0x000000000000878e     0x145d ./Drivers/STM32L4xx_HAL_Driver/Src/stm32l4xx_hal_pcd.o
 .debug_line    0x0000000000009beb      0x946 ./Drivers/STM32L4xx_HAL_Driver/Src/stm32l4xx_hal_pcd_ex.o
 .debug_line    0x000000000000a531      0xd36 ./Drivers/STM32L4xx_HAL_Driver/Src/stm32l4xx_hal_pwr_ex.o
 .debug_line    0x000000000000b267     0x10cf ./Drivers/STM32L4xx_HAL_Driver/Src/stm32l4xx_hal_rcc.o
 .debug_line    0x000000000000c336     0x10af ./Drivers/STM32L4xx_HAL_Driver/Src/stm32l4xx_hal_rcc_ex.o
 .debug_line    0x000000000000d3e5     0x203a ./Drivers/STM32L4xx_HAL_Driver/Src/stm32l4xx_hal_spi.o
 .debug_line    0x000000000000f41f     0x3265 ./Drivers/STM32L4xx_HAL_Driver/Src/stm32l4xx_hal_uart.o