../Drivers/CMSIS/Include/core_cm4.h:1933:34:__NVIC_SystemReset	4	static,ignoring_inline_asm
../Core/Src/main.c:117:6:CDC_FS_RxDataReady_Callback	16	static
../Core/Src/main.c:123:6:USB_Rx_Parser	8	static
../Core/Src/main.c:196:9:Si4468_CmdTransmitReceive	40	static
../Core/Src/main.c:204:9:Si4468_CmdTransmit	24	static
../Core/Src/main.c:212:9:Si4468_CmdReceive	24	static
../Core/Src/main.c:220:9:Si4468_CmdReadCmdReplyWhenReady	32	static
../Core/Src/main.c:241:5:main	400	static
../Core/Src/main.c:349:6:SystemClock_Config	96	static
../Core/Src/main.c:401:13:MX_ADC1_Init	48	static
../Core/Src/main.c:468:13:MX_LPUART1_UART_Init	8	static
../Core/Src/main.c:502:13:MX_SPI1_Init	8	static
../Core/Src/main.c:542:13:MX_GPIO_Init	40	static
../Core/Src/main.c:614:6:Error_Handler	4	static,ignoring_inline_asm
